GNU Octave, version 7.1.0
Copyright (C) 1993-2022 The Octave Project Developers.
This is free software; see the source code for copying conditions.
There is ABSOLUTELY NO WARRANTY; not even for MERCHANTABILITY or
FITNESS FOR A PARTICULAR PURPOSE.  For details, type 'warranty'.

Octave was configured for "x86_64-w64-mingw32".

Additional information about Octave is available at https://www.octave.org.

Please contribute if you find this software useful.
For more information, visit https://www.octave.org/get-involved.html

Read https://www.octave.org/bugs.html to learn how to submit bug reports.
For information about changes from previous versions, type 'news'.

octave:1> 5+6
ans = 11
octave:2> 3-2
ans = 1
octave:3> 5*8
ans = 40
octave:4> 1/2
ans = 0.5000
octave:5> 2^6
ans = 64
octave:6>
octave:6>
octave:6> 1==2
ans = 0
octave:7> %comment
octave:7> 1 ~= 2
ans = 1
octave:8> % ~ is not equal sign
octave:8>
octave:8> 1 && 0
ans = 0
octave:9> 1 || 0
ans = 1
octave:10> xor(1, 0)
ans = 1
octave:11> a = 3
a = 3
octave:12> a = 3;
octave:13> % semicolon suppresses output
octave:13> a = 'hi
error: parse error:

  syntax error

>>> a = 'hi
          ^
octave:13> a = 'hi'
a = hi
octave:14> c = (3>1)
c = 1
octave:15>
octave:15>
octave:15> a = pi
a = 3.1416
octave:16> a
a = 3.1416
octave:17> disp(a);
3.1416
octave:18> disp(a)
3.1416
octave:19> disp(sprintf('2 decimals: %0.2f', a))
2 decimals: 3.14
octave:20> sprintf('6 decimals: %0.6f', a)
ans = 6 decimals: 3.141593
octave:21>
octave:21> format long
octave:22> a
a = 3.141592653589793
octave:23> format short
octave:24> a
a = 3.1416
octave:25>
octave:25> A = [1 2; 3 4; 5 6]
A =

   1   2
   3   4
   5   6

octave:26> v = [1 2 3]
v =

   1   2   3

octave:27> v = [1;2;3]
v =

   1
   2
   3

octave:28>
octave:28> v = 1:0.1:2
v =

 Columns 1 through 8:

    1.0000    1.1000    1.2000    1.3000    1.4000    1.5000    1.6000    1.7000

 Columns 9 through 11:

    1.8000    1.9000    2.0000

octave:29>
octave:29> v = 1:6
v =

   1   2   3   4   5   6

octave:30>
octave:30>
octave:30> ones(2, 3)
ans =

   1   1   1
   1   1   1

octave:31> C = 2*ones(2, 3)
C =

   2   2   2
   2   2   2

octave:32> C = [2 2 2; 2 2 2]
C =

   2   2   2
   2   2   2

octave:33> w = ones(1, 3)
w =

   1   1   1

octave:34> w = zeros(1, 3)
w =

   0   0   0

octave:35> w = rand(1, 3)
w =

   0.7372   0.1869   0.4223

octave:36> rand(3, 3)
ans =

   0.3195   0.4426   0.3543
   0.4852   0.6176   0.4314
   0.8369   0.2669   0.2927

octave:37> rand(3, 3)
ans =

   0.419087   0.381567   0.145738
   0.907589   0.716091   0.724741
   0.094497   0.104094   0.829213

octave:38> w = randn(1, 3)
w =

  -0.6007  -1.3107  -0.5014

octave:39> w = randn(1, 3)
w =

  -0.2337   0.4252  -1.5147

octave:40> w = -6 + sqrt(10)*(randn(1, 10000))
w =

 Columns 1 through 6:

  -9.3468e+00  -9.3289e+00  -7.5676e+00  -2.9677e+00  -6.3003e+00  -6.4776e+00

 Columns 7 through 12:

  -7.7331e+00  -3.7688e+00  -4.8179e+00  -4.1754e+00  -8.3269e+00  -1.1701e+01

 Columns 13 through 18:

  -5.4066e+00  -1.0005e+01  -5.8876e+00  -3.9980e+00  -6.1781e+00  -2.9048e+00

 Columns 19 through 24:

   3.3467e+00  -5.6418e+00  -7.9105e+00  -4.6908e+00  -6.8609e+00  -6.5656e+00

 Columns 25 through 30:

  -4.2048e+00  -7.7710e+00  -4.0601e+00   2.9636e-02  -4.1135e+00  -6.6876e+00

 Columns 31 through 36:

  -6.0437e+00  -8.4808e+00  -5.2350e+00  -1.0845e+01  -8.0560e-01  -1.8674e+00

 Columns 37 through 42:

  -2.0578e-01  -6.7318e+00  -7.7830e+00  -3.5681e+00  -4.6622e+00  -8.6993e+00

 Columns 43 through 48:

  -9.2316e-01  -1.6150e+01  -7.1265e+00  -5.7893e+00  -6.7042e+00  -3.5877e+00

 Columns 49 through 54:

  -5.2472e+00  -7.0556e+00  -7.9360e+00  -4.9714e+00  -8.2442e+00  -6.8320e+00

 Columns 55 through 60:

  -6.9215e+00  -3.6827e+00  -9.3814e+00  -3.6241e+00  -6.5987e+00  -5.5937e+00

 Columns 61 through 66:

  -2.7605e+00  -7.3860e+00  -9.2018e+00  -7.4341e+00  -7.0016e+00  -1.1355e+01

 Columns 67 through 72:

  -1.2521e+01  -9.2247e+00  -1.2825e+01  -3.8832e+00  -5.5590e+00  -7.4163e+00

 Columns 73 through 78:

  -5.1883e+00  -6.8259e+00  -1.0512e+01  -7.5071e+00  -5.3769e+00  -9.0341e-01

 Columns 79 through 84:

  -7.7695e+00  -5.1020e+00   1.0641e+00  -9.5699e+00  -2.8424e+00  -8.2626e+00

 Columns 85 through 90:

  -5.3667e+00  -7.1293e+00   4.8703e-01  -7.7698e+00  -1.0280e+01  -2.4128e+00

 Columns 91 through 96:

  -8.1969e+00  -7.1379e+00  -4.7831e+00  -1.9150e+00  -4.8645e-01  -8.6290e+00

 Columns 97 through 102:

  -6.4483e+00  -9.2169e+00  -7.9846e+00  -1.5782e+00  -4.1157e+00  -1.2880e+01

 Columns 103 through 108:

  -7.9910e+00  -8.0357e+00  -4.1237e+00  -9.4227e+00  -4.2161e+00   1.3869e+00

 Columns 109 through 114:

  -4.1371e+00  -4.1063e+00  -8.5742e+00  -8.0990e+00  -1.7229e+00  -7.3873e+00

 Columns 115 through 120:

  -6.7903e+00  -4.8041e+00   8.6267e-01  -2.8962e+00  -1.1951e+01  -5.0649e+00

 Columns 121 through 126:

  -5.0920e+00  -1.5886e+00  -8.3523e+00  -7.8777e+00  -1.3769e+01  -6.2973e+00

 Columns 127 through 132:

  -1.4224e+01  -7.6295e+00  -1.3700e+00  -2.7632e+00  -9.5357e+00  -3.0395e+00

 Columns 133 through 138:

  -7.7152e+00  -5.3995e+00  -4.0402e+00  -5.3220e+00  -7.3498e+00  -1.0573e+01

 Columns 139 through 144:

  -5.4515e+00  -8.0552e+00  -1.1034e+00  -1.2997e+01   3.1094e-01  -9.8055e+00

 Columns 145 through 150:

  -5.3790e+00  -3.0293e+00  -9.7723e+00  -1.1393e+01  -5.4183e+00  -9.8260e+00

 Columns 151 through 156:

  -6.1421e+00  -3.3227e+00  -6.1821e+00  -7.7598e+00  -4.3773e+00   2.7255e+00

 Columns 157 through 162:

  -9.3607e+00  -8.4786e+00  -3.9858e+00  -5.0983e+00  -3.4533e+00  -5.8751e+00

 Columns 163 through 168:

  -7.1256e+00  -7.1750e+00  -8.9759e+00  -3.0235e+00  -2.1969e+00  -3.8005e+00

 Columns 169 through 174:

  -9.2537e+00  -4.8277e+00  -3.8731e+00  -7.7055e+00  -7.4045e+00  -6.1895e+00

 Columns 175 through 180:

  -6.5195e+00  -9.4785e+00  -7.3885e+00  -9.9003e+00  -1.1010e+00  -2.8744e+00

 Columns 181 through 186:

  -3.7242e+00  -5.7421e+00  -3.2405e+00  -8.0123e+00  -7.0713e+00  -5.2777e+00

 Columns 187 through 192:

  -5.3024e+00  -7.6520e+00  -8.5129e+00  -4.0320e+00  -8.1524e+00  -3.1207e+00

 Columns 193 through 198:

  -6.4084e+00  -4.8131e+00  -8.9793e-01  -7.5394e+00  -8.7260e+00  -6.1301e+00

 Columns 199 through 204:

  -1.0114e+01  -8.2225e+00  -8.2587e+00  -6.9330e+00   5.0239e-01  -1.0347e+01

 Columns 205 through 210:

  -7.1712e+00  -8.4654e+00  -1.1201e+01  -6.7240e+00  -7.1694e+00   1.2826e+00

 Columns 211 through 216:

  -2.9908e+00  -6.6995e+00  -2.6703e+00  -6.6677e+00  -1.4564e+00  -3.3334e-01

 Columns 217 through 222:

  -7.4726e+00  -4.2448e+00  -7.3788e+00  -9.3065e+00  -6.1561e+00  -6.3585e+00

 Columns 223 through 228:

  -8.9552e+00  -1.0321e+01  -6.5149e+00  -1.1589e+01  -6.9412e+00  -8.6388e+00

 Columns 229 through 234:

  -8.6850e+00  -3.5580e+00  -3.7208e+00  -5.7237e+00  -6.7199e+00  -6.2769e+00

 Columns 235 through 240:

  -2.8077e+00  -5.6637e+00  -6.9921e+00  -5.4888e+00  -7.9778e+00  -5.0439e+00

 Columns 241 through 246:

  -3.1145e+00  -6.5565e+00  -7.0059e+00  -1.1729e+01  -3.0894e+00  -9.2354e+00

 Columns 247 through 252:

   4.7120e-01  -7.8437e+00   4.6740e-01  -1.0720e+01  -9.3520e+00  -3.3832e+00

 Columns 253 through 258:

  -7.2354e+00  -1.4481e+00  -6.0857e+00  -7.2091e+00  -4.1136e+00  -4.1975e+00

 Columns 259 through 264:

  -1.1434e+00  -5.4462e+00  -2.0012e+00  -8.0136e+00  -7.3868e+00  -6.3966e+00

 Columns 265 through 270:

  -5.2629e+00  -4.5341e+00  -2.3705e-01  -1.2469e+01  -9.1267e+00  -4.4063e+00

 Columns 271 through 276:

  -2.3181e+00  -4.8561e+00  -4.8471e+00  -2.2776e+00  -3.2526e+00  -8.3955e+00

 Columns 277 through 282:

  -8.3923e+00  -8.0055e+00  -4.3550e+00  -7.0668e-01  -3.6170e+00  -4.1305e+00

 Columns 283 through 288:

  -8.7825e+00  -8.7791e+00  -9.7233e+00  -9.4206e+00   3.3638e-01  -6.5544e+00

 Columns 289 through 294:

  -8.1912e+00  -4.0978e+00  -8.4374e+00  -9.4970e+00  -4.5450e+00  -1.3244e+01

 Columns 295 through 300:

  -1.1327e+01  -6.4314e+00  -1.5975e+00  -7.1198e+00  -8.1232e+00  -3.4326e+00

 Columns 301 through 306:

  -1.8637e+00  -1.0157e+01  -9.6690e+00  -7.6774e+00  -6.3972e+00  -6.1763e+00

 Columns 307 through 312:

  -7.5576e+00  -3.8404e+00  -5.9423e+00  -9.7937e+00  -3.1958e+00  -6.1762e+00

 Columns 313 through 318:

   1.1842e+00  -8.6250e+00  -6.2402e+00  -1.8162e+00  -3.1327e+00  -2.6319e-01

 Columns 319 through 324:

  -8.1575e+00  -2.9251e+00   2.8603e+00  -2.3908e+00  -4.7124e+00  -3.7071e+00

 Columns 325 through 330:

  -9.4002e-01  -6.6532e+00  -1.0058e+01  -3.8602e+00  -1.0485e+01  -5.7350e+00

 Columns 331 through 336:

   1.9389e+00  -9.8388e+00  -7.3660e+00  -8.5672e+00  -3.0362e+00  -3.7916e+00

 Columns 337 through 342:

  -6.3945e+00  -2.1871e+00   6.4435e-01  -9.4742e+00  -5.3240e+00  -7.9734e+00

 Columns 343 through 348:

  -6.1543e+00  -1.1898e+01  -5.9190e+00  -8.7753e+00  -4.2904e+00  -1.0590e+01

 Columns 349 through 354:

  -4.2166e+00  -8.1894e+00   1.9790e+00  -3.2558e+00  -4.5596e+00  -8.4129e+00

 Columns 355 through 360:

  -8.3658e+00  -1.4174e+00  -9.3323e+00  -1.2323e+01  -1.2495e+00  -1.0434e+01

 Columns 361 through 366:

  -8.8366e-01  -9.0668e+00  -7.2780e+00  -5.0643e+00  -2.7143e+00  -2.4136e+00

 Columns 367 through 372:

  -1.1457e+01  -7.6743e+00  -6.4251e+00  -5.2358e+00  -4.6916e+00  -7.6269e+00

 Columns 373 through 378:

   1.7412e+00  -4.9181e+00  -5.7172e+00  -8.3306e+00  -1.9359e+00  -6.7756e+00

 Columns 379 through 384:

  -9.3068e+00  -9.0539e+00  -3.7625e-01  -3.4463e+00  -5.2591e+00  -4.2857e+00

 Columns 385 through 390:

  -6.8804e+00  -4.9611e+00  -6.8122e+00  -5.5059e+00  -6.2330e+00  -1.6675e+00

 Columns 391 through 396:

  -7.1480e+00  -3.7744e+00  -8.7735e+00  -1.1135e+01  -9.2382e+00  -3.4698e+00

 Columns 397 through 402:

  -9.3492e-01   3.0111e-01  -1.2441e+01  -7.0764e+00  -7.0871e+00  -9.0091e-01

 Columns 403 through 408:

  -3.9922e+00  -3.5427e+00  -7.8896e+00  -5.4874e+00  -6.5048e+00  -4.7464e+00

 Columns 409 through 414:

  -8.8299e+00  -7.1173e+00  -1.0064e+00  -6.1950e+00  -9.5683e+00  -2.0006e+00

 Columns 415 through 420:

  -6.9245e+00  -9.8345e+00  -1.0157e+01  -3.9556e+00  -1.6026e+01  -7.4247e+00

 Columns 421 through 426:

  -3.2042e+00  -7.2049e+00  -6.1726e+00  -7.0768e+00  -1.0128e+01  -8.7688e+00

 Columns 427 through 432:

  -5.0022e+00  -4.6114e+00  -6.0241e+00  -9.5935e+00  -6.9047e+00  -5.2336e+00

 Columns 433 through 438:

  -4.4785e+00  -5.9826e+00  -3.8305e+00  -1.0164e+01  -2.9988e+00  -1.0019e+01

 Columns 439 through 444:

  -6.3739e+00  -7.0588e+00  -1.0297e+01  -6.2079e+00  -6.3662e+00  -1.0054e+01

 Columns 445 through 450:

  -1.0007e+01  -8.3104e+00  -6.9863e-01  -2.7208e+00  -6.0226e+00  -9.7669e+00

 Columns 451 through 456:

  -1.1331e+01  -8.8276e+00  -5.4267e+00  -4.5411e+00  -8.8765e+00  -4.1112e+00

 Columns 457 through 462:

  -5.7121e+00  -7.2371e+00  -8.8694e+00  -2.7892e+00  -9.2794e+00  -3.6912e+00

 Columns 463 through 468:

  -6.4371e+00  -2.5400e+00  -4.1692e+00  -1.0593e+01  -3.6124e+00  -7.8522e+00

 Columns 469 through 474:

  -1.1425e+01  -3.8329e+00  -4.4886e+00  -4.1751e+00   5.9368e-01  -5.9148e+00

 Columns 475 through 480:

  -3.8149e+00  -7.3784e+00   7.5008e-02  -1.1165e+01   9.2527e-01  -3.3478e+00

 Columns 481 through 486:

  -9.1746e+00  -6.0515e+00  -8.8403e+00  -5.3211e+00  -6.1640e+00  -1.0329e+01

 Columns 487 through 492:

  -5.2878e+00  -3.6607e+00  -5.2016e+00  -1.4728e+01  -8.5539e+00  -2.3234e+00

 Columns 493 through 498:

  -4.1869e+00  -6.2529e+00  -7.6131e+00  -2.5727e+00  -3.8724e+00  -9.3568e+00

 Columns 499 through 504:

  -3.7608e+00  -5.9621e+00  -3.0914e+00  -4.1754e+00  -1.4981e+01  -1.0033e+01

 Columns 505 through 510:

  -1.1061e+01  -4.4992e+00  -2.4879e+00  -4.9900e+00  -8.5870e+00  -4.5554e+00

 Columns 511 through 516:

  -5.8904e+00  -2.7066e+00  -6.6911e+00  -2.1590e+00  -9.7889e+00  -9.5308e-01

 Columns 517 through 522:

  -8.8907e+00  -2.4453e+00  -7.9757e+00  -7.5869e+00  -8.4448e+00  -5.3767e+00

 Columns 523 through 528:

  -5.0742e+00  -1.6960e+00  -3.7643e+00  -5.9117e+00  -5.5445e+00  -4.7664e+00

 Columns 529 through 534:

  -5.2545e+00  -1.0117e+01  -6.9541e+00  -4.3676e+00  -2.5978e+00  -8.3651e+00

 Columns 535 through 540:

  -1.0210e+01  -4.7392e+00  -9.6588e+00  -5.0819e+00  -1.1708e+01  -6.9189e+00

 Columns 541 through 546:

  -2.9183e+00  -4.5546e+00  -1.2070e+01  -9.1806e+00  -2.4895e+00  -2.0245e+00

 Columns 547 through 552:

  -8.9652e+00  -6.9407e+00  -3.9969e+00  -7.8774e+00  -3.1459e+00  -4.0809e+00

 Columns 553 through 558:

  -5.3808e+00  -6.8660e+00  -1.2789e+01  -5.5221e+00  -6.0932e+00  -3.4484e+00

 Columns 559 through 564:

  -1.0729e+01  -5.7618e+00  -6.8644e+00  -4.7922e+00  -9.7803e+00  -9.0687e+00

 Columns 565 through 570:

  -7.9077e+00  -8.0692e+00  -6.7852e+00  -5.3759e+00  -3.3330e+00  -4.7231e+00

 Columns 571 through 576:

  -3.4311e+00  -7.5330e+00  -6.0007e+00  -5.9350e+00  -8.7349e+00   1.7795e-01

 Columns 577 through 582:

  -6.3042e+00  -1.1666e+01  -7.1291e+00  -8.3550e+00  -6.3631e+00  -4.8715e+00

 Columns 583 through 588:

  -7.8234e+00  -5.5782e+00  -9.8712e-01  -1.0229e+00  -6.7187e+00  -5.7877e+00

 Columns 589 through 594:

  -1.2818e+01  -9.7610e+00  -8.1843e+00  -7.2662e+00  -7.8235e+00  -8.1062e+00

 Columns 595 through 600:

  -1.2432e+01  -1.0855e+01  -2.3598e+00  -6.6605e+00  -5.8619e+00  -1.2619e+01

 Columns 601 through 606:

  -3.8041e+00  -1.2982e+01  -8.9959e+00  -7.9159e+00  -5.9646e+00  -9.4968e+00

 Columns 607 through 612:

  -7.0776e+00  -6.3979e+00  -3.8352e+00  -4.7749e+00  -9.0693e+00  -7.9531e+00

 Columns 613 through 618:

  -6.2890e+00  -1.2603e+01  -5.4938e+00  -6.4220e+00  -1.1439e+01  -5.0042e+00

 Columns 619 through 624:

  -8.3143e+00  -1.0424e+01  -5.0993e+00  -2.7349e+00  -7.1564e+00  -5.7083e+00

 Columns 625 through 630:

  -5.6596e+00  -6.3936e+00  -3.3500e+00  -6.4450e+00  -4.2494e+00  -5.0479e+00

 Columns 631 through 636:

  -9.6481e+00  -7.6802e+00  -6.2675e+00  -9.8921e+00  -8.9523e+00  -1.1458e+00

 Columns 637 through 642:

  -8.2874e+00  -5.1504e+00  -1.0046e+01  -6.4443e+00  -9.1424e+00  -5.6475e+00

 Columns 643 through 648:

  -6.7410e+00  -3.4016e+00  -8.7287e+00  -6.3077e+00  -4.2442e+00  -2.8133e+00

 Columns 649 through 654:

  -7.2917e+00  -6.1234e+00  -1.0066e+01  -3.3937e+00  -1.6869e+00  -1.3217e+01

 Columns 655 through 660:

  -4.0311e+00  -3.1598e+00  -2.2153e+00  -7.2424e+00  -4.7162e+00  -8.1008e+00

 Columns 661 through 666:

  -9.5998e-01  -5.4747e+00  -1.0290e+01  -4.5674e+00  -9.1301e+00  -1.8749e+00

 Columns 667 through 672:

  -6.2793e+00  -4.3247e+00  -7.5177e+00  -1.0686e+01  -6.2710e+00  -6.7125e+00

 Columns 673 through 678:

  -7.6921e+00  -1.2560e+00  -9.3796e+00  -4.8027e+00  -1.0069e+01  -9.1905e+00

 Columns 679 through 684:

  -3.3319e+00  -3.1583e+00  -4.2154e+00  -2.5036e-01  -8.9164e-01  -1.5104e+00

 Columns 685 through 690:

  -6.2853e+00  -7.6701e+00  -1.0746e+01  -4.1185e+00  -1.3762e+01  -1.2101e+01

 Columns 691 through 696:

  -2.5756e+00  -5.9247e+00  -6.3845e+00  -9.9787e+00  -2.6414e-01  -1.3348e+00

 Columns 697 through 702:

  -7.9377e+00  -1.5416e+00  -8.3407e+00  -7.3101e+00  -1.9296e+00  -1.0259e+01

 Columns 703 through 708:

  -6.9446e+00  -1.0181e+01  -7.5249e+00  -6.4492e+00  -7.9742e+00  -3.8888e+00

 Columns 709 through 714:

  -6.6454e-01  -1.3397e+01  -4.5455e+00  -5.7217e+00  -3.7095e+00  -8.1315e+00

 Columns 715 through 720:

  -9.3137e+00  -6.7930e+00  -5.2070e+00  -5.4166e+00  -4.8361e+00  -1.1266e+01

 Columns 721 through 726:

  -1.2424e+01  -9.4105e+00   1.3118e+00  -6.0192e+00  -8.9478e+00  -8.3599e+00

 Columns 727 through 732:

  -9.1828e+00  -9.8531e+00  -5.2343e+00  -4.0877e+00  -1.6143e+00  -2.1361e+00

 Columns 733 through 738:

  -3.6580e+00  -6.9194e+00  -6.9600e+00  -5.3902e+00  -8.7722e+00  -1.7976e+00

 Columns 739 through 744:

  -1.0324e+01  -6.3304e+00  -6.5847e+00  -1.8470e+00  -5.1762e+00  -1.2401e+01

 Columns 745 through 750:

  -2.8642e+00  -6.5989e+00  -4.5325e+00   1.2041e+00  -4.9797e+00  -6.1008e+00

 Columns 751 through 756:

  -7.0745e+00  -7.9583e+00  -3.2389e+00  -8.8355e+00  -6.7129e+00  -1.0189e+01

 Columns 757 through 762:

  -8.3842e+00  -2.0036e+00  -3.7407e+00  -6.8343e+00  -8.6291e+00   5.2445e-01

 Columns 763 through 768:

  -6.1099e+00   3.7125e+00  -3.4598e+00  -7.9013e+00  -1.0918e+01  -7.1061e+00

 Columns 769 through 774:

  -1.1803e+01  -3.1730e+00  -8.5224e+00  -7.6219e+00  -7.4358e+00  -1.0697e+00

 Columns 775 through 780:

  -6.4095e+00  -6.4841e+00  -6.6580e+00  -4.9716e+00  -9.1139e+00  -2.3640e+00

 Columns 781 through 786:

  -8.0771e+00  -9.4785e+00  -7.3285e-01  -9.5697e+00  -4.6406e+00  -1.2865e+00

 Columns 787 through 792:

  -1.6138e+00  -4.1662e+00  -6.8832e+00  -6.2823e+00  -1.0337e+00  -9.6728e+00

 Columns 793 through 798:

  -2.1055e+00  -7.5650e+00  -8.2711e+00  -1.2312e+00  -8.1647e+00  -4.8633e+00

 Columns 799 through 804:

  -7.2785e+00  -7.4896e+00  -6.9860e+00  -5.6727e+00  -1.9918e+00  -5.3593e+00

 Columns 805 through 810:

  -8.0804e+00  -3.9926e+00  -3.4876e+00  -8.0417e+00  -6.6705e+00  -7.1748e+00

 Columns 811 through 816:

  -9.4326e+00  -8.9876e+00  -1.2597e+00  -4.3472e+00  -1.1594e+01  -5.2914e+00

 Columns 817 through 822:

  -8.5700e+00  -9.2593e+00  -9.0632e+00  -6.6820e+00  -1.9442e+00  -6.8878e+00

 Columns 823 through 828:

  -5.0593e+00  -5.7666e+00  -5.9124e+00  -8.0033e+00  -6.1592e+00  -1.1852e+01

 Columns 829 through 834:

  -8.7362e+00  -5.8812e+00  -2.5009e+00  -4.1947e+00  -1.1260e+01  -8.1637e+00

 Columns 835 through 840:

  -8.8656e+00  -5.7661e+00  -2.4911e+00  -1.2784e+01  -1.1545e+01  -5.8819e+00

 Columns 841 through 846:

  -3.1698e+00  -1.7498e+00  -9.0856e+00  -9.6010e+00  -9.6854e+00  -6.0806e+00

 Columns 847 through 852:

  -6.6541e+00  -2.5638e+00  -3.8353e+00  -7.8379e+00   2.5282e+00  -7.2534e+00

 Columns 853 through 858:

  -2.8350e+00  -6.5916e+00  -4.7887e+00  -8.4217e+00  -2.2908e+00  -1.1689e+01

 Columns 859 through 864:

  -1.8859e+00  -8.8445e+00  -1.0075e+01  -8.4477e+00  -5.2022e+00  -2.7912e+00

 Columns 865 through 870:

  -1.0055e+01  -7.1750e+00  -5.6169e+00  -3.1599e+00  -2.2860e+00  -1.0129e+01

 Columns 871 through 876:

  -3.1412e+00  -1.0509e+01  -6.4913e+00  -7.0612e+00  -5.9199e+00  -9.3083e+00

 Columns 877 through 882:

  -4.0182e+00  -8.0399e+00  -6.3702e+00  -6.1194e+00  -8.5517e+00  -2.7352e+00

 Columns 883 through 888:

  -7.6785e+00  -1.0794e+01  -6.2560e+00  -6.2358e+00  -1.1627e+01  -7.6430e+00

 Columns 889 through 894:

  -6.1409e+00  -3.6062e+00  -8.4165e+00  -1.0748e+01  -4.6405e+00  -1.0817e+01

 Columns 895 through 900:

  -5.6482e+00  -5.2514e+00  -8.6476e+00  -8.8519e+00  -8.5620e+00  -7.9732e+00

 Columns 901 through 906:

  -2.2197e+00  -9.0218e+00  -7.2497e+00  -6.1171e+00  -8.7789e+00  -5.6060e+00

 Columns 907 through 912:

  -7.3025e+00  -9.5759e-01  -2.0127e+00  -2.8915e+00  -1.1018e+01  -8.1882e+00

 Columns 913 through 918:

  -7.9905e+00  -7.8507e+00  -8.7715e+00  -6.2144e+00  -3.7903e+00  -8.5871e+00

 Columns 919 through 924:

  -2.9117e+00  -6.1458e+00  -5.4075e+00  -7.4487e+00  -6.5852e+00  -3.6341e+00

 Columns 925 through 930:

  -6.1876e+00  -3.9330e+00  -4.0641e+00  -5.0691e+00  -1.9283e+00  -4.7953e+00

 Columns 931 through 936:

  -8.2710e+00  -4.4152e+00  -4.0163e+00  -5.6768e+00  -7.0206e-01  -1.4953e+01

 Columns 937 through 942:

  -8.6121e+00  -1.1563e+01  -7.6242e+00  -5.9312e+00  -8.3158e+00  -8.0988e+00

 Columns 943 through 948:

  -5.1568e+00  -4.0422e+00  -4.9293e+00  -7.9355e+00  -1.1368e+01  -9.0198e-01

 Columns 949 through 954:

  -1.2521e+01  -5.2896e+00  -1.7025e+00  -3.2244e+00  -3.4830e+00  -9.7817e+00

 Columns 955 through 960:

  -9.0477e+00  -4.8796e+00  -7.8146e+00  -1.1358e+01  -1.1181e+01  -1.1542e+01

 Columns 961 through 966:

  -7.6547e+00  -8.1966e+00  -1.8222e+00  -4.8058e+00  -6.3862e+00  -8.2610e+00

 Columns 967 through 972:

  -3.5440e+00  -6.4663e+00  -1.1490e+01  -5.0208e+00  -1.3841e+01  -3.9420e+00

 Columns 973 through 978:

   8.5352e-01  -1.0098e+01  -1.0051e+01  -9.7874e+00  -4.9623e+00  -7.9253e+00

 Columns 979 through 984:

  -3.5746e+00  -4.3790e+00  -9.6562e+00  -9.2398e+00  -3.7267e+00  -1.3323e+00

 Columns 985 through 990:

  -9.7225e+00  -9.2163e+00  -9.7614e+00  -1.2713e+01  -9.2293e+00  -6.1311e+00

 Columns 991 through 996:

  -4.7482e+00  -8.0788e+00  -4.9751e+00  -3.9475e+00  -1.3437e+00  -2.9618e+00

 Columns 997 through 1002:

  -5.2035e+00  -8.2684e+00  -7.2170e+00  -5.6981e+00  -1.0703e+00  -2.0144e+00

 Columns 1003 through 1008:

  -1.0379e+01  -3.7221e+00  -5.0843e+00   2.4776e-01  -4.9160e+00  -6.1131e+00

 Columns 1009 through 1014:

  -8.2917e+00  -1.0299e+01  -5.3766e+00  -5.8697e+00  -4.5027e+00  -5.0113e+00

 Columns 1015 through 1020:

  -1.0024e+01  -9.3652e+00  -9.3332e+00  -3.1296e+00  -5.3918e+00  -9.9943e+00

 Columns 1021 through 1026:

  -5.1252e+00  -3.4404e+00  -6.9416e+00  -3.9291e+00  -7.5796e+00  -2.4504e-01

 Columns 1027 through 1032:

  -6.9965e-01  -9.4125e+00  -2.2413e+00  -8.8894e+00  -2.8575e+00  -2.1794e+00

 Columns 1033 through 1038:

  -3.1902e+00  -1.1630e+01  -7.1978e+00  -1.0054e+01  -3.6170e+00  -2.9164e+00

 Columns 1039 through 1044:

  -9.5550e+00  -8.9085e+00  -3.0034e+00  -8.6302e+00  -6.8572e+00  -6.9689e+00

 Columns 1045 through 1050:

  -1.4356e+00  -9.7353e+00  -4.5456e+00  -7.4519e+00  -4.4376e+00  -7.7853e+00

 Columns 1051 through 1056:

  -6.8529e+00  -1.3519e+01  -3.6756e+00  -1.0184e+01  -1.1647e+01  -1.1472e+01

 Columns 1057 through 1062:

  -1.6360e+00  -7.9546e-01  -9.1391e+00  -4.4818e-01  -7.5982e+00  -4.1445e+00

 Columns 1063 through 1068:

  -9.2781e+00  -4.9811e+00  -4.6909e+00  -1.7820e+00  -9.0485e+00  -8.7890e+00

 Columns 1069 through 1074:

  -1.0595e+01  -4.7207e+00  -1.5704e+00  -9.0715e+00  -7.0251e+00  -4.7810e+00

 Columns 1075 through 1080:

  -7.7119e+00  -3.2123e+00  -8.3705e+00  -1.1919e+01  -3.3998e+00  -5.6336e+00

 Columns 1081 through 1086:

  -6.1120e+00  -2.6109e+00  -1.0334e+01   7.1519e-01  -5.7771e+00  -5.0941e+00

 Columns 1087 through 1092:

  -7.4171e+00  -8.6642e+00  -6.6184e+00  -9.6811e+00  -2.9965e+00  -6.5652e+00

 Columns 1093 through 1098:

  -5.9964e+00  -3.6608e+00  -1.1904e+00  -4.5766e+00  -8.6349e+00  -7.5420e+00

 Columns 1099 through 1104:

  -7.4763e+00  -5.6379e+00  -6.9243e+00  -5.8909e+00  -7.5333e+00  -4.0453e+00

 Columns 1105 through 1110:

  -2.6114e+00  -5.6065e+00  -1.9070e+00  -8.1802e+00  -6.1622e+00  -8.6738e+00

 Columns 1111 through 1116:

  -8.3357e+00  -3.0759e+00  -5.3956e+00  -3.6428e+00  -2.7344e+00  -8.1840e+00

 Columns 1117 through 1122:

  -4.0328e+00  -8.0507e+00  -1.3543e+00  -4.2162e+00  -6.7839e+00  -8.1655e+00

 Columns 1123 through 1128:

  -6.3061e+00  -9.2706e+00  -1.5996e+01  -6.5956e-03  -8.7039e+00  -8.4834e+00

 Columns 1129 through 1134:

  -2.7317e+00  -9.2208e+00  -7.4392e+00  -1.0755e+01  -1.0236e+01  -4.9247e+00

 Columns 1135 through 1140:

  -3.9759e+00  -7.2332e+00  -5.2527e+00  -6.8411e+00  -7.3457e+00  -3.9990e+00

 Columns 1141 through 1146:

  -6.2719e+00  -8.2979e+00  -6.1859e-01  -3.1922e+00  -5.3081e+00   8.8907e-01

 Columns 1147 through 1152:

  -9.8932e+00  -4.5887e+00  -3.7851e+00  -3.6677e+00  -6.2479e+00  -6.5668e+00

 Columns 1153 through 1158:

  -6.6200e+00  -6.2942e-01  -6.4035e+00  -4.6686e+00  -5.2934e+00  -6.0317e+00

 Columns 1159 through 1164:

  -4.8949e+00  -7.4636e+00  -3.7483e+00  -8.9597e-01  -7.4779e+00  -2.0829e+00

 Columns 1165 through 1170:

  -8.2000e+00  -2.4894e+00  -3.5623e+00  -4.8168e+00  -6.9360e+00  -1.2108e+00

 Columns 1171 through 1176:

  -5.2148e+00  -1.1951e+01  -4.5380e+00  -1.0235e+01  -8.8132e+00  -6.4193e+00

 Columns 1177 through 1182:

  -1.7021e-01  -5.1586e+00  -1.8746e+00  -4.1094e+00  -4.8258e+00  -6.3497e+00

 Columns 1183 through 1188:

  -1.1089e+01  -5.1120e+00  -5.4583e+00  -5.7171e+00  -8.2716e+00  -8.9279e+00

 Columns 1189 through 1194:

  -6.0262e+00  -1.4132e+00  -7.7358e+00  -1.7086e+00  -8.9970e+00  -7.9600e+00

 Columns 1195 through 1200:

  -3.3825e+00  -7.1938e+00  -8.7677e+00  -3.2937e+00  -1.0563e+01  -2.8443e+00

 Columns 1201 through 1206:

  -1.8518e+00  -2.0095e+00  -1.5593e+00  -9.2398e+00  -3.7970e+00  -7.9769e+00

 Columns 1207 through 1212:

   2.5582e+00  -1.0145e+01  -6.7498e+00  -8.8885e+00  -4.0561e+00  -7.3184e+00

 Columns 1213 through 1218:

   1.2995e-01  -6.8327e+00  -9.5447e+00  -7.1352e+00  -7.3977e+00  -5.9427e+00

 Columns 1219 through 1224:

  -7.0185e+00  -4.0804e+00  -6.6416e+00  -1.0109e+01  -6.9871e+00  -6.2043e+00

 Columns 1225 through 1230:

  -1.3279e+00  -9.5256e+00  -3.0971e+00  -3.8977e+00  -4.3739e+00  -8.9664e+00

 Columns 1231 through 1236:

  -5.0098e+00  -1.3232e+01  -5.0011e+00  -4.5694e+00  -6.6496e+00  -8.4689e+00

 Columns 1237 through 1242:

   8.3673e-01  -2.2112e+00  -6.1998e+00  -1.0025e+01  -3.3654e+00  -8.0936e+00

 Columns 1243 through 1248:

  -1.7490e+00  -9.8887e+00  -9.0209e+00  -5.5674e+00  -4.9515e+00  -8.5307e+00

 Columns 1249 through 1254:

  -9.8660e+00  -1.0137e+01  -7.7679e+00  -5.9806e+00  -1.1544e+01   3.1483e-01

 Columns 1255 through 1260:

  -2.6868e+00  -3.9472e+00  -1.2146e+01  -1.3256e+01  -4.1593e+00  -5.2948e+00

 Columns 1261 through 1266:

  -7.1216e+00  -5.0955e+00  -4.3567e+00  -3.5964e+00  -4.0881e+00  -9.3360e+00

 Columns 1267 through 1272:

  -6.9453e+00  -4.1468e+00  -6.6228e+00  -8.9429e+00  -5.3396e+00  -4.1132e+00

 Columns 1273 through 1278:

  -6.0438e+00  -5.4723e+00  -7.8684e+00  -1.0414e+00  -3.8565e+00  -4.3826e+00

 Columns 1279 through 1284:

  -5.2221e+00  -5.9089e+00  -6.2917e+00  -2.7141e+00  -1.1060e+01  -3.3427e+00

 Columns 1285 through 1290:

  -3.7393e+00  -8.5973e+00  -9.0846e+00  -5.0865e+00  -8.7604e+00  -4.8214e+00

 Columns 1291 through 1296:

  -6.6756e+00  -1.1735e+01  -7.1365e-01  -9.4905e+00  -3.7879e+00  -5.6913e+00

 Columns 1297 through 1302:

  -6.7807e+00  -3.0274e+00  -8.3690e+00  -6.3250e+00  -1.0407e+01  -5.9052e+00

 Columns 1303 through 1308:

  -4.2742e+00  -3.9386e+00  -7.9819e+00  -5.1147e+00  -2.8916e+00  -4.8705e+00

 Columns 1309 through 1314:

  -9.1183e+00  -5.1628e+00  -7.5167e+00  -5.1954e+00  -1.3238e+00  -6.7176e+00

 Columns 1315 through 1320:

  -8.7614e-01  -2.2735e+00  -6.9680e+00  -1.1253e+01  -1.0363e+01   1.5567e+00

 Columns 1321 through 1326:

  -1.1736e+00  -5.0723e+00  -1.0281e+01  -3.5611e+00  -1.9644e+00  -3.0205e+00

 Columns 1327 through 1332:

  -6.8045e+00  -5.2800e+00  -9.1611e+00   3.0433e-01  -5.3938e+00  -2.6537e+00

 Columns 1333 through 1338:

  -6.7383e+00   1.9560e-01  -9.9049e+00  -4.5634e+00  -8.5755e+00  -6.8947e+00

 Columns 1339 through 1344:

  -6.3721e+00  -4.1978e+00  -6.8524e+00  -8.3675e+00  -4.9783e+00   1.7739e+00

 Columns 1345 through 1350:

  -1.0063e+01  -8.3590e+00  -1.9089e+00  -4.4475e+00   1.4094e+00  -5.3527e-01

 Columns 1351 through 1356:

  -3.9922e+00  -6.7514e+00  -3.3281e+00   2.8677e+00   2.1488e+00  -7.5412e+00

 Columns 1357 through 1362:

  -4.0505e+00  -1.5265e+01  -2.9932e+00  -7.4096e+00  -1.2962e+00  -5.9380e-01

 Columns 1363 through 1368:

  -6.7431e+00  -7.4733e+00  -7.3403e+00  -5.7591e+00  -7.4502e-01  -9.0999e+00

 Columns 1369 through 1374:

  -5.5843e+00  -4.4708e+00  -5.8028e+00  -9.9187e+00  -1.1541e+01  -1.3564e+01

 Columns 1375 through 1380:

  -8.2602e+00  -7.3929e+00  -1.6689e+00  -6.9317e+00  -1.5977e+00  -7.2973e-01

 Columns 1381 through 1386:

  -8.4205e+00  -7.3541e-01  -1.0835e+01  -7.6925e+00  -1.1348e+01  -5.9066e+00

 Columns 1387 through 1392:

  -2.3674e+00  -3.5540e+00  -5.1938e+00  -3.6039e+00  -1.0368e+01  -4.3323e+00

 Columns 1393 through 1398:

  -1.0664e+01  -5.3778e+00  -4.2482e+00  -6.1462e+00  -3.6714e+00   2.3909e+00

 Columns 1399 through 1404:

  -4.9007e+00   8.9412e-01  -1.0382e+01  -8.5222e+00  -1.8322e+00  -6.6753e+00

 Columns 1405 through 1410:

  -9.5553e+00  -1.2750e+01  -9.3210e+00  -6.6775e+00  -1.2659e+00  -4.8579e+00

 Columns 1411 through 1416:

  -6.8228e+00  -7.7333e+00  -1.2467e+00  -4.2680e-01  -4.4915e+00  -6.2053e+00

 Columns 1417 through 1422:

  -9.2165e+00  -7.9260e-01  -4.1117e+00  -5.3685e+00  -1.2727e-01  -3.3523e+00

 Columns 1423 through 1428:

  -5.6120e+00  -4.1363e+00  -9.4557e+00  -6.1222e+00  -1.0130e+01  -6.4751e+00

 Columns 1429 through 1434:

  -4.3362e+00  -5.6277e+00  -3.0688e+00  -8.6719e+00  -3.5161e+00  -2.7550e+00

 Columns 1435 through 1440:

  -9.5342e+00  -7.2035e+00  -6.9093e+00  -1.1200e+00  -6.9925e+00  -4.8708e+00

 Columns 1441 through 1446:

  -1.0634e+01  -1.1752e+01  -2.1581e+00  -5.6909e+00  -9.8309e+00  -1.0575e+01

 Columns 1447 through 1452:

  -4.1820e+00  -1.0769e+01  -6.1641e+00  -9.3617e-01  -6.3768e+00  -6.2474e+00

 Columns 1453 through 1458:

  -2.2370e+00  -4.7505e+00  -4.8732e+00  -8.2922e+00   2.7207e-01  -6.7688e+00

 Columns 1459 through 1464:

  -5.3533e+00  -1.0383e+01  -3.7350e+00  -8.9335e+00  -9.6370e+00  -1.0366e+01

 Columns 1465 through 1470:

  -8.2928e+00  -6.3686e+00  -7.3112e+00  -4.3174e+00  -5.0193e+00  -2.7212e+00

 Columns 1471 through 1476:

  -4.0569e+00  -6.6685e+00  -3.5034e+00  -5.5029e+00   1.5277e+00  -6.3959e+00

 Columns 1477 through 1482:

  -9.5619e+00  -5.0477e+00  -4.1462e+00  -7.9779e+00  -8.7247e+00  -3.5991e+00

 Columns 1483 through 1488:

  -2.3231e+00  -6.7769e+00  -7.4714e+00  -1.1694e+00  -6.9349e+00  -1.5288e+00

 Columns 1489 through 1494:

  -3.6541e+00  -8.1316e+00  -5.4559e+00  -5.6222e+00  -9.1396e+00  -9.3182e+00

 Columns 1495 through 1500:

  -6.4076e+00  -1.7817e+00  -6.2464e+00  -9.6169e+00  -7.4357e+00  -3.6851e+00

 Columns 1501 through 1506:

  -2.4814e+00  -7.2869e+00  -6.9532e+00  -2.1138e+00  -5.9532e+00  -1.0219e+01

 Columns 1507 through 1512:

   2.8817e+00  -4.0690e+00  -7.1454e+00  -9.4965e+00  -5.8972e+00  -6.8977e+00

 Columns 1513 through 1518:

  -4.4165e+00  -6.1064e+00  -6.8982e+00  -8.2216e+00  -1.7962e+00  -2.4255e+00

 Columns 1519 through 1524:

  -8.9751e+00  -8.5242e+00  -1.0503e+01  -4.9753e-02  -6.7161e+00  -6.6764e+00

 Columns 1525 through 1530:

  -2.7017e+00  -4.2746e+00  -9.7280e+00  -1.2361e+01  -7.8371e+00  -4.2344e+00

 Columns 1531 through 1536:

   4.2241e-01  -9.0675e+00  -1.0254e+01  -5.3222e+00  -8.9568e+00  -6.8829e+00

 Columns 1537 through 1542:

  -6.8756e+00   5.0393e-01  -3.1495e+00  -8.3114e+00  -7.2189e+00  -3.4058e+00

 Columns 1543 through 1548:

  -1.0966e+00  -5.7730e+00  -4.8247e+00  -5.7614e+00  -4.8270e+00  -6.6335e+00

 Columns 1549 through 1554:

  -7.7915e+00  -5.3500e+00  -5.4848e+00  -6.8052e+00  -9.4538e+00  -7.6469e+00

 Columns 1555 through 1560:

  -1.1373e+01  -5.8588e+00  -8.6917e+00  -3.8304e+00  -5.8998e+00  -8.1555e+00

 Columns 1561 through 1566:

  -8.6477e+00  -3.7214e+00  -5.6624e+00  -5.7332e+00  -5.5732e+00  -4.8735e+00

 Columns 1567 through 1572:

  -4.3977e+00  -1.0449e+01   4.4497e-01  -5.8784e+00   1.9950e+00  -2.0021e+00

 Columns 1573 through 1578:

  -2.1772e+00  -8.6912e+00  -1.1494e+01  -7.2780e+00  -6.3936e+00  -1.0064e+01

 Columns 1579 through 1584:

  -4.7073e-01  -3.9812e+00  -6.8581e+00  -2.6297e+00  -4.6992e+00  -9.1090e+00

 Columns 1585 through 1590:

  -1.0049e+01  -1.1876e+01  -5.2001e+00  -5.6909e+00  -7.5462e+00  -7.7454e+00

 Columns 1591 through 1596:

  -1.0119e+01  -8.6593e+00  -5.1141e+00  -3.3564e+00  -1.3868e-01  -5.3886e+00

 Columns 1597 through 1602:

  -6.8726e+00  -7.9699e+00  -7.6006e+00  -3.8036e+00  -6.1820e+00  -6.0170e+00

 Columns 1603 through 1608:

  -6.2304e+00  -6.3309e+00  -5.8207e+00  -7.1500e+00  -4.0769e+00  -5.9313e+00

 Columns 1609 through 1614:

  -8.3733e+00  -5.2528e+00  -5.6524e+00  -9.5284e+00  -1.2239e+01  -4.6706e+00

 Columns 1615 through 1620:

  -6.9305e+00  -4.7541e+00  -1.1009e+01  -9.5555e+00  -8.3291e+00  -4.1735e+00

 Columns 1621 through 1626:

   6.7921e-01  -7.7027e+00  -7.0364e+00  -4.1995e+00  -4.1531e+00  -4.5292e+00

 Columns 1627 through 1632:

  -6.3569e+00  -5.6031e+00  -8.5883e+00  -5.3936e+00  -6.5282e+00  -2.1276e+00

 Columns 1633 through 1638:

  -8.4846e+00  -2.7022e+00  -3.9945e+00  -9.2254e+00  -4.4677e+00  -5.7698e+00

 Columns 1639 through 1644:

  -5.7854e+00  -4.7820e+00  -5.2101e-01  -3.9980e+00  -5.4915e+00  -6.1635e-01

 Columns 1645 through 1650:

  -6.1723e+00  -6.8588e+00  -7.0451e+00  -6.7862e+00  -6.8074e+00  -9.4098e+00

 Columns 1651 through 1656:

  -1.1326e+01  -4.9035e+00  -9.3832e+00  -9.6946e+00  -7.4852e+00  -8.3491e+00

 Columns 1657 through 1662:

  -9.4994e+00  -1.0398e+01  -9.2315e+00  -5.7593e+00  -5.2592e+00  -7.4076e+00

 Columns 1663 through 1668:

  -2.7385e+00  -8.5585e+00  -9.0021e+00  -1.0830e+01  -4.9818e+00  -5.5581e+00

 Columns 1669 through 1674:

  -1.2690e+01  -6.4309e+00  -5.8206e+00  -1.3034e+01  -2.2805e+00  -3.5444e+00

 Columns 1675 through 1680:

  -4.6315e+00  -9.4108e+00  -3.0427e+00  -2.8697e+00  -5.6520e+00  -4.1375e+00

 Columns 1681 through 1686:

  -7.6317e+00  -7.1279e+00  -7.8040e+00  -7.7747e+00  -1.1900e+00  -7.6064e+00

 Columns 1687 through 1692:

  -9.0757e+00  -8.9215e+00  -1.0328e+01  -4.8969e+00  -8.7305e+00  -5.9937e+00

 Columns 1693 through 1698:

  -1.5702e+00  -4.5424e+00  -6.4447e+00  -4.3572e+00  -8.9296e+00  -8.7443e+00

 Columns 1699 through 1704:

  -8.4380e+00  -4.0148e+00  -7.7123e+00  -4.7012e+00  -5.2667e+00  -5.8403e+00

 Columns 1705 through 1710:

   7.4183e-01  -2.3936e+00  -5.1849e+00  -2.7461e+00  -9.5573e+00  -9.5328e+00

 Columns 1711 through 1716:

  -1.0634e+01  -8.7271e+00  -2.1970e+00  -4.2122e+00  -5.5420e+00  -1.0103e+00

 Columns 1717 through 1722:

  -3.6493e+00   1.6964e+00  -6.3942e+00  -1.0378e+01  -7.4141e+00  -6.4202e+00

 Columns 1723 through 1728:

  -8.5059e+00  -3.8875e+00  -7.4599e+00  -2.9838e+00  -4.7345e+00  -5.9342e+00

 Columns 1729 through 1734:

  -6.7343e+00  -8.2356e+00  -5.8404e+00  -5.7696e+00  -9.9390e-01  -1.1175e+01

 Columns 1735 through 1740:

  -6.0149e+00  -1.4079e+00  -4.7785e+00  -6.6553e+00  -1.1562e+01  -4.8440e+00

 Columns 1741 through 1746:

  -4.1326e+00  -5.8900e+00  -7.9502e+00  -8.3824e+00  -1.9540e+00  -7.2313e+00

 Columns 1747 through 1752:

  -1.0709e+01  -2.3517e+00  -7.8713e+00  -8.7868e+00  -1.4965e+01  -6.1829e+00

 Columns 1753 through 1758:

  -1.0300e+01  -5.0055e+00  -7.9976e+00  -5.6101e+00  -1.0424e+01  -7.3260e+00

 Columns 1759 through 1764:

  -8.9792e+00  -8.0426e+00  -1.2520e+01  -1.6457e+00  -1.8883e-01  -8.3889e+00

 Columns 1765 through 1770:

  -9.6614e+00  -1.1008e+01  -2.3998e+00  -5.5739e+00  -1.0317e+01  -1.6872e+00

 Columns 1771 through 1776:

  -7.4670e+00  -4.9456e+00  -7.7708e+00  -3.3233e+00  -3.8581e+00  -4.1646e+00

 Columns 1777 through 1782:

  -2.1847e+00  -4.2276e+00  -1.1812e+01  -8.9876e+00  -8.1562e+00  -7.9776e+00

 Columns 1783 through 1788:

  -1.6700e-01  -1.3207e+01  -6.3737e+00  -1.0855e+01  -9.1325e-01  -4.7805e+00

 Columns 1789 through 1794:

  -1.8346e+00  -7.1073e+00  -9.5591e+00  -1.1653e+01  -9.0706e+00  -2.6593e+00

 Columns 1795 through 1800:

   1.9730e+00   2.7295e+00  -1.0716e+01  -3.7073e+00  -2.9842e+00  -9.5371e+00

 Columns 1801 through 1806:

  -4.0353e+00  -3.4432e+00  -6.0370e+00  -9.9228e+00  -7.5387e+00  -2.0222e+00

 Columns 1807 through 1812:

  -1.1923e+00  -6.7496e+00  -2.7682e+00  -8.5022e+00  -4.7975e+00  -2.9653e+00

 Columns 1813 through 1818:

  -8.6208e-02  -8.6912e+00  -2.2287e+00  -4.5626e+00  -1.1246e+00  -1.0174e+01

 Columns 1819 through 1824:

  -4.6070e+00  -6.3537e+00  -7.2246e-01   5.9810e-01   9.0560e-01  -5.8446e+00

 Columns 1825 through 1830:

  -6.8574e+00  -3.9159e+00  -3.7910e+00  -5.9646e+00  -1.0123e+01  -5.2920e+00

 Columns 1831 through 1836:

  -3.0163e+00  -2.5672e+00  -1.3319e+01  -7.7252e+00  -4.6915e+00  -9.7366e+00

 Columns 1837 through 1842:

  -6.5226e+00  -7.5565e+00  -9.5504e+00  -6.0028e+00  -9.0431e+00  -6.7054e+00

 Columns 1843 through 1848:

  -7.1767e+00  -7.7937e+00  -7.6630e+00  -3.2173e+00  -6.9218e+00  -1.7998e+00

 Columns 1849 through 1854:

  -8.7787e+00  -4.4441e+00  -4.8403e+00  -6.8506e+00  -1.5289e+01  -9.1269e+00

 Columns 1855 through 1860:

  -1.0493e+01  -9.3063e+00   2.6084e+00  -8.6907e+00  -7.3625e+00  -8.6049e+00

 Columns 1861 through 1866:

  -6.2049e+00  -7.2308e+00  -2.9616e+00  -6.4990e+00  -6.3886e+00  -6.3334e+00

 Columns 1867 through 1872:

  -3.6359e+00  -1.6417e+00  -4.3073e+00  -1.0604e+01  -1.0394e+01   7.5168e-01

 Columns 1873 through 1878:

  -6.5945e+00  -7.3550e+00  -5.1733e+00  -6.2802e+00  -4.2489e+00  -9.5157e+00

 Columns 1879 through 1884:

  -6.4776e-01  -6.4989e+00  -4.2280e+00  -1.0755e+01  -7.5465e+00  -9.1629e+00

 Columns 1885 through 1890:

  -7.1626e+00  -3.6997e+00  -7.0080e+00  -6.9906e+00  -7.7266e+00  -9.0211e+00

 Columns 1891 through 1896:

  -6.1693e+00  -5.0041e+00  -5.6247e+00  -1.0553e+01  -3.2183e+00  -7.2625e+00

 Columns 1897 through 1902:

  -9.9941e+00  -3.9431e+00  -4.4563e+00  -9.3124e+00  -9.8422e+00  -1.6801e+00

 Columns 1903 through 1908:

  -9.0074e+00  -5.6626e+00  -3.6676e+00  -5.9359e+00  -1.3985e+00  -2.1772e-01

 Columns 1909 through 1914:

  -3.8322e+00  -8.5807e+00  -8.2947e+00  -6.6283e+00  -6.9335e+00  -7.3539e+00

 Columns 1915 through 1920:

  -7.3352e+00  -6.8587e+00  -8.4911e+00  -9.9924e+00  -8.4641e+00  -6.9401e+00

 Columns 1921 through 1926:

  -4.7712e+00  -9.5764e+00  -1.0765e+01  -1.0497e+01  -9.8686e+00  -1.0520e+01

 Columns 1927 through 1932:

  -5.1385e+00  -8.1176e+00  -4.1484e+00  -6.1188e+00  -4.0392e+00  -5.7978e+00

 Columns 1933 through 1938:

  -9.6095e+00  -8.6667e+00  -6.6526e+00  -3.6106e+00  -8.4835e+00  -1.0352e+01

 Columns 1939 through 1944:

  -5.6331e+00  -5.1770e+00  -5.0828e+00  -1.1426e+00  -3.9121e+00  -8.3990e+00

 Columns 1945 through 1950:

  -9.6837e+00  -3.3347e+00  -4.2950e+00  -6.0246e+00  -9.4390e+00  -1.0454e+01

 Columns 1951 through 1956:

  -1.2186e+00  -5.9568e+00  -1.1142e+01  -1.0551e+00  -5.8663e+00  -6.3694e+00

 Columns 1957 through 1962:

  -1.0965e+00  -5.0935e+00  -4.5608e+00  -9.4494e+00  -1.0014e+01  -6.3164e+00

 Columns 1963 through 1968:

  -6.0787e+00  -1.0185e+01  -2.1151e+00  -2.6757e+00  -3.4070e+00  -8.7401e+00

 Columns 1969 through 1974:

  -1.2183e+01  -3.8803e+00  -5.7556e+00  -3.9992e+00  -3.9095e+00  -9.6008e+00

 Columns 1975 through 1980:

  -4.6641e+00  -5.4025e+00  -8.5468e+00  -7.5409e+00  -4.4875e+00  -8.0630e+00

 Columns 1981 through 1986:

  -1.1033e+01  -4.2921e+00  -5.0609e+00  -7.2876e+00  -9.5454e-01  -9.1297e+00

 Columns 1987 through 1992:

  -6.6591e+00  -6.0017e+00  -9.2208e+00  -4.6820e+00  -4.1119e+00  -3.9599e+00

 Columns 1993 through 1998:

  -6.5426e+00  -4.4860e+00  -1.7570e+00  -6.9357e+00  -7.4855e+00  -1.7226e+00

 Columns 1999 through 2004:

  -3.3187e+00  -8.1084e+00  -4.4583e+00  -5.0890e+00  -1.0614e+01  -9.0750e+00

 Columns 2005 through 2010:

  -1.6414e+00  -5.1158e+00  -8.0891e+00  -8.4679e+00  -2.6138e+00  -5.4852e+00

 Columns 2011 through 2016:

  -8.5047e-01  -1.0551e+01  -1.4228e+00  -1.2647e+01  -8.0350e+00  -1.0148e+01

 Columns 2017 through 2022:

  -8.9783e+00   5.2446e-02  -3.5134e+00  -2.9301e+00  -9.7323e+00  -1.1123e+01

 Columns 2023 through 2028:

  -8.0025e+00  -8.2233e+00  -3.3259e+00  -6.8643e+00  -6.0022e+00  -6.6743e+00

 Columns 2029 through 2034:

  -3.1949e+00  -5.9802e+00  -1.6639e+00  -1.2536e+01  -4.9868e+00  -1.0034e+01

 Columns 2035 through 2040:

  -7.6342e+00  -2.7110e+00   3.3867e+00  -6.0441e+00  -2.8652e+00  -6.1645e+00

 Columns 2041 through 2046:

  -8.6824e+00  -5.4703e+00  -1.1464e+01  -2.0582e+00  -7.0434e+00   5.7753e-01

 Columns 2047 through 2052:

  -3.9577e+00  -2.3967e+00  -6.6949e+00  -7.4516e+00  -1.0306e+01  -3.5155e+00

 Columns 2053 through 2058:

  -4.3044e+00  -6.0607e+00  -3.6551e+00  -5.2896e+00  -3.9253e+00  -5.8412e+00

 Columns 2059 through 2064:

  -9.5049e+00  -9.7967e+00  -6.1090e+00  -5.1058e+00  -2.0786e+00  -6.0516e+00

 Columns 2065 through 2070:

  -1.3962e+00  -4.1720e+00  -1.0139e+01  -2.1245e+00  -7.4653e+00  -5.9758e+00

 Columns 2071 through 2076:

  -6.3109e+00  -7.4371e+00  -1.1625e+01  -2.4366e+00  -9.2544e+00  -3.9075e+00

 Columns 2077 through 2082:

  -7.4689e+00  -8.9187e+00  -1.2455e+00  -8.2284e+00  -8.1800e+00  -5.0451e+00

 Columns 2083 through 2088:

  -9.0395e+00  -1.0746e+01  -2.1120e+00  -3.1357e+00  -7.0564e+00  -1.5342e+00

 Columns 2089 through 2094:

  -6.1743e+00  -7.9913e+00  -1.4721e+01  -9.3298e+00  -2.9022e+00  -6.2401e+00

 Columns 2095 through 2100:

  -6.3102e+00  -2.3378e+00  -5.6269e+00  -6.9798e+00  -2.0450e+00  -1.1310e+01

 Columns 2101 through 2106:

  -2.1973e+00  -8.1012e+00   9.3258e-01  -5.1131e+00  -7.4977e+00  -6.0754e+00

 Columns 2107 through 2112:

  -6.5656e+00  -3.2683e+00  -5.8499e+00  -1.0332e+01  -6.9925e+00  -5.0229e+00

 Columns 2113 through 2118:

  -9.9149e+00  -5.0498e+00  -4.7804e+00  -5.9965e+00  -1.0347e+01  -8.6864e+00

 Columns 2119 through 2124:

  -9.0658e+00  -5.5546e+00  -9.9502e+00  -3.3332e+00  -4.8386e+00  -3.1018e+00

 Columns 2125 through 2130:

  -7.9912e+00  -4.6080e+00  -1.8701e+00  -7.7732e+00  -9.1573e+00  -7.1277e+00

 Columns 2131 through 2136:

  -6.0873e+00  -5.8735e-01  -4.5664e+00  -1.5988e+00  -5.3571e+00  -4.7628e+00

 Columns 2137 through 2142:

  -7.9820e+00  -6.5178e+00  -8.0163e+00  -2.8464e-01  -9.3314e+00  -5.9296e+00

 Columns 2143 through 2148:

  -6.4547e+00  -6.9417e+00  -2.7242e+00  -7.5721e+00  -4.2067e+00  -7.8181e+00

 Columns 2149 through 2154:

  -7.2200e+00  -8.8678e+00  -9.5778e+00  -8.6103e+00  -9.3630e+00  -3.0171e+00

 Columns 2155 through 2160:

  -4.1559e+00  -5.5743e+00  -7.5310e+00  -3.0834e+00  -7.4369e+00   2.0201e+00

 Columns 2161 through 2166:

  -4.1781e+00  -1.0608e+01  -9.8633e+00  -5.3488e+00  -4.3805e+00  -4.9327e+00

 Columns 2167 through 2172:

  -7.6824e+00  -5.8911e+00  -9.1997e+00   5.0256e-01  -9.3258e+00  -3.6297e+00

 Columns 2173 through 2178:

  -4.9173e+00  -8.1533e+00  -5.7520e+00  -4.4820e+00  -5.1629e+00  -7.3090e+00

 Columns 2179 through 2184:

  -6.9612e+00  -6.5626e+00  -8.9578e+00  -3.3233e+00  -4.3219e+00  -1.0971e+01

 Columns 2185 through 2190:

  -5.0365e+00  -6.7171e+00  -2.7739e+00  -9.1043e+00  -1.6985e+00  -8.2715e+00

 Columns 2191 through 2196:

  -6.8895e+00  -5.7203e+00  -5.5248e+00  -4.3986e+00  -3.2431e+00  -4.7281e+00

 Columns 2197 through 2202:

  -7.2102e+00  -4.6590e+00  -1.0377e+00  -8.1467e+00  -1.0619e+01  -7.5269e+00

 Columns 2203 through 2208:

  -4.7391e+00  -6.2888e+00  -9.9149e+00  -1.4516e+00  -3.9142e+00  -1.6300e-02

 Columns 2209 through 2214:

  -1.1510e+01  -6.0440e+00  -7.5124e+00  -8.7582e+00  -1.1195e+01  -9.6674e+00

 Columns 2215 through 2220:

  -1.6283e+00  -1.0917e+01  -8.8845e+00  -4.4292e+00  -4.9846e+00  -5.0425e+00

 Columns 2221 through 2226:

  -2.7197e+00  -8.5397e+00  -2.2151e+00  -2.0715e+00  -8.4321e+00  -4.7338e+00

 Columns 2227 through 2232:

  -2.5465e+00  -6.8133e+00  -1.0731e+01  -5.0350e+00  -2.7544e+00  -3.8788e+00

 Columns 2233 through 2238:

  -8.1743e+00  -5.2361e+00  -6.1018e+00  -6.9650e+00  -1.7734e+00  -5.4913e+00

 Columns 2239 through 2244:

  -5.7674e+00  -9.3912e+00  -9.1640e+00  -2.4988e+00  -5.0899e+00  -1.0032e+01

 Columns 2245 through 2250:

  -5.0754e+00  -7.9191e+00  -1.1829e+01  -4.1864e+00  -7.3345e+00  -6.2778e+00

 Columns 2251 through 2256:

  -5.1193e+00  -4.1882e+00  -7.8882e+00  -6.8936e+00  -1.0539e+01  -5.2753e+00

 Columns 2257 through 2262:

  -1.0409e+01  -3.5431e+00  -6.9973e-01  -1.2324e+01  -2.0563e+00  -4.0214e+00

 Columns 2263 through 2268:

  -1.1547e+01  -6.8707e+00  -1.0240e+01  -8.5711e+00  -2.5728e+00  -6.8361e+00

 Columns 2269 through 2274:

  -2.7241e+00  -5.2456e-01  -6.3765e+00  -8.1597e+00  -6.7314e+00  -9.0150e+00

 Columns 2275 through 2280:

  -5.4723e+00  -1.0951e+01  -5.6843e+00  -2.9908e+00  -1.1750e+01  -4.3288e+00

 Columns 2281 through 2286:

  -2.5725e+00  -6.9355e+00  -9.0950e+00  -1.9228e+00   1.4382e+00  -9.5259e+00

 Columns 2287 through 2292:

  -2.4240e+00  -1.3117e+01  -3.3163e+00  -5.9381e+00  -5.5859e+00  -5.6412e+00

 Columns 2293 through 2298:

  -1.1725e+01  -9.6029e+00  -7.3956e+00  -2.4978e+00  -3.9202e+00  -2.3939e+00

 Columns 2299 through 2304:

  -5.9464e+00  -8.7011e+00  -1.1377e+01  -6.3441e+00  -1.0431e+01  -4.9829e+00

 Columns 2305 through 2310:

  -1.2479e+00  -8.1775e+00  -1.7858e+00  -4.8076e+00  -3.6537e+00  -4.0175e+00

 Columns 2311 through 2316:

  -6.8135e+00  -6.5649e+00  -8.1258e+00  -5.1337e+00  -8.7237e+00  -7.7126e+00

 Columns 2317 through 2322:

  -3.6983e+00  -6.2666e+00  -9.8616e+00  -7.0204e+00  -3.7232e+00  -7.2603e+00

 Columns 2323 through 2328:

  -6.1664e+00  -2.2342e+00  -6.4716e+00  -2.3188e+00  -4.9181e+00  -1.1951e+01

 Columns 2329 through 2334:

  -2.1252e+00  -3.0156e+00  -1.1585e+00  -1.7237e+00  -6.8293e+00  -5.0269e+00

 Columns 2335 through 2340:

  -4.9992e+00  -5.9001e+00   9.3651e-01  -7.5514e+00  -4.6991e+00  -1.0698e+01

 Columns 2341 through 2346:

  -2.6228e-01  -7.6381e+00  -6.8914e+00  -7.1437e+00  -3.9383e+00  -4.7595e+00

 Columns 2347 through 2352:

  -1.2212e+01  -7.1412e+00  -1.1489e+01  -6.6583e+00  -1.1280e+01  -3.4182e+00

 Columns 2353 through 2358:

  -1.8669e+00  -6.4308e+00  -4.9521e+00  -4.7384e+00  -7.8405e+00  -4.9462e+00

 Columns 2359 through 2364:

  -3.4966e+00  -2.5327e+00  -9.6014e+00  -5.8727e+00  -5.2936e+00  -7.3232e+00

 Columns 2365 through 2370:

  -8.0212e+00  -7.7708e+00  -1.1552e+01  -7.8843e+00  -8.3639e+00  -4.9589e+00

 Columns 2371 through 2376:

  -6.4706e+00  -5.3172e+00  -8.3683e+00  -4.5600e+00  -5.1217e+00  -6.7863e+00

 Columns 2377 through 2382:

  -4.5260e+00  -4.4241e+00  -6.0788e+00  -1.5086e+00  -1.2556e+00  -2.4182e+00

 Columns 2383 through 2388:

  -1.5505e+00  -7.4798e+00  -4.1579e+00  -6.4363e+00  -7.2846e+00  -1.2308e+01

 Columns 2389 through 2394:

  -1.4723e+00  -4.7152e+00  -4.6914e+00  -4.9369e+00  -4.6176e+00  -5.5454e+00

 Columns 2395 through 2400:

  -4.9918e+00  -9.4753e+00  -5.7693e+00  -5.6313e+00  -7.8493e+00  -5.5406e+00

 Columns 2401 through 2406:

  -1.1978e+01  -4.2304e+00  -9.7620e-01  -3.2999e+00  -7.4916e+00  -3.6527e+00

 Columns 2407 through 2412:

   2.6008e+00  -4.6853e+00  -1.5381e+01  -2.8738e+00  -8.0437e+00  -9.0684e+00

 Columns 2413 through 2418:

  -6.9405e+00  -4.1419e+00  -7.3784e+00  -5.1135e+00  -2.8091e+00  -5.5513e+00

 Columns 2419 through 2424:

  -7.2829e+00  -1.0514e+01  -6.5807e+00  -1.5616e+01  -1.2224e+01  -1.8704e+00

 Columns 2425 through 2430:

  -2.9913e+00  -6.2194e+00  -3.0492e+00   4.0504e-01  -3.5261e+00  -4.1383e+00

 Columns 2431 through 2436:

  -4.6031e+00  -8.0339e+00  -4.9153e+00  -3.9724e+00  -3.8148e+00  -8.1459e+00

 Columns 2437 through 2442:

  -2.9759e+00  -5.7828e+00  -5.5643e+00  -2.8835e+00  -4.4829e+00  -4.9568e+00

 Columns 2443 through 2448:

  -9.3930e+00  -8.0035e+00  -5.6190e+00  -4.2874e+00  -8.7557e+00  -3.4004e+00

 Columns 2449 through 2454:

  -3.3098e+00  -7.9522e+00  -7.5461e+00  -6.3399e+00  -7.3166e+00  -1.9407e+00

 Columns 2455 through 2460:

  -8.0507e+00  -3.5987e+00  -7.4602e+00  -8.0118e+00  -1.0348e+01  -5.0845e+00

 Columns 2461 through 2466:

  -7.9812e+00  -4.0192e+00  -3.9499e+00  -3.1874e+00  -6.7040e+00  -4.3459e+00

 Columns 2467 through 2472:

  -5.9362e+00  -8.9004e+00  -2.8279e+00  -2.0647e-01  -1.3673e+01  -6.7108e+00

 Columns 2473 through 2478:

  -7.0282e+00  -6.7258e+00  -5.1841e+00  -7.6681e+00  -6.3427e+00  -4.1452e+00

 Columns 2479 through 2484:

  -5.9460e-01  -4.0623e+00  -9.7961e+00  -4.5900e+00  -2.2443e+00  -8.9107e-01

 Columns 2485 through 2490:

  -8.9889e+00  -5.4841e+00  -1.3632e+01  -5.6956e+00  -4.2392e+00  -2.5515e+00

 Columns 2491 through 2496:

  -1.4169e+01  -4.0745e+00  -7.7359e+00  -3.2541e+00  -4.4772e+00  -1.2228e+01

 Columns 2497 through 2502:

  -8.6531e+00   3.5353e+00   5.3343e-01  -6.8407e+00  -8.1307e+00  -4.5531e+00

 Columns 2503 through 2508:

  -8.9284e+00  -1.0730e+01  -6.1357e+00  -5.5143e+00  -5.5291e+00  -3.1582e+00

 Columns 2509 through 2514:

  -9.9750e+00  -7.6223e+00  -2.2403e+00  -4.5160e+00  -7.6319e+00  -9.7908e+00

 Columns 2515 through 2520:

  -2.1014e+00  -8.7516e+00  -1.5075e+00  -7.1999e+00  -3.3587e+00  -3.9966e+00

 Columns 2521 through 2526:

  -3.1224e+00  -8.6368e+00  -4.0599e+00  -8.4511e+00  -1.1338e+01  -2.9872e+00

 Columns 2527 through 2532:

  -7.2809e+00  -9.5052e+00  -5.7864e+00  -4.7258e+00  -9.1884e+00  -5.4852e+00

 Columns 2533 through 2538:

  -6.4857e+00  -2.9474e+00  -6.0959e+00  -4.5627e+00  -3.4758e+00  -5.5936e+00

 Columns 2539 through 2544:

  -6.9759e+00  -4.6131e+00  -8.2199e+00  -7.9400e+00  -8.4661e+00  -2.9034e+00

 Columns 2545 through 2550:

  -5.8934e+00  -4.8559e+00   5.8189e-01  -1.0726e+00  -7.8346e+00  -7.0105e+00

 Columns 2551 through 2556:

  -4.7547e+00  -4.3176e+00  -1.0700e+01  -7.0106e+00  -1.5058e+01  -2.3770e+00

 Columns 2557 through 2562:

  -4.1319e+00  -1.5220e+00  -6.6383e+00  -4.6072e+00  -6.3198e+00  -6.8863e+00

 Columns 2563 through 2568:

  -3.4978e+00  -1.4178e+01  -5.1446e+00  -7.7089e+00  -1.9940e+00  -1.8158e+00

 Columns 2569 through 2574:

  -4.3417e+00  -4.0252e+00  -9.0020e+00  -1.0432e+01  -5.6368e+00  -1.0635e+01

 Columns 2575 through 2580:

  -3.7206e+00  -1.1127e+00  -1.2330e+01  -8.3447e+00  -1.0272e+01  -1.0556e+01

 Columns 2581 through 2586:

  -6.2012e+00  -5.5235e+00  -1.3810e+01  -4.4708e+00  -4.7164e+00  -7.8776e+00

 Columns 2587 through 2592:

  -7.0669e+00  -1.0663e+01  -8.3011e-01  -5.7868e+00  -4.2546e+00  -3.4268e+00

 Columns 2593 through 2598:

  -5.3897e+00  -3.0524e-02  -6.2679e+00  -7.2966e+00  -7.1782e+00  -1.2715e+00

 Columns 2599 through 2604:

  -8.8422e+00  -9.2746e+00  -4.1662e+00  -7.7017e-01  -7.6226e+00  -6.0465e+00

 Columns 2605 through 2610:

  -9.4771e+00  -2.6500e+00  -7.0478e+00  -9.2098e+00  -4.4369e+00  -1.0547e+01

 Columns 2611 through 2616:

  -3.4615e+00  -5.1846e+00  -1.3303e+01  -5.8534e+00  -9.0933e-01  -5.5536e+00

 Columns 2617 through 2622:

  -1.4180e+00   7.2701e-01  -7.6780e+00  -1.0600e+01  -8.7529e+00  -5.5954e+00

 Columns 2623 through 2628:

  -7.9349e+00  -3.8473e+00  -1.1849e+01  -5.4207e+00  -7.1401e+00  -1.3793e+01

 Columns 2629 through 2634:

  -1.1324e+01  -7.0339e+00  -5.1908e+00  -3.2623e+00  -5.2907e+00  -1.0917e+01

 Columns 2635 through 2640:

  -7.8287e+00  -1.1409e+01  -1.0693e+01  -6.3632e+00  -4.6459e+00  -3.2053e+00

 Columns 2641 through 2646:

  -4.9713e+00  -1.0032e+01  -2.1288e+00  -6.6049e+00  -6.9961e+00  -2.9487e+00

 Columns 2647 through 2652:

  -3.5630e+00  -1.7561e+00  -4.9955e+00  -4.1915e+00   3.4606e-01  -6.5090e+00

 Columns 2653 through 2658:

  -7.1462e+00  -6.6559e+00  -1.0860e+00  -8.1758e+00  -8.8236e+00  -2.2669e+00

 Columns 2659 through 2664:

  -4.7772e+00   1.1819e+00  -9.3845e+00  -8.3065e+00  -6.6034e+00  -5.6315e+00

 Columns 2665 through 2670:

  -3.7285e+00  -7.0702e+00  -6.8584e+00  -4.8553e+00  -2.0670e+00  -3.6616e+00

 Columns 2671 through 2676:

  -4.8984e+00  -1.0397e+01  -8.9350e+00  -8.1749e+00  -3.5871e-01  -4.2006e+00

 Columns 2677 through 2682:

  -4.1735e+00  -5.4798e+00  -5.9907e+00  -4.7876e+00  -6.1677e+00  -7.1840e+00

 Columns 2683 through 2688:

  -2.6892e+00  -8.2560e+00  -8.2387e+00  -3.9020e+00  -9.1343e+00  -5.5456e+00

 Columns 2689 through 2694:

  -9.1202e+00  -2.5852e+00  -7.8642e+00  -3.5555e+00  -3.9292e+00  -1.7138e-01

 Columns 2695 through 2700:

  -3.0522e+00  -9.0920e+00  -6.3453e+00  -3.8684e+00  -8.8375e+00  -6.1623e+00

 Columns 2701 through 2706:

  -8.0945e+00  -1.2295e+01  -7.5437e+00  -7.8091e+00  -8.0078e+00  -1.1931e+01

 Columns 2707 through 2712:

  -8.8249e+00  -9.7370e+00  -6.6364e+00  -4.9413e+00  -6.6011e+00  -1.0917e+01

 Columns 2713 through 2718:

  -8.4251e+00  -1.0476e+01  -4.6467e+00  -2.9712e+00  -7.4913e+00  -8.7197e+00

 Columns 2719 through 2724:

  -6.9642e+00  -1.3726e+01  -8.4533e+00  -5.3132e+00  -7.5060e+00  -2.4118e+00

 Columns 2725 through 2730:

  -5.5706e+00  -8.1994e+00  -5.4562e+00  -5.2413e+00  -3.6566e+00  -8.0018e+00

 Columns 2731 through 2736:

  -1.4110e+01  -7.2632e+00  -6.2067e+00  -5.5119e+00  -7.5620e+00  -4.4542e+00

 Columns 2737 through 2742:

  -1.0787e+01  -1.0099e+01  -6.8163e+00  -3.4557e+00  -3.1298e+00  -2.2572e-01

 Columns 2743 through 2748:

  -7.2133e+00  -6.7211e+00  -2.9307e+00  -4.7674e+00  -5.4459e+00  -9.7729e+00

 Columns 2749 through 2754:

  -6.2276e+00  -1.4248e+01  -6.5617e+00  -1.1182e+01  -8.7129e+00  -5.7730e+00

 Columns 2755 through 2760:

  -5.6860e+00  -9.1604e+00  -6.6872e+00  -4.5605e+00  -1.0290e+01  -7.8026e+00

 Columns 2761 through 2766:

  -8.9076e+00  -6.9694e+00  -8.3513e+00  -1.1162e+01  -5.5826e+00  -6.3744e-01

 Columns 2767 through 2772:

  -7.3022e+00  -5.2475e+00  -2.5985e+00  -5.1132e+00  -7.1133e+00  -6.0707e+00

 Columns 2773 through 2778:

  -9.3134e-02  -5.5034e+00  -2.9062e-01  -5.1069e+00  -2.8478e+00  -2.7202e+00

 Columns 2779 through 2784:

  -7.1251e+00  -5.8689e+00  -9.7759e+00  -8.9257e+00  -1.1203e+01  -7.7757e+00

 Columns 2785 through 2790:

  -1.6660e+00  -6.1164e+00   1.3339e+00  -4.2195e+00  -6.0111e+00  -7.5610e+00

 Columns 2791 through 2796:

  -1.9259e+00  -5.9314e+00  -6.5607e+00  -6.0901e+00  -2.9444e+00  -7.5182e+00

 Columns 2797 through 2802:

  -5.0822e+00  -8.4663e+00  -8.1252e+00  -5.5161e+00  -6.2269e+00  -3.3784e+00

 Columns 2803 through 2808:

  -4.0846e+00  -3.4001e+00  -4.9405e+00  -5.0196e+00  -6.9567e+00  -8.0545e+00

 Columns 2809 through 2814:

  -6.2799e+00  -4.0856e+00  -1.0557e+01  -5.7566e+00  -1.0891e+01  -5.2966e+00

 Columns 2815 through 2820:

  -3.9449e+00  -8.3805e+00  -4.6227e+00  -8.9059e+00  -8.0365e+00  -4.0995e+00

 Columns 2821 through 2826:

  -3.6108e+00  -8.8763e+00  -7.7258e-02  -4.9625e+00  -6.3570e+00  -5.0193e+00

 Columns 2827 through 2832:

  -8.1359e+00  -5.2123e+00  -1.2579e-01  -5.3316e+00  -9.9755e+00  -6.1277e+00

 Columns 2833 through 2838:

  -4.9446e+00  -5.2245e+00  -1.3218e+01  -1.0729e-01  -1.5334e+00  -4.1096e+00

 Columns 2839 through 2844:

  -5.0589e+00  -7.2362e+00  -5.1348e+00  -9.2466e+00  -8.7156e+00  -8.6713e+00

 Columns 2845 through 2850:

  -2.8037e+00   5.3800e-01  -1.0707e+01  -5.3189e+00  -8.7393e+00  -8.5247e+00

 Columns 2851 through 2856:

  -7.2034e+00  -9.2357e+00  -5.3543e+00  -6.3212e+00  -8.1016e+00  -1.9484e+00

 Columns 2857 through 2862:

  -2.8163e+00  -3.8813e+00  -5.8561e+00  -1.1705e+01  -3.8422e+00  -7.0118e+00

 Columns 2863 through 2868:

  -5.1723e+00  -6.0064e+00  -1.4881e+00  -3.8050e+00  -3.8259e+00  -2.1569e+00

 Columns 2869 through 2874:

  -7.5512e+00  -6.5114e+00  -3.7747e+00  -3.4527e+00  -7.2124e+00  -3.9279e+00

 Columns 2875 through 2880:

  -5.9593e+00  -5.4708e+00  -9.1326e+00  -6.8113e+00  -9.8364e+00  -7.6708e+00

 Columns 2881 through 2886:

  -8.2948e+00  -1.0886e+01  -3.9831e+00  -5.1286e+00  -9.3872e+00  -2.4137e+00

 Columns 2887 through 2892:

  -3.4007e+00  -9.6410e+00  -3.3414e+00  -1.2345e+01  -7.3628e+00  -1.6140e+00

 Columns 2893 through 2898:

  -1.7351e+00  -4.9760e+00  -6.7968e+00  -5.0747e+00  -3.9267e+00  -7.9932e+00

 Columns 2899 through 2904:

  -5.7012e+00  -6.7283e+00  -1.4993e+00  -1.7534e+00  -2.1473e+00  -3.5672e+00

 Columns 2905 through 2910:

  -7.4051e+00  -3.0318e+00  -4.3477e+00  -3.4405e+00  -1.9999e+00  -1.6226e+00

 Columns 2911 through 2916:

  -1.1693e+01  -1.2899e+01  -5.7631e+00  -2.6257e+00  -2.8183e+00  -9.4094e+00

 Columns 2917 through 2922:

  -2.6039e+00  -4.0830e+00  -3.0447e+00  -2.5216e+00  -1.1074e+01  -3.4415e+00

 Columns 2923 through 2928:

  -1.1122e+01  -5.5692e-01  -7.1785e+00  -1.2924e+01  -3.0126e+00  -8.6544e+00

 Columns 2929 through 2934:

  -5.7102e+00  -6.4537e+00  -8.9054e+00  -8.0327e+00  -4.9554e+00  -1.0388e+01

 Columns 2935 through 2940:

  -7.5152e+00  -4.0686e+00  -2.7588e+00  -5.4011e+00  -9.3678e+00  -1.8600e+00

 Columns 2941 through 2946:

  -6.6752e+00  -3.3415e+00  -4.8397e+00  -5.9772e+00  -3.6666e+00  -5.3060e+00

 Columns 2947 through 2952:

  -5.7412e+00  -4.7151e+00  -2.1195e+00  -5.8808e+00  -9.6853e+00  -1.1334e+01

 Columns 2953 through 2958:

  -1.5208e+00  -1.3676e+01  -3.1935e+00  -7.2775e+00  -1.0189e+01  -8.0592e+00

 Columns 2959 through 2964:

  -5.2535e+00  -4.9173e+00  -4.2510e+00  -5.5244e+00  -6.7207e+00  -8.4487e+00

 Columns 2965 through 2970:

  -7.0417e+00  -7.4836e+00  -7.9246e+00  -6.3049e+00  -5.7747e+00  -7.0743e+00

 Columns 2971 through 2976:

  -9.6239e+00  -1.0569e+01  -1.1686e+01  -4.8380e+00  -4.3047e+00  -7.5435e+00

 Columns 2977 through 2982:

  -1.2500e+01  -1.4327e+01  -5.3311e+00  -1.7547e+00  -5.1318e+00  -7.9232e+00

 Columns 2983 through 2988:

  -5.0374e+00  -1.0282e+01  -2.8051e+00  -4.8652e+00  -3.5072e+00  -2.3820e+00

 Columns 2989 through 2994:

  -5.9402e+00  -8.7786e+00  -2.0293e+00  -5.8947e+00  -9.6928e+00  -7.0568e+00

 Columns 2995 through 3000:

  -4.6202e-01  -4.2036e+00  -8.5838e+00  -3.6819e+00  -1.0348e+01  -7.7850e+00

 Columns 3001 through 3006:

   1.9540e-01  -6.1353e+00  -6.8687e+00  -9.6606e+00  -7.6022e+00  -5.3882e+00

 Columns 3007 through 3012:

  -7.8441e+00  -5.5538e+00  -1.4944e+00  -1.0794e+01  -6.3066e+00  -6.2014e+00

 Columns 3013 through 3018:

  -4.5972e+00  -1.1097e+01  -2.3771e+00  -4.0194e+00  -8.0175e+00  -6.5712e+00

 Columns 3019 through 3024:

  -7.6096e+00  -1.8960e+00  -8.4365e+00  -4.3820e+00  -3.4122e+00  -1.0011e+01

 Columns 3025 through 3030:

  -9.0930e+00  -9.5932e+00  -3.7982e+00  -5.2781e+00  -7.8928e+00  -5.5861e+00

 Columns 3031 through 3036:

  -3.2967e+00  -3.7228e+00  -2.5254e+00  -5.5275e+00  -5.3662e+00  -7.2453e+00

 Columns 3037 through 3042:

  -1.1163e+01  -5.4347e+00  -3.8775e+00  -6.6389e+00  -6.7595e+00  -1.3457e+01

 Columns 3043 through 3048:

  -1.0776e+01  -3.0817e+00  -3.4070e+00  -7.5906e+00  -7.9240e+00  -3.2357e+00

 Columns 3049 through 3054:

  -5.5670e+00  -4.0991e+00  -3.4431e+00  -1.5052e+01  -5.1326e+00  -4.2011e+00

 Columns 3055 through 3060:

  -3.0195e+00  -2.9404e-01  -1.1020e+01  -1.1614e+01  -8.8619e+00  -1.1362e+01

 Columns 3061 through 3066:

  -9.1464e+00  -1.0071e+01  -7.2143e+00  -5.9713e+00  -9.0549e+00  -1.1660e+01

 Columns 3067 through 3072:

  -7.9939e+00  -6.1075e+00  -2.3322e+00  -4.6638e+00  -2.3129e+00  -3.2745e+00

 Columns 3073 through 3078:

  -2.5570e+00  -4.2524e+00  -7.6945e+00  -3.4456e+00  -7.7280e+00  -8.8714e+00

 Columns 3079 through 3084:

  -5.2519e+00  -7.7275e+00  -3.3419e+00  -1.3573e+01  -3.4809e+00  -8.5298e+00

 Columns 3085 through 3090:

  -8.9227e+00  -7.1382e+00  -1.0973e+01  -2.1589e+00  -7.3743e+00  -7.9632e+00

 Columns 3091 through 3096:

  -3.0776e+00  -4.4147e+00  -1.0520e+01  -6.0980e+00  -6.4815e+00   8.4686e-01

 Columns 3097 through 3102:

  -9.2583e+00  -3.4775e+00  -1.1601e+01  -8.6818e+00  -3.1907e-01  -1.0037e+01

 Columns 3103 through 3108:

  -9.3953e-01  -9.6087e+00  -7.9971e+00  -3.6347e+00   3.4732e-01  -1.1127e+01

 Columns 3109 through 3114:

  -7.8436e+00  -1.1344e+01  -1.5055e+00  -1.3188e+00  -7.9649e+00  -4.8513e+00

 Columns 3115 through 3120:

  -7.2557e+00  -5.3562e+00  -4.2303e+00  -5.4187e+00  -7.9912e+00  -3.7557e+00

 Columns 3121 through 3126:

  -6.2095e+00  -5.1080e+00  -3.9620e+00  -6.3675e+00   9.8543e-01  -4.4330e+00

 Columns 3127 through 3132:

  -8.5454e+00  -7.7631e+00   6.8909e-01  -6.7109e+00  -9.3373e+00  -1.7643e+00

 Columns 3133 through 3138:

  -7.9707e+00  -1.0355e+01  -1.5667e+01  -8.1921e+00  -9.0832e+00  -6.3883e+00

 Columns 3139 through 3144:

  -8.6324e+00  -1.1427e+01  -2.8153e+00  -3.0405e+00  -4.2245e+00  -4.9579e+00

 Columns 3145 through 3150:

  -8.6601e+00  -8.5917e+00  -1.0467e+01  -3.2558e+00  -6.5973e+00  -1.2025e+01

 Columns 3151 through 3156:

  -1.2524e+01  -1.3725e+01  -2.0760e+00  -4.5941e+00  -7.0111e+00  -2.5797e-01

 Columns 3157 through 3162:

  -5.9114e+00  -3.0757e+00  -5.8442e+00  -8.7811e+00  -4.5377e+00  -7.4126e+00

 Columns 3163 through 3168:

  -8.1822e+00  -1.0258e+01  -5.0474e+00   1.4805e-01  -4.6635e+00  -8.1089e+00

 Columns 3169 through 3174:

  -4.9317e+00  -6.9650e+00  -8.2069e+00   7.9483e-02  -7.6128e+00  -4.9072e+00

 Columns 3175 through 3180:

  -4.5645e+00  -1.1918e+01  -3.4374e+00   1.3370e+00  -7.1214e+00  -9.3774e+00

 Columns 3181 through 3186:

  -5.9816e+00  -7.8609e+00  -1.0567e+01  -8.7213e+00  -6.4570e+00  -3.1973e+00

 Columns 3187 through 3192:

  -3.6752e+00  -1.2539e+01  -7.0885e+00  -1.1507e+01  -9.5003e+00  -2.7259e+00

 Columns 3193 through 3198:

  -1.2491e+01  -4.0065e+00  -1.0834e+01  -3.1056e+00  -7.6026e+00  -5.6142e+00

 Columns 3199 through 3204:

  -1.0998e+01  -1.3577e+00  -1.6970e+00  -8.0585e+00  -7.2409e+00  -1.3942e+01

 Columns 3205 through 3210:

  -5.3820e+00  -1.3727e+01  -6.7509e+00  -3.1489e+00  -2.6549e+00  -1.0013e+01

 Columns 3211 through 3216:

  -1.6390e+00  -2.8291e+00  -4.9667e+00  -5.5114e+00  -1.0808e+00  -7.0824e+00

 Columns 3217 through 3222:

  -5.2519e+00  -6.1911e+00  -7.2206e+00  -8.6226e+00  -5.5637e+00  -9.8294e+00

 Columns 3223 through 3228:

  -1.1436e+01  -8.2871e+00  -1.0242e+01  -9.5606e+00  -8.2667e+00  -1.0828e+01

 Columns 3229 through 3234:

  -7.3245e-01  -1.4119e+01   2.6035e-01  -7.1557e+00  -8.8531e+00  -1.1925e+01

 Columns 3235 through 3240:

  -4.1236e+00  -9.0932e+00   3.0465e-01  -7.3518e+00  -5.4210e+00  -6.4351e+00

 Columns 3241 through 3246:

  -2.1168e+00  -1.4272e+00  -5.6817e-01  -6.5358e+00  -5.8082e+00  -2.6423e+00

 Columns 3247 through 3252:

  -6.2108e+00  -9.7773e+00  -5.6414e+00  -9.1804e+00  -3.9013e+00  -3.7580e+00

 Columns 3253 through 3258:

  -9.6728e+00  -1.1509e+01  -4.5587e+00  -7.2687e+00  -7.8980e+00  -3.2153e+00

 Columns 3259 through 3264:

  -7.0796e+00  -1.2556e+01  -8.1446e+00  -6.5110e+00  -4.8178e+00  -1.6221e+00

 Columns 3265 through 3270:

  -4.7481e+00  -9.2744e+00  -6.8123e+00  -1.2071e+01  -1.2182e+01  -5.8624e+00

 Columns 3271 through 3276:

  -3.5115e+00  -6.5884e+00  -9.3451e+00  -6.8026e+00  -1.1395e+01  -5.1585e+00

 Columns 3277 through 3282:

  -9.1994e+00  -4.6937e+00  -1.1035e+01  -6.0759e+00  -6.5103e+00  -5.2598e+00

 Columns 3283 through 3288:

  -1.7383e+00  -6.2492e+00  -9.8903e+00  -1.8727e+00  -8.2807e+00  -1.3043e+00

 Columns 3289 through 3294:

  -5.0777e+00  -4.2151e+00  -6.5715e+00   3.6594e+00  -5.7865e+00  -1.6353e+00

 Columns 3295 through 3300:

  -9.9868e+00  -8.6365e+00  -5.7256e+00  -4.3457e+00  -3.2050e+00  -6.7175e+00

 Columns 3301 through 3306:

  -8.9975e+00  -7.0772e+00   1.2922e+00  -5.9889e+00  -6.1903e+00  -5.6051e+00

 Columns 3307 through 3312:

  -2.5453e+00  -6.3402e+00  -8.9807e+00  -1.0495e+01  -3.6063e+00  -4.2251e+00

 Columns 3313 through 3318:

   2.8630e-01  -7.0457e+00  -1.1770e+01  -6.3996e+00  -1.0426e+01  -6.4984e+00

 Columns 3319 through 3324:

  -8.6305e+00  -1.7547e+00  -7.0059e+00  -7.6963e+00  -1.0342e+01  -6.6542e+00

 Columns 3325 through 3330:

  -8.5423e+00  -9.4397e+00  -2.3539e+00  -9.6299e+00  -6.3822e+00  -8.8756e+00

 Columns 3331 through 3336:

  -5.7185e+00  -3.1649e+00  -5.5518e+00  -5.1303e+00  -1.0031e+01   2.2768e+00

 Columns 3337 through 3342:

  -3.7456e+00  -1.2066e+00  -5.4426e+00  -1.0244e+01  -4.0468e-03  -1.0209e+01

 Columns 3343 through 3348:

  -5.4952e+00  -1.2467e+01  -4.0719e+00  -6.4091e+00  -4.6399e+00  -8.4175e+00

 Columns 3349 through 3354:

  -7.1958e+00  -3.9947e-01  -7.5949e+00  -7.8746e+00  -4.9746e+00  -3.8218e+00

 Columns 3355 through 3360:

  -5.4021e+00  -8.9918e+00  -4.4881e+00  -9.7899e+00  -6.7535e+00  -2.6187e+00

 Columns 3361 through 3366:

  -3.8165e+00  -5.8702e+00  -3.6567e+00  -5.4931e+00  -2.6444e+00  -4.9871e+00

 Columns 3367 through 3372:

   5.2163e+00  -5.5727e+00   8.1530e-03  -5.1820e+00  -5.1264e+00  -2.2178e+00

 Columns 3373 through 3378:

  -1.1826e+01  -1.9320e+00  -7.2732e+00  -3.3450e+00  -4.0079e+00  -6.9695e+00

 Columns 3379 through 3384:

  -2.6216e+00  -6.2008e+00  -4.3513e+00  -8.3518e+00  -6.9253e+00  -3.7366e+00

 Columns 3385 through 3390:

  -7.9155e+00   3.8610e-01  -1.2683e+00  -5.5443e+00  -2.9453e+00  -6.4788e+00

 Columns 3391 through 3396:

  -1.3010e+01  -3.1427e+00  -7.4987e+00  -8.8481e+00  -1.3881e+01  -9.8390e+00

 Columns 3397 through 3402:

  -5.9626e+00  -7.7054e+00  -3.8365e+00  -7.8659e+00  -4.4100e+00  -8.3473e+00

 Columns 3403 through 3408:

  -9.7291e-01  -7.7935e+00  -4.3337e+00  -1.0262e+00  -5.1043e+00  -9.3949e+00

 Columns 3409 through 3414:

   1.9385e+00  -1.3127e+01  -9.0586e+00  -6.3610e+00  -9.8999e+00  -9.5540e+00

 Columns 3415 through 3420:

  -5.1421e+00  -7.5266e+00  -1.3459e+01  -4.9779e+00  -9.0049e+00  -1.1748e+01

 Columns 3421 through 3426:

  -5.4017e+00   1.6335e+00  -1.3115e+00  -8.0680e+00  -2.7334e+00  -1.7043e+00

 Columns 3427 through 3432:

   5.3166e-01   7.5386e-01  -6.7998e+00  -2.1181e+00  -4.1324e+00  -5.9241e+00

 Columns 3433 through 3438:

  -7.2574e+00  -6.2175e+00  -4.9010e+00  -9.8575e+00  -4.0734e-01  -7.9304e+00

 Columns 3439 through 3444:

  -7.9478e+00  -5.0395e+00  -9.4271e+00  -5.6490e+00  -3.5839e+00  -5.3563e+00

 Columns 3445 through 3450:

  -4.5040e+00  -8.2733e+00  -7.8754e+00  -4.0218e+00  -6.0494e+00  -3.8977e+00

 Columns 3451 through 3456:

  -4.4862e+00  -1.9689e+00  -7.5834e+00  -5.8706e+00  -5.7678e+00  -4.4338e+00

 Columns 3457 through 3462:

  -3.2963e+00  -4.8916e+00  -8.5243e+00  -7.3231e+00  -2.0313e+00  -8.3874e+00

 Columns 3463 through 3468:

  -3.0829e+00  -7.3569e+00  -7.5017e+00  -3.3970e+00  -4.0003e+00  -6.8148e+00

 Columns 3469 through 3474:

  -7.3516e+00  -6.3564e+00  -4.9129e+00  -1.3652e+00  -2.2556e+00  -1.1545e+01

 Columns 3475 through 3480:

  -5.3449e+00  -3.4757e+00  -2.4676e+00  -6.6362e+00  -1.2384e+01  -7.4534e+00

 Columns 3481 through 3486:

  -2.8131e+00  -4.2131e+00  -5.4132e+00  -4.3940e+00  -1.1836e+01  -8.7332e+00

 Columns 3487 through 3492:

  -5.2995e+00  -9.8419e+00  -5.7648e+00  -1.2005e+01  -9.1018e+00  -8.6859e+00

 Columns 3493 through 3498:

  -3.1097e+00  -7.5799e+00  -3.2693e+00  -2.4419e+00  -4.0754e+00  -8.3527e+00

 Columns 3499 through 3504:

  -1.1066e+01  -3.7479e+00  -5.6657e+00  -8.1733e+00  -9.1348e+00  -1.9616e+00

 Columns 3505 through 3510:

  -7.2833e+00  -7.9194e+00   4.7708e-01  -7.0610e+00  -1.7237e+00  -3.5906e+00

 Columns 3511 through 3516:

  -8.1442e+00  -6.9890e+00  -5.3079e+00  -5.4572e+00  -1.7245e+00  -8.2478e+00

 Columns 3517 through 3522:

   4.7329e-01  -5.9730e+00  -3.0993e+00  -7.2646e+00  -1.1849e+00  -3.0331e+00

 Columns 3523 through 3528:

  -8.9996e+00  -6.4848e+00  -3.4140e+00  -8.3283e+00  -8.5865e+00  -6.3560e+00

 Columns 3529 through 3534:

  -1.1494e+01  -4.8807e+00  -2.7175e+00  -8.5185e+00  -6.2715e+00  -7.8278e+00

 Columns 3535 through 3540:

  -7.6024e+00  -8.8306e-01  -1.3917e+01  -4.9199e+00  -1.0335e+01  -6.1158e+00

 Columns 3541 through 3546:

  -5.2969e+00  -7.1599e+00  -1.0266e+00  -7.9294e+00  -4.3854e+00  -7.5517e+00

 Columns 3547 through 3552:

  -4.8125e+00  -6.8456e+00  -6.1024e+00  -1.1815e+01  -1.1687e+01   3.0561e+00

 Columns 3553 through 3558:

  -1.7778e+00  -1.0947e+01  -1.1837e+01  -6.9305e+00  -5.5058e+00  -1.9260e+00

 Columns 3559 through 3564:

  -4.0804e+00  -1.2330e+01  -8.4334e+00   1.3339e+00  -7.3034e+00  -8.6909e+00

 Columns 3565 through 3570:

  -3.1380e+00  -4.2654e+00  -9.3257e+00  -7.7567e+00  -7.9005e+00  -3.8280e+00

 Columns 3571 through 3576:

  -8.9994e+00   1.2475e+00  -1.2296e+01  -7.0661e+00  -8.8290e+00  -7.6999e+00

 Columns 3577 through 3582:

  -7.8118e+00  -5.5918e+00  -7.0989e+00  -7.9101e+00  -2.8214e+00  -5.3119e+00

 Columns 3583 through 3588:

  -4.6614e+00  -2.1503e+00  -5.0868e+00  -8.1155e+00  -6.0890e+00  -9.4276e+00

 Columns 3589 through 3594:

  -6.4562e+00  -5.3360e+00  -4.2533e+00  -7.0702e+00  -6.4324e+00  -5.8891e+00

 Columns 3595 through 3600:

  -1.6363e+01  -2.9193e+00  -7.7561e+00  -5.3288e+00  -1.0655e+00  -8.8074e+00

 Columns 3601 through 3606:

  -3.2859e+00  -9.3646e+00  -7.3947e+00  -2.7359e+00  -6.7501e+00  -1.0021e+01

 Columns 3607 through 3612:

  -3.2897e+00  -1.7662e+00  -3.3538e+00  -8.9939e+00  -1.9205e+00  -8.3142e+00

 Columns 3613 through 3618:

  -7.0746e+00  -6.9452e+00  -4.4543e+00  -2.2877e+00  -7.3030e+00   2.5206e-01

 Columns 3619 through 3624:

  -3.2939e+00  -8.0468e+00  -7.8742e+00  -7.7764e+00  -5.1845e+00  -2.1240e+00

 Columns 3625 through 3630:

  -8.8266e+00  -5.0521e+00  -4.2554e+00  -8.1514e+00  -5.5676e+00  -4.4236e+00

 Columns 3631 through 3636:

  -6.5474e+00  -5.7819e+00  -9.5563e+00  -1.1083e+01  -9.9783e+00  -6.0160e+00

 Columns 3637 through 3642:

  -7.3649e+00  -5.7437e+00  -6.4231e+00  -6.2028e+00  -4.0633e+00  -5.5350e+00

 Columns 3643 through 3648:

  -6.2484e+00  -2.4578e+00  -3.2160e+00  -3.9733e+00  -6.3804e+00  -6.6714e+00

 Columns 3649 through 3654:

  -7.1530e+00  -7.3797e+00  -7.1563e+00  -5.2546e+00  -7.5245e+00  -3.0142e+00

 Columns 3655 through 3660:

  -1.2792e+01  -6.7056e+00  -1.3835e+01  -8.1304e+00  -4.9694e+00  -5.2985e+00

 Columns 3661 through 3666:

  -1.0818e+01  -2.1076e+00  -1.2616e+01  -4.2446e+00  -1.2835e+01  -6.6535e+00

 Columns 3667 through 3672:

  -5.2481e+00  -4.5419e+00  -7.4465e+00  -4.4713e+00  -1.0448e+01  -7.7963e+00

 Columns 3673 through 3678:

  -1.5034e+00  -5.4902e-01  -1.1120e+01  -9.0020e+00  -8.7715e+00  -8.0194e+00

 Columns 3679 through 3684:

  -6.3972e+00  -7.4952e+00  -1.2629e+01  -2.5993e+00  -8.4563e+00  -9.7582e+00

 Columns 3685 through 3690:

  -4.9639e+00  -9.7337e+00  -3.6062e+00  -1.2043e+01  -2.0901e+00  -5.5368e+00

 Columns 3691 through 3696:

  -7.3874e+00  -4.3626e+00  -9.5067e+00  -6.3532e+00  -5.8050e+00  -3.0043e+00

 Columns 3697 through 3702:

  -5.3860e+00  -5.7536e+00  -5.7303e+00  -2.9125e+00  -4.1134e+00  -8.0162e+00

 Columns 3703 through 3708:

  -7.6329e+00  -5.1550e+00  -6.8089e+00  -7.3641e+00  -5.8604e+00  -9.2664e-01

 Columns 3709 through 3714:

  -1.0387e+01  -9.8886e+00  -1.1887e+00  -2.3038e+00   1.3053e+00  -1.0244e+01

 Columns 3715 through 3720:

  -1.4678e+00   5.0989e-02  -6.7489e+00  -8.7163e+00  -4.1311e+00  -3.2766e+00

 Columns 3721 through 3726:

  -9.9259e+00  -1.6269e+00  -5.6590e+00  -3.3754e+00  -1.8692e-01  -9.8304e+00

 Columns 3727 through 3732:

  -6.4134e+00  -1.2020e+01  -4.9010e+00  -6.8517e+00  -9.3937e+00  -9.7058e+00

 Columns 3733 through 3738:

  -1.5130e+00  -8.7208e+00  -1.0627e+01  -8.0538e+00  -9.3123e+00  -4.4629e+00

 Columns 3739 through 3744:

  -3.3242e+00  -9.6734e+00  -8.4913e+00  -4.4814e+00  -2.5036e+00  -1.2146e+00

 Columns 3745 through 3750:

  -1.2069e+01  -9.0311e+00  -8.1821e+00  -1.0265e+01  -8.7494e+00  -3.4387e+00

 Columns 3751 through 3756:

  -7.6251e-01  -1.7738e+00  -6.8437e+00  -9.7025e+00  -5.1718e+00  -7.9224e+00

 Columns 3757 through 3762:

  -3.7037e+00  -7.4299e+00   9.6224e-01  -7.4727e+00  -8.7846e+00  -4.5620e+00

 Columns 3763 through 3768:

  -6.2622e+00  -3.5746e+00  -8.3990e+00  -8.7295e+00  -6.3381e+00  -8.8861e+00

 Columns 3769 through 3774:

  -5.7179e+00  -5.5401e+00  -9.5814e+00  -7.3277e-01  -1.1582e+01  -4.6190e+00

 Columns 3775 through 3780:

  -1.1550e+01  -4.3884e+00  -1.3964e+01  -2.1370e+00  -1.0270e+01  -6.8224e+00

 Columns 3781 through 3786:

  -1.2662e+01  -5.8468e+00  -3.7522e+00  -2.3302e+00  -5.0156e+00  -5.0085e+00

 Columns 3787 through 3792:

  -3.9047e+00  -9.8640e+00  -6.5356e+00  -6.7919e+00  -3.7530e+00  -2.7542e+00

 Columns 3793 through 3798:

  -2.1864e+00  -9.4720e+00  -9.4299e+00  -3.1135e+00  -2.9237e+00  -3.6894e+00

 Columns 3799 through 3804:

  -3.6030e+00  -7.8366e+00  -1.1902e+01  -7.8826e+00  -9.1634e+00   1.9229e+00

 Columns 3805 through 3810:

  -1.8200e+00  -9.3142e+00  -8.6655e+00  -2.1302e+00  -1.9849e+00  -6.4607e+00

 Columns 3811 through 3816:

  -7.0507e+00  -1.9874e+00  -7.6887e+00  -7.9486e+00  -7.8313e+00  -4.0846e+00

 Columns 3817 through 3822:

  -5.7519e-01  -5.3124e+00  -5.3532e+00  -2.8058e+00  -6.1209e+00  -7.0110e+00

 Columns 3823 through 3828:

  -1.1483e+01  -8.4944e+00  -5.9357e+00  -1.3219e+00  -5.3667e+00  -2.9882e+00

 Columns 3829 through 3834:

  -1.0754e+01  -3.1421e+00  -8.0347e+00  -6.2958e+00  -6.8689e+00   9.7722e-01

 Columns 3835 through 3840:

  -8.5052e+00   3.8590e-01  -4.1034e+00  -8.9121e+00   2.9739e-01  -8.1516e+00

 Columns 3841 through 3846:

  -8.2328e+00  -7.3730e+00  -5.0246e+00  -9.8003e+00  -2.6183e+00  -3.7056e+00

 Columns 3847 through 3852:

  -5.9150e+00  -1.0773e+01  -6.4957e+00  -1.1157e+01  -4.2503e+00  -4.5667e+00

 Columns 3853 through 3858:

  -8.9856e+00  -4.9363e+00  -3.8025e+00  -9.8421e+00  -5.6573e+00  -1.0477e+01

 Columns 3859 through 3864:

  -9.8897e+00  -6.3147e+00  -3.5339e+00  -6.8583e+00  -4.5169e+00  -4.6109e+00

 Columns 3865 through 3870:

  -5.3505e+00  -7.3315e+00  -4.9682e+00  -6.9273e+00  -3.5921e+00  -8.0719e+00

 Columns 3871 through 3876:

  -6.4001e+00  -2.6918e+00  -1.0879e+01  -6.2092e+00  -9.7096e+00  -2.7062e+00

 Columns 3877 through 3882:

  -1.2631e+01  -4.2989e+00  -1.0495e+01  -7.7096e+00  -6.9711e+00  -3.3515e+00

 Columns 3883 through 3888:

  -8.9083e+00  -9.0690e+00  -3.3451e+00  -5.9034e+00  -7.2811e+00  -2.9368e+00

 Columns 3889 through 3894:

  -5.3260e+00  -5.8764e+00  -4.8009e+00  -3.0897e+00  -3.9955e+00  -2.6890e+00

 Columns 3895 through 3900:

  -1.0115e+01  -5.5132e+00  -6.8741e+00  -1.0364e+01  -6.3206e+00  -4.6099e+00

 Columns 3901 through 3906:

  -1.4452e+01  -6.5160e+00  -7.2996e+00  -9.1652e+00  -2.1589e+00  -2.7254e+00

 Columns 3907 through 3912:

  -1.1366e+01  -5.6773e+00  -4.8954e+00  -7.7163e+00  -6.8620e+00  -1.0945e+01

 Columns 3913 through 3918:

  -3.3528e+00  -1.0657e+01  -5.5918e+00  -1.6665e-01  -1.4121e+01   1.0875e+00

 Columns 3919 through 3924:

  -8.8266e+00  -5.3554e+00  -6.7759e+00  -6.0972e+00  -1.2595e+00  -4.0242e+00

 Columns 3925 through 3930:

  -3.8864e+00  -9.9562e+00  -6.6882e+00  -9.7925e+00  -7.1939e+00  -5.7708e+00

 Columns 3931 through 3936:

  -8.1474e+00  -5.8532e+00  -8.5978e+00  -8.2423e+00  -8.7269e+00  -6.1847e+00

 Columns 3937 through 3942:

  -7.7443e+00  -5.6201e+00  -7.8661e+00  -9.8794e-01  -1.2103e+01  -6.9916e+00

 Columns 3943 through 3948:

  -1.5345e+00  -4.5360e+00  -7.8180e+00  -7.3877e+00  -7.3513e+00   7.6946e-01

 Columns 3949 through 3954:

  -7.1986e+00  -8.2604e+00  -4.9206e+00  -8.1837e+00  -4.7252e+00  -2.1001e+00

 Columns 3955 through 3960:

  -6.9788e+00  -3.4347e+00  -3.7375e+00  -4.9401e+00  -7.4855e+00  -5.2436e+00

 Columns 3961 through 3966:

  -3.5713e+00  -4.7933e+00  -1.7397e+00  -6.7633e+00  -6.8924e+00  -4.3055e+00

 Columns 3967 through 3972:

  -3.9831e+00  -2.4388e+00  -7.7379e+00  -3.7837e+00  -1.4531e+00  -1.0553e-01

 Columns 3973 through 3978:

  -6.3602e+00  -1.9683e+00  -1.1103e+01   1.1422e-01  -7.0250e+00   3.4456e-01

 Columns 3979 through 3984:

  -9.4451e+00   1.0523e+00  -5.7581e+00  -9.7275e+00  -1.1162e+01  -1.3201e+00

 Columns 3985 through 3990:

  -1.2550e+00  -1.2513e+01  -6.5272e+00  -9.2136e+00  -5.4956e+00  -6.3307e+00

 Columns 3991 through 3996:

  -7.4011e+00  -4.4088e+00  -2.5766e+00  -5.2392e+00  -6.6438e+00  -9.6142e+00

 Columns 3997 through 4002:

  -5.1220e+00  -4.9975e+00  -7.9025e+00  -6.0941e-02  -6.5113e+00  -8.8469e+00

 Columns 4003 through 4008:

  -9.2782e+00  -1.0848e+01  -3.2518e+00  -6.6888e+00  -2.2124e+00  -1.2004e+01

 Columns 4009 through 4014:

  -5.8625e-01  -7.0810e+00  -3.5044e+00  -8.7062e+00  -4.1891e+00  -2.2876e+00

 Columns 4015 through 4020:

  -5.9507e+00  -3.7896e+00  -6.5933e+00  -1.8259e+00  -6.8389e+00  -1.6499e+00

 Columns 4021 through 4026:

  -8.2383e-01  -6.8855e+00  -4.1735e+00  -7.1801e+00  -2.6795e+00  -2.0761e+00

 Columns 4027 through 4032:

  -1.0504e+01  -8.2812e+00  -8.9491e+00  -8.4669e+00  -7.0553e+00  -5.6585e+00

 Columns 4033 through 4038:

  -1.0220e+01  -3.0724e+00  -2.4257e+00  -3.4524e+00  -6.3436e+00  -3.2785e+00

 Columns 4039 through 4044:

  -6.5542e+00  -3.1754e+00  -9.6274e+00  -4.5857e+00  -8.5544e+00  -6.8114e+00

 Columns 4045 through 4050:

  -6.2635e+00  -7.3793e+00  -5.6030e+00  -1.0075e+01  -7.6005e+00  -4.4239e+00

 Columns 4051 through 4056:

  -1.1508e+01  -5.2085e+00  -5.7727e+00  -1.4253e+00  -4.7402e+00  -4.3042e+00

 Columns 4057 through 4062:

  -1.3522e+00  -8.1842e+00  -8.4375e+00  -5.5295e+00  -7.0068e+00  -4.6625e+00

 Columns 4063 through 4068:

  -1.0345e+01  -7.6085e+00  -1.1173e+01  -5.4479e+00  -1.2633e+00  -1.2402e+01

 Columns 4069 through 4074:

  -7.3794e+00  -8.1737e+00  -4.7432e+00  -7.3019e+00  -9.0016e+00  -8.6779e+00

 Columns 4075 through 4080:

  -1.9945e+00  -3.2807e+00  -7.1814e+00  -8.1939e+00  -8.9975e+00  -4.6070e+00

 Columns 4081 through 4086:

  -1.1430e+01  -4.7304e+00  -1.0405e+01  -2.7410e+00  -7.7473e+00  -5.1178e+00

 Columns 4087 through 4092:

  -7.0330e+00  -6.5325e+00  -9.5494e+00  -1.5693e+00  -2.4777e+00  -9.4676e+00

 Columns 4093 through 4098:

  -6.1375e+00  -6.0818e+00  -4.6790e+00  -6.8379e+00  -1.1132e+01  -3.0362e+00

 Columns 4099 through 4104:

  -1.0306e+01  -3.7594e+00  -1.2349e+01  -5.2050e+00  -5.7260e+00  -7.6104e+00

 Columns 4105 through 4110:

  -2.0551e+00  -2.6063e+00  -8.2963e+00  -3.2910e+00  -4.1808e+00  -3.6080e+00

 Columns 4111 through 4116:

  -1.9405e+00  -5.3186e+00  -3.6556e+00  -1.5800e+00  -7.7269e+00  -3.0439e+00

 Columns 4117 through 4122:

  -8.7116e+00  -3.2031e+00  -3.2437e+00  -6.2474e+00  -5.2282e+00  -6.9688e+00

 Columns 4123 through 4128:

  -8.2177e+00  -8.6697e+00  -8.3279e+00  -1.1866e+01  -1.1497e+01  -7.6853e+00

 Columns 4129 through 4134:

  -5.7147e+00  -4.8877e+00  -3.8607e+00  -9.0803e+00  -7.7338e+00  -1.1784e+01

 Columns 4135 through 4140:

   1.1696e+00  -1.1769e+01  -2.5781e+00  -4.1021e+00  -7.6083e+00  -3.9845e+00

 Columns 4141 through 4146:

  -1.6694e+01  -1.0113e+01  -4.9828e+00  -8.8101e+00  -5.3176e+00  -1.0046e+01

 Columns 4147 through 4152:

  -8.1349e+00  -6.9827e+00  -8.3267e+00  -4.2483e+00  -3.7611e+00  -1.1584e+00

 Columns 4153 through 4158:

  -2.2362e+00  -6.1432e+00  -9.5547e+00  -1.3126e+00  -8.4834e+00  -9.4140e+00

 Columns 4159 through 4164:

  -5.6257e+00  -3.1766e+00  -7.8709e+00  -6.2676e+00  -5.7419e+00  -5.7265e+00

 Columns 4165 through 4170:

  -1.1024e+01  -3.1739e+00  -7.9593e+00  -1.0616e+01  -5.5807e-01  -6.3843e+00

 Columns 4171 through 4176:

  -4.5188e+00  -4.1402e+00  -6.2718e+00  -7.0638e+00  -4.4502e+00  -9.4901e+00

 Columns 4177 through 4182:

  -5.8652e+00  -5.2396e+00  -3.8633e+00  -1.0643e+01  -3.1790e+00  -9.0502e+00

 Columns 4183 through 4188:

  -7.1009e+00  -5.0323e+00  -2.9076e+00  -4.7184e+00  -1.2923e+01  -6.9113e+00

 Columns 4189 through 4194:

  -6.4363e+00  -7.9746e+00  -4.2764e+00  -1.1978e+01  -6.1628e+00  -8.7968e+00

 Columns 4195 through 4200:

  -4.2057e+00  -7.9458e+00  -4.4521e+00  -2.3272e-01  -1.2832e+01   1.5853e+00

 Columns 4201 through 4206:

  -5.5199e+00  -1.0624e+01  -8.9718e+00  -8.4333e+00  -5.7940e+00  -5.1123e+00

 Columns 4207 through 4212:

  -4.2437e+00  -3.3172e+00  -6.1708e+00  -4.7401e+00  -6.6909e+00  -8.4523e+00

 Columns 4213 through 4218:

  -5.3903e+00  -4.8123e+00  -3.1999e+00  -1.7660e+00  -3.5527e+00  -8.2967e+00

 Columns 4219 through 4224:

  -7.4575e+00  -1.0228e+01  -8.3969e+00  -5.7297e+00  -1.2106e+01  -6.3779e+00

 Columns 4225 through 4230:

  -8.2647e+00  -9.0735e+00  -4.1409e+00  -8.2551e+00  -7.1511e+00  -8.6593e+00

 Columns 4231 through 4236:

  -5.6873e+00  -4.5441e+00  -2.0266e+00  -5.4278e+00  -9.7570e+00  -8.4307e+00

 Columns 4237 through 4242:

  -6.3666e+00  -7.1192e+00  -6.3202e+00  -1.0920e+01  -3.2144e+00  -1.1414e+01

 Columns 4243 through 4248:

   6.8972e-01  -3.8923e+00  -5.5220e+00  -8.8242e+00  -1.5511e+01  -7.4784e+00

 Columns 4249 through 4254:

  -1.0578e+01  -1.0074e+01  -7.8648e+00  -4.8593e+00  -6.4211e+00  -1.0030e+01

 Columns 4255 through 4260:

  -1.1875e+01  -8.3761e+00  -4.4844e+00  -2.4029e+00  -1.1949e+01  -6.9705e+00

 Columns 4261 through 4266:

  -2.3803e+00  -8.6014e+00  -1.1665e+01  -6.1314e+00  -3.1845e+00  -5.9277e+00

 Columns 4267 through 4272:

  -7.9571e-03  -1.4011e+00  -1.6825e-01   1.6853e+00  -1.0507e+01  -6.7592e+00

 Columns 4273 through 4278:

  -5.4524e+00  -7.3021e+00  -2.7671e+00  -4.9543e+00  -9.5780e+00  -2.5777e+00

 Columns 4279 through 4284:

  -9.8610e+00  -9.8056e+00  -3.0635e+00  -4.3302e+00  -5.8402e+00  -9.1910e+00

 Columns 4285 through 4290:

  -6.5313e+00  -5.0149e+00  -9.0318e+00  -3.7463e-01  -6.5754e+00  -1.2247e+01

 Columns 4291 through 4296:

  -2.1889e+00  -6.4445e+00  -1.0308e+01  -7.9425e-01  -6.8307e+00  -5.2039e+00

 Columns 4297 through 4302:

  -8.6871e+00  -5.8847e+00  -4.5640e+00  -1.7206e+00  -6.6868e+00  -5.6243e+00

 Columns 4303 through 4308:

  -1.0360e+01  -2.7288e+00  -5.7314e+00  -8.6353e+00  -8.9623e+00  -5.9135e+00

 Columns 4309 through 4314:

  -1.0449e+01  -1.6146e+00  -5.5962e+00  -4.1399e+00  -6.9850e+00  -2.8910e+00

 Columns 4315 through 4320:

  -5.0210e+00  -6.9156e+00  -5.0504e+00  -1.0529e+01  -7.3168e+00  -5.6817e+00

 Columns 4321 through 4326:

  -6.0571e+00  -6.9851e+00  -3.8106e+00  -1.6300e+01  -4.5164e+00  -1.9965e+00

 Columns 4327 through 4332:

  -6.3623e+00  -5.1256e+00  -6.3226e+00  -1.2340e+01  -1.0185e+01  -7.4616e+00

 Columns 4333 through 4338:

  -1.7215e+00  -6.6828e+00  -6.4162e+00  -1.3669e+00  -5.6997e+00  -1.4157e+00

 Columns 4339 through 4344:

  -6.6810e+00   1.2515e+00  -5.6125e+00  -6.5826e+00  -3.7635e+00  -1.1277e+01

 Columns 4345 through 4350:

  -9.4375e+00  -3.5536e+00   3.0030e+00  -4.8477e+00  -4.9809e+00  -1.0356e+01

 Columns 4351 through 4356:

  -6.1107e+00  -6.5064e+00  -7.6339e-01  -4.6564e+00  -3.1747e+00  -1.0614e+01

 Columns 4357 through 4362:

  -8.1572e+00  -3.1798e+00  -7.0735e+00  -9.5703e+00  -1.4729e+01  -3.1163e+00

 Columns 4363 through 4368:

  -1.0800e+01  -1.1666e+01  -3.2160e+00  -5.8738e+00  -1.1779e+00  -3.3182e+00

 Columns 4369 through 4374:

  -5.8368e+00  -6.2978e+00  -9.7906e+00  -7.7138e+00  -6.9696e+00  -8.7884e+00

 Columns 4375 through 4380:

  -8.4021e+00  -4.2720e+00  -1.1340e+01  -9.2534e-02  -5.2481e+00  -1.3316e+01

 Columns 4381 through 4386:

  -5.7240e+00  -5.4884e+00  -5.4797e+00  -7.7106e+00  -2.6126e+00  -5.2532e+00

 Columns 4387 through 4392:

  -6.1761e+00  -2.9391e+00  -1.0874e+01  -4.1514e+00  -7.3494e+00  -5.9364e+00

 Columns 4393 through 4398:

   2.7815e-01  -4.5300e+00  -6.2443e+00  -4.0967e+00  -7.1659e+00  -9.0971e+00

 Columns 4399 through 4404:

  -6.9295e+00  -2.0728e+00  -1.0109e+01  -6.1158e+00  -3.7226e+00  -1.0624e+01

 Columns 4405 through 4410:

  -6.1058e+00  -5.0640e+00  -8.3463e+00  -2.1537e+00  -2.4124e+00  -3.5633e+00

 Columns 4411 through 4416:

  -5.1503e+00   2.4075e-03  -8.0419e+00  -8.0318e+00  -7.3914e+00  -3.4771e+00

 Columns 4417 through 4422:

  -8.2588e+00  -9.9531e+00  -6.0779e+00  -5.3141e+00  -4.9587e+00  -2.9563e+00

 Columns 4423 through 4428:

  -8.9709e+00  -4.5378e-02  -6.6711e-01  -6.1971e+00  -5.7747e+00  -7.4727e+00

 Columns 4429 through 4434:

  -7.4634e+00  -5.0042e+00  -6.9708e+00  -5.7892e+00  -5.8426e+00  -7.9020e+00

 Columns 4435 through 4440:

  -9.5997e+00  -5.3827e+00  -3.7115e+00  -9.1006e+00  -9.5306e+00  -4.3694e+00

 Columns 4441 through 4446:

  -4.0073e+00  -4.5469e+00  -3.2303e+00  -6.4382e-01  -3.3826e+00  -8.9837e+00

 Columns 4447 through 4452:

  -4.2776e+00  -8.9276e+00  -9.3888e+00  -9.4614e+00  -1.0580e+01  -8.7562e+00

 Columns 4453 through 4458:

  -5.1541e+00  -6.5906e+00  -1.0514e+01  -4.8227e+00  -9.2812e+00  -3.6066e+00

 Columns 4459 through 4464:

  -4.6916e+00  -4.3504e+00  -7.7793e+00   1.1298e+00  -6.8718e+00  -1.0467e+01

 Columns 4465 through 4470:

  -7.5190e+00  -2.9539e+00  -6.4385e+00  -9.1330e+00  -5.9843e+00  -9.1854e+00

 Columns 4471 through 4476:

  -1.3681e+01  -2.6393e+00  -5.8553e+00  -2.9973e+00  -2.5980e+00  -5.8916e+00

 Columns 4477 through 4482:

  -3.8849e+00  -1.1111e+01  -7.7007e+00  -3.7730e+00  -4.7760e+00  -5.0425e+00

 Columns 4483 through 4488:

  -6.6316e+00  -4.8574e+00  -9.4549e+00  -1.0669e+01  -7.5880e+00  -7.6758e+00

 Columns 4489 through 4494:

  -4.9262e+00  -4.5551e+00  -1.2941e+01  -6.0910e+00  -7.4176e+00  -4.5623e+00

 Columns 4495 through 4500:

  -3.1392e+00  -4.6413e+00  -9.3430e+00  -6.9409e+00  -6.8949e+00  -9.4215e+00

 Columns 4501 through 4506:

  -5.2304e+00  -5.3106e+00  -6.9654e+00  -5.8902e+00  -4.7145e+00  -6.3364e+00

 Columns 4507 through 4512:

  -2.6344e+00  -6.9106e+00  -1.0224e+01  -1.3714e+01  -4.5851e+00  -1.3090e+00

 Columns 4513 through 4518:

  -4.4570e+00  -1.0573e+01  -3.8646e+00  -5.1204e-01  -7.4527e+00  -2.3002e+00

 Columns 4519 through 4524:

  -4.2821e+00  -1.1564e+01  -9.4579e+00  -1.1850e+00  -1.9267e-01  -6.4972e+00

 Columns 4525 through 4530:

  -1.0122e+01  -7.7027e+00  -1.0265e+01  -5.0897e+00  -4.8352e+00  -3.5668e+00

 Columns 4531 through 4536:

  -7.2426e+00  -7.9003e+00  -6.2907e+00  -3.0963e+00  -8.3405e+00  -5.4953e+00

 Columns 4537 through 4542:

  -8.2143e+00  -4.2684e+00  -2.8646e+00  -6.1779e+00  -4.2247e+00  -1.0075e+01

 Columns 4543 through 4548:

  -4.6479e+00  -1.5476e+00  -4.9726e+00  -8.3129e+00  -5.8833e+00  -7.7044e+00

 Columns 4549 through 4554:

   3.4804e-01  -6.9094e+00  -6.9533e+00  -1.0550e+01  -7.9555e+00  -3.1548e+00

 Columns 4555 through 4560:

  -8.1752e+00  -1.5786e+01  -8.1444e+00  -2.0458e+00  -1.2349e+01   2.0334e+00

 Columns 4561 through 4566:

  -4.1688e+00  -8.3543e+00  -1.0941e+01  -5.8701e+00  -6.9609e+00  -8.2054e+00

 Columns 4567 through 4572:

  -7.3485e+00  -8.8218e+00  -5.2841e+00  -9.6324e+00  -7.6568e+00  -1.1607e+01

 Columns 4573 through 4578:

  -9.9232e+00  -4.2116e+00   3.4718e-01  -6.0856e+00  -3.8500e+00  -5.9211e+00

 Columns 4579 through 4584:

  -5.9838e+00  -9.6618e+00  -5.2072e+00  -7.3783e+00  -4.2906e+00  -1.0781e+00

 Columns 4585 through 4590:

  -3.1952e+00  -1.3669e+00  -6.0495e+00  -4.6728e+00  -5.9148e+00  -7.5352e-01

 Columns 4591 through 4596:

  -1.0556e+01  -7.7925e+00  -8.9549e+00  -8.8462e+00  -1.4422e+01  -1.0814e+01

 Columns 4597 through 4602:

  -4.8624e+00  -4.5476e+00  -6.8752e-01  -8.5936e+00  -3.8878e+00  -1.1834e+00

 Columns 4603 through 4608:

  -4.9665e+00  -5.1151e+00  -5.5039e+00  -8.1651e+00  -7.8241e+00  -7.5536e+00

 Columns 4609 through 4614:

  -4.3918e+00  -5.1070e+00  -1.0748e+01   2.7036e+00  -4.5813e+00  -9.8370e+00

 Columns 4615 through 4620:

  -1.0422e+01  -5.9746e+00  -5.1916e+00  -1.1754e+01  -4.6805e+00  -1.4477e+00

 Columns 4621 through 4626:

  -8.1582e+00  -5.8165e+00  -2.7124e+00  -9.3355e+00  -5.9648e+00  -4.4553e+00

 Columns 4627 through 4632:

  -9.1965e+00  -9.2465e+00  -2.6700e+00  -1.0242e+01  -1.0753e+01  -6.1300e+00

 Columns 4633 through 4638:

  -1.5427e+00  -9.4649e+00  -1.5772e+00  -7.2738e+00  -3.4747e+00  -7.7662e+00

 Columns 4639 through 4644:

  -5.1428e+00  -7.9584e+00  -6.0849e+00  -1.2551e+01  -7.3705e+00  -7.2220e+00

 Columns 4645 through 4650:

  -6.9754e+00  -5.6801e+00  -1.9884e+00  -1.1990e+01  -4.3209e+00  -6.5076e+00

 Columns 4651 through 4656:

  -1.1873e+00  -6.2306e+00  -5.4432e+00  -9.8010e+00  -1.0145e+01  -3.8603e+00

 Columns 4657 through 4662:

  -6.5472e+00  -4.7380e+00  -7.7968e+00  -6.3601e+00  -8.3479e+00  -3.5675e+00

 Columns 4663 through 4668:

  -7.6357e+00  -7.0041e+00  -9.9548e+00  -5.9946e+00  -5.4150e-01  -5.6203e+00

 Columns 4669 through 4674:

  -8.2164e+00  -5.9950e+00  -2.0281e+00  -6.4072e+00  -8.4430e+00  -7.3736e+00

 Columns 4675 through 4680:

  -6.3847e+00  -2.5234e+00  -6.2070e+00  -4.3543e+00  -7.7849e+00  -3.4682e+00

 Columns 4681 through 4686:

  -3.6140e+00  -6.3759e+00  -9.1244e+00  -5.6148e+00  -2.4310e+00  -1.1404e+01

 Columns 4687 through 4692:

  -9.1870e+00  -3.8289e+00  -9.7610e+00  -2.2983e+00  -6.6937e+00  -1.2554e+01

 Columns 4693 through 4698:

  -8.9806e+00  -2.4219e+00  -1.2730e+01  -1.2267e+01  -7.8609e+00  -1.9957e+00

 Columns 4699 through 4704:

  -1.6579e+00  -2.3775e+00  -5.0585e+00  -8.9463e+00  -6.6421e+00  -4.7880e+00

 Columns 4705 through 4710:

  -3.1648e+00  -7.3210e+00  -4.1192e+00  -5.7570e+00  -3.5732e+00  -7.9726e+00

 Columns 4711 through 4716:

  -5.1178e+00  -9.4917e+00  -5.2550e+00  -8.0497e+00  -5.3248e+00  -7.8777e+00

 Columns 4717 through 4722:

  -8.2165e+00  -7.0836e+00  -9.5582e+00  -8.3406e+00  -7.3233e+00  -8.4466e+00

 Columns 4723 through 4728:

  -6.8204e+00  -7.9081e+00  -1.3402e+01  -6.1282e-01  -3.1929e+00  -4.0710e+00

 Columns 4729 through 4734:

  -7.5708e+00  -1.1095e+01  -7.3404e+00  -1.1652e+01   1.5343e+00  -1.0432e+01

 Columns 4735 through 4740:

  -4.2952e+00  -8.4660e+00  -1.4884e+00  -1.0866e+01  -1.2609e+01  -7.2551e+00

 Columns 4741 through 4746:

  -7.7494e+00  -6.7169e+00  -1.2573e+01  -2.8093e+00  -2.0320e+00  -6.8819e+00

 Columns 4747 through 4752:

  -7.6676e+00  -2.8420e+00  -4.5227e+00  -6.3619e+00  -6.5600e+00  -2.6286e+00

 Columns 4753 through 4758:

  -5.0939e+00  -9.3828e+00  -8.0613e+00  -3.8050e+00   4.0898e-03  -5.7047e+00

 Columns 4759 through 4764:

  -4.3991e+00  -7.4729e+00  -9.7695e+00  -6.1885e+00  -6.7411e+00  -1.9565e-01

 Columns 4765 through 4770:

  -5.7431e+00   1.0338e+00  -5.7396e+00  -8.7557e+00  -6.9755e+00  -5.9886e+00

 Columns 4771 through 4776:

  -7.4086e+00  -3.8637e+00  -6.0107e+00  -4.5803e+00  -7.1777e+00  -4.1675e+00

 Columns 4777 through 4782:

  -9.3901e+00  -7.9798e+00  -2.8991e+00  -7.4186e+00  -6.4122e+00  -4.6039e+00

 Columns 4783 through 4788:

  -6.8344e+00  -4.6707e+00  -7.3735e+00  -1.2076e+01  -5.5383e+00  -9.6447e+00

 Columns 4789 through 4794:

  -4.4215e+00  -6.3614e+00  -8.3024e+00  -6.3940e+00  -5.6427e+00  -3.0822e-01

 Columns 4795 through 4800:

  -6.4123e+00  -2.4538e+00  -6.7984e+00  -1.2915e+00  -5.1712e+00  -9.1302e+00

 Columns 4801 through 4806:

  -7.8908e+00  -2.5734e+00  -5.2031e+00  -8.1649e+00  -5.9258e+00  -4.0257e+00

 Columns 4807 through 4812:

  -1.1138e+01  -8.5491e+00  -3.4616e+00  -7.6901e+00  -4.3758e+00  -4.6993e+00

 Columns 4813 through 4818:

   2.4859e+00  -2.1895e+00  -2.8378e+00  -2.4321e+00  -9.5675e+00  -4.9127e+00

 Columns 4819 through 4824:

  -7.2846e+00  -1.5679e+00  -6.8200e+00  -4.3610e+00  -2.6539e+00  -1.1781e+01

 Columns 4825 through 4830:

  -6.1079e+00  -6.7312e+00  -2.1849e+00  -1.1262e+01  -6.0742e+00  -1.0240e+01

 Columns 4831 through 4836:

  -4.5443e+00  -5.4812e+00  -3.4914e+00  -4.6730e+00  -1.1888e+01  -3.2707e+00

 Columns 4837 through 4842:

  -1.3886e+01  -6.6361e+00  -5.5036e+00  -8.0596e-01  -6.0536e+00  -2.3222e+00

 Columns 4843 through 4848:

  -7.5646e+00  -1.5465e+01  -9.9375e+00  -2.4294e+00  -7.8103e+00  -4.8430e+00

 Columns 4849 through 4854:

  -1.0110e+01  -6.0046e+00  -4.3739e+00  -7.1262e+00  -5.2405e+00  -2.8265e+00

 Columns 4855 through 4860:

  -2.2743e+00  -9.0496e+00  -7.0354e+00  -7.8846e+00  -4.7478e+00  -5.5078e+00

 Columns 4861 through 4866:

  -1.0443e+01  -8.4706e+00  -5.7133e+00  -2.5212e+00  -2.5117e+00  -4.1714e+00

 Columns 4867 through 4872:

  -6.0289e-01  -8.4204e+00  -1.1733e+01  -8.6135e+00  -8.8521e+00  -9.3469e+00

 Columns 4873 through 4878:

  -4.8218e+00  -5.5697e+00  -7.2368e+00  -5.3588e+00  -5.6281e+00  -8.3243e+00

 Columns 4879 through 4884:

  -4.5381e+00  -1.2843e-01  -6.7874e+00  -4.7006e+00  -7.1231e+00  -5.3838e+00

 Columns 4885 through 4890:

  -6.8012e+00  -3.5711e+00  -9.9983e+00  -5.5134e+00  -5.4990e+00  -3.3588e+00

 Columns 4891 through 4896:

  -6.8371e+00  -7.5439e+00  -8.2817e+00  -9.4852e+00  -3.2315e+00  -8.2456e+00

 Columns 4897 through 4902:

  -9.2352e+00  -1.0818e+01  -7.8927e+00  -5.9286e+00  -8.0551e+00  -4.8681e+00

 Columns 4903 through 4908:

  -6.8030e+00  -1.3018e+01  -6.3020e+00  -2.9305e+00  -4.7199e+00  -5.0302e+00

 Columns 4909 through 4914:

  -4.5614e+00  -5.1917e+00  -5.9969e+00  -4.5388e+00  -4.0252e+00  -6.0174e+00

 Columns 4915 through 4920:

  -2.4767e+00  -7.8988e+00  -9.6608e+00  -2.8183e+00  -4.5093e+00  -5.0563e+00

 Columns 4921 through 4926:

  -4.5580e+00  -6.5864e+00  -6.2157e+00  -4.0719e+00  -9.2971e+00  -5.3412e+00

 Columns 4927 through 4932:

  -1.3248e+01  -4.7899e+00  -3.7701e+00  -8.0620e-01  -2.1772e+00  -2.9974e+00

 Columns 4933 through 4938:

  -1.1110e+01  -4.1584e+00  -6.5354e+00  -9.6389e+00  -2.9300e+00  -6.4558e+00

 Columns 4939 through 4944:

  -3.0259e+00  -5.1766e+00  -1.4539e+00  -1.2574e+01  -7.2942e+00  -4.3307e+00

 Columns 4945 through 4950:

  -3.0713e+00  -6.3929e+00  -7.1507e+00  -6.3855e+00  -3.9878e+00  -5.3161e+00

 Columns 4951 through 4956:

  -8.4440e+00  -4.7680e+00  -1.6834e+00  -8.7468e+00  -6.2326e+00  -2.7587e+00

 Columns 4957 through 4962:

  -1.1354e+01  -8.5408e+00  -3.2272e+00  -9.1956e+00  -3.1072e+00  -6.9570e+00

 Columns 4963 through 4968:

  -1.0204e+01  -2.0850e+00  -7.1090e+00  -1.7877e+00  -8.4768e+00  -6.6313e+00

 Columns 4969 through 4974:

  -2.9221e+00  -7.4891e+00  -4.9521e+00  -6.8908e+00  -9.8648e+00  -1.0985e+01

 Columns 4975 through 4980:

  -2.7262e+00  -1.3238e+01  -6.7207e+00  -8.1137e+00  -7.3130e+00  -1.2814e+01

 Columns 4981 through 4986:

  -3.7164e+00  -1.4584e+01  -1.2810e+00  -1.0395e+01  -4.5376e-01  -1.0846e+01

 Columns 4987 through 4992:

  -8.4016e+00  -5.8821e+00  -8.9932e+00  -2.7485e+00  -6.9774e+00  -9.2966e+00

 Columns 4993 through 4998:

  -7.8894e+00  -9.3181e+00  -8.2674e+00  -4.7448e+00  -1.5269e+01  -4.4519e+00

 Columns 4999 through 5004:

  -3.7976e+00  -4.1908e+00  -7.0086e+00  -9.4178e+00  -1.7597e+01   2.5056e-03

 Columns 5005 through 5010:

  -5.4610e+00  -5.7030e+00  -4.3883e+00  -8.1390e+00  -9.1224e-01  -8.2261e+00

 Columns 5011 through 5016:

  -6.9689e+00  -3.6510e+00  -8.4434e+00  -1.0867e+01  -7.4357e+00  -3.9730e+00

 Columns 5017 through 5022:

  -7.2251e+00  -1.4055e+00  -1.0957e+01  -4.4578e+00  -3.5674e+00  -6.4327e+00

 Columns 5023 through 5028:

  -1.9501e+00  -7.7282e+00  -6.7467e+00  -5.7100e+00  -1.1744e+01  -5.1389e+00

 Columns 5029 through 5034:

  -2.1925e+00  -5.7158e+00  -8.3602e+00  -8.4527e+00  -8.6281e+00  -5.4809e+00

 Columns 5035 through 5040:

  -2.0176e-01  -3.3387e+00  -1.4174e+00  -7.7089e+00  -6.1498e+00  -6.6687e+00

 Columns 5041 through 5046:

  -1.1499e+00  -3.9123e+00  -1.8552e+00  -8.5617e+00  -4.6165e+00  -3.8523e+00

 Columns 5047 through 5052:

  -2.4410e+00  -1.2601e+00  -3.9251e+00  -5.3803e+00  -1.1426e+00  -1.0638e+00

 Columns 5053 through 5058:

   3.1230e+00  -1.0994e+01  -6.8115e+00  -2.4508e+00  -6.0664e+00  -6.5695e+00

 Columns 5059 through 5064:

  -3.7332e+00  -4.0939e+00  -2.9947e+00  -4.9046e+00  -8.5078e+00  -6.1458e+00

 Columns 5065 through 5070:

  -1.1010e+01  -4.6272e+00  -5.6114e+00   8.8838e-01  -4.2028e+00  -6.8028e+00

 Columns 5071 through 5076:

  -1.6983e+00  -3.8103e+00  -5.0484e+00  -9.1251e+00  -3.0693e+00  -6.9303e+00

 Columns 5077 through 5082:

  -5.7663e+00  -6.0316e+00  -1.0657e+01  -5.0861e+00  -1.8968e+00  -3.5486e+00

 Columns 5083 through 5088:

  -9.4883e+00   1.2862e+00  -5.1659e+00  -7.9838e-01  -9.1761e+00  -3.3703e+00

 Columns 5089 through 5094:

  -5.3187e+00  -8.9180e+00  -9.6065e-01  -5.3981e+00  -6.2348e+00  -3.4459e+00

 Columns 5095 through 5100:

  -6.5723e+00  -3.4139e-02  -6.4285e+00  -7.2563e-01  -8.9557e+00  -1.0606e+00

 Columns 5101 through 5106:

  -3.8805e+00  -9.1050e+00  -6.9485e+00  -1.4323e+01  -4.0827e+00  -8.8810e+00

 Columns 5107 through 5112:

  -8.1742e+00  -3.2107e+00  -6.1710e+00  -6.2527e+00  -8.0455e+00  -9.9832e+00

 Columns 5113 through 5118:

  -4.6861e-01  -8.6359e+00  -4.7968e+00  -2.6727e+00  -1.1205e+01  -5.2105e+00

 Columns 5119 through 5124:

  -8.8826e+00  -1.2117e+01  -7.5774e+00  -1.2570e+00  -1.7729e+00  -4.6415e+00

 Columns 5125 through 5130:

  -9.1748e+00  -1.1959e+01  -2.1420e+00  -6.7318e+00  -3.3311e+00  -2.4671e+00

 Columns 5131 through 5136:

  -1.6794e+00  -2.1988e+00  -9.1173e+00  -3.5693e+00  -6.5516e+00  -8.4174e+00

 Columns 5137 through 5142:

  -8.4813e+00  -8.0772e+00  -1.6120e+00  -6.7913e+00  -7.7686e+00  -6.7584e+00

 Columns 5143 through 5148:

   7.3033e-01  -1.3239e+01  -5.4733e+00  -3.9730e+00  -5.4122e+00  -7.4979e+00

 Columns 5149 through 5154:

  -6.9445e+00  -6.6760e+00  -5.6593e+00  -4.5289e+00  -2.7208e+00   6.9900e-01

 Columns 5155 through 5160:

  -2.2403e+00  -5.2047e+00   7.6333e-01  -5.4811e+00  -1.6077e+00  -1.2544e+01

 Columns 5161 through 5166:

  -6.1178e+00  -7.4736e+00  -4.5846e+00  -6.6600e+00  -6.7003e+00  -4.7667e-01

 Columns 5167 through 5172:

  -9.3008e+00  -6.4950e+00  -7.0039e+00  -4.7027e+00  -2.7927e+00  -5.5118e+00

 Columns 5173 through 5178:

  -5.2886e+00  -7.6098e+00  -1.0091e+01  -3.1849e+00  -2.8894e+00  -3.5227e+00

 Columns 5179 through 5184:

  -7.1842e+00  -2.0673e+00  -8.4778e+00  -1.1889e+01  -3.5276e+00  -5.0240e+00

 Columns 5185 through 5190:

  -8.7219e+00  -6.8556e+00  -1.0309e+00  -8.9237e+00  -1.6485e+00  -6.5565e+00

 Columns 5191 through 5196:

  -5.6135e+00  -5.3323e+00  -7.1809e+00  -1.0751e+01  -9.9477e+00  -5.8612e+00

 Columns 5197 through 5202:

  -7.1480e+00  -8.1776e+00  -4.9071e+00  -6.0944e-01  -7.7313e+00  -5.9470e+00

 Columns 5203 through 5208:

  -8.7508e+00  -6.6412e+00  -6.1043e+00  -3.9360e+00  -6.6292e+00  -5.8810e+00

 Columns 5209 through 5214:

  -8.4684e+00  -6.6042e+00  -8.7446e+00  -5.8025e+00  -6.9052e+00  -8.8544e+00

 Columns 5215 through 5220:

  -7.9907e+00  -9.0062e+00  -1.0716e+01  -1.0024e+01  -6.0426e+00  -4.3082e+00

 Columns 5221 through 5226:

  -6.9537e+00  -7.4287e+00  -4.9336e-01  -3.7506e+00  -5.7343e+00  -9.2822e+00

 Columns 5227 through 5232:

  -1.2175e+00  -9.1215e+00  -4.2878e+00  -4.1926e+00  -7.6111e+00  -5.4936e+00

 Columns 5233 through 5238:

  -1.3875e+01  -7.9443e+00  -8.4289e+00  -6.6268e+00  -2.2562e+00  -5.8833e+00

 Columns 5239 through 5244:

  -4.6281e+00  -7.1314e+00  -1.1774e+01  -7.0483e+00  -1.0033e+01  -5.1717e-01

 Columns 5245 through 5250:

  -3.0408e+00  -6.5741e+00  -7.5495e+00  -7.4916e+00  -1.8598e+00  -1.1419e+00

 Columns 5251 through 5256:

  -6.1515e+00  -7.3199e+00  -7.6595e+00  -1.4392e+00  -3.6267e+00  -1.0082e+01

 Columns 5257 through 5262:

  -6.9475e+00  -2.5635e+00  -1.3003e+01  -7.9422e-01  -1.0556e+01  -8.1403e+00

 Columns 5263 through 5268:

  -5.1791e+00  -1.1247e+01  -1.1960e+01  -9.6849e+00  -7.3401e+00  -1.1245e+01

 Columns 5269 through 5274:

  -1.0494e+00  -8.8334e+00  -1.0812e+01  -8.2450e+00  -2.4650e+00  -3.4892e+00

 Columns 5275 through 5280:

  -3.3455e+00  -2.4753e+00  -6.4636e+00  -2.9345e+00  -2.7067e+00  -3.8153e+00

 Columns 5281 through 5286:

  -1.0075e+01  -6.8354e+00  -5.6021e+00  -1.9629e+00  -8.2261e+00  -7.3339e+00

 Columns 5287 through 5292:

  -6.7340e+00  -8.1137e+00  -1.0888e+01  -1.0077e+01  -8.8215e+00  -4.5096e+00

 Columns 5293 through 5298:

  -2.2870e-01  -5.8723e+00  -4.2908e+00  -6.8341e+00  -5.8012e+00  -1.9382e+00

 Columns 5299 through 5304:

  -5.9072e+00  -1.0617e+01  -7.0618e+00  -9.3689e+00  -1.1767e+01  -9.1654e+00

 Columns 5305 through 5310:

  -1.8829e+00  -5.2047e-01  -7.4567e+00  -2.4001e+00  -5.4818e+00  -4.5571e+00

 Columns 5311 through 5316:

  -1.0662e+01  -7.0869e+00  -5.7656e+00  -9.3024e+00  -7.1740e+00  -7.7517e+00

 Columns 5317 through 5322:

  -9.2002e+00  -5.5317e+00  -6.0225e+00  -7.8299e+00  -8.2246e-01  -6.3418e+00

 Columns 5323 through 5328:

  -5.5742e+00  -7.3342e+00  -3.2660e+00  -8.2373e+00  -4.5791e+00  -4.7632e+00

 Columns 5329 through 5334:

  -8.9875e+00  -4.4018e+00  -4.3979e+00  -5.8855e+00  -9.1736e+00  -4.8864e+00

 Columns 5335 through 5340:

  -7.1611e+00  -8.3098e+00  -4.9852e+00  -9.2701e+00  -6.1045e+00  -7.0241e+00

 Columns 5341 through 5346:

  -6.8755e+00  -6.4438e+00  -6.7357e+00  -2.6573e+00  -5.7631e+00  -5.1453e+00

 Columns 5347 through 5352:

  -2.7372e+00  -3.2453e+00  -4.2772e+00  -3.8147e+00  -1.0227e+01  -4.8617e+00

 Columns 5353 through 5358:

  -5.7621e+00  -9.0830e+00  -4.4871e+00  -6.9081e+00  -9.3869e+00  -1.1499e+01

 Columns 5359 through 5364:

  -7.6196e+00  -1.1357e+01  -9.1924e+00  -8.5256e+00  -1.8039e+00  -1.0312e+01

 Columns 5365 through 5370:

  -3.1880e+00  -5.1443e+00  -8.0745e+00  -7.3157e+00  -5.9506e+00  -9.2041e+00

 Columns 5371 through 5376:

  -8.7613e+00  -9.3554e+00  -6.2777e+00  -6.4820e+00  -7.4213e+00  -6.8250e+00

 Columns 5377 through 5382:

  -3.9207e+00  -2.0594e+00  -2.7838e+00  -5.2923e+00  -4.6430e+00  -7.5194e+00

 Columns 5383 through 5388:

  -1.7301e+00  -6.4103e+00  -4.7318e+00  -6.7426e-01  -4.8564e+00  -7.9517e+00

 Columns 5389 through 5394:

   2.9576e+00  -5.2842e+00  -4.9900e+00  -3.8682e+00  -9.6513e+00  -9.9588e+00

 Columns 5395 through 5400:

  -6.4118e+00  -5.2494e+00  -5.0275e+00  -5.5584e+00  -5.4440e+00  -7.7637e+00

 Columns 5401 through 5406:

  -7.2865e+00  -4.9797e+00  -7.9194e+00  -3.8361e+00  -3.6742e+00  -4.6415e+00

 Columns 5407 through 5412:

  -7.0266e+00  -9.6167e+00  -2.5936e+00  -8.5824e+00  -4.2606e+00   2.9113e-01

 Columns 5413 through 5418:

  -4.1128e+00  -1.0319e+01  -4.4088e+00  -4.2656e+00  -9.5282e+00  -5.2976e+00

 Columns 5419 through 5424:

  -4.4095e+00  -5.9785e+00  -8.7464e+00  -5.5843e+00  -6.0619e+00  -3.4734e+00

 Columns 5425 through 5430:

  -6.5210e+00  -7.7202e+00  -1.1589e+01  -6.1899e+00  -1.1720e+01  -3.1915e+00

 Columns 5431 through 5436:

  -1.0589e+00  -6.4843e+00  -3.3655e+00  -1.1077e+01  -5.4799e+00  -9.0033e+00

 Columns 5437 through 5442:

  -4.9219e+00  -4.2384e+00  -8.3644e+00  -9.1276e+00  -3.7677e+00  -4.5971e+00

 Columns 5443 through 5448:

  -9.0048e+00  -9.4577e+00  -1.6251e+00  -4.7659e+00  -7.9207e+00  -3.4525e+00

 Columns 5449 through 5454:

  -7.4151e+00  -9.5210e-01  -3.6675e+00  -3.5288e+00  -4.8563e+00  -5.9840e+00

 Columns 5455 through 5460:

  -3.0116e+00  -6.2521e+00  -9.9803e+00  -9.8602e+00  -7.9545e+00  -4.1821e+00

 Columns 5461 through 5466:

  -4.7141e+00  -8.8711e+00  -4.2938e+00  -3.9646e+00  -8.4546e+00  -1.0382e-01

 Columns 5467 through 5472:

  -1.0737e+01  -4.3619e+00  -5.7932e+00  -6.9805e+00  -3.4729e+00  -8.3584e-01

 Columns 5473 through 5478:

  -2.8736e+00  -7.9235e+00   3.6167e-01  -1.0881e+01  -7.1918e+00  -5.1043e+00

 Columns 5479 through 5484:

  -7.0665e+00  -8.5454e+00   2.8062e+00  -9.9692e+00  -2.3308e+00  -7.9088e+00

 Columns 5485 through 5490:

  -9.5113e+00  -6.6566e+00  -7.7224e+00  -1.0346e+00  -6.4818e+00  -6.3497e+00

 Columns 5491 through 5496:

  -1.1985e+00  -5.9709e+00  -7.9363e+00  -9.9152e+00  -1.2682e+01  -8.7601e+00

 Columns 5497 through 5502:

  -9.2157e+00  -8.9344e+00  -8.6532e+00  -5.8082e+00  -3.8141e+00  -3.8702e+00

 Columns 5503 through 5508:

  -1.4771e+01  -1.4905e+01  -1.1146e+01  -1.5689e+00  -5.9002e+00  -1.1202e+01

 Columns 5509 through 5514:

  -6.2422e+00  -4.1305e+00  -3.4323e+00  -5.7722e-01  -9.2570e+00  -1.1084e+01

 Columns 5515 through 5520:

  -5.4490e+00  -1.1111e+01  -9.8467e+00  -4.0923e+00  -5.2913e+00  -7.1479e+00

 Columns 5521 through 5526:

  -7.7277e+00  -2.0971e+00  -7.6735e+00  -5.7251e+00  -4.2279e+00  -5.6778e+00

 Columns 5527 through 5532:

  -4.5547e+00  -1.4516e+00  -9.4569e+00  -5.1295e+00  -9.2721e+00  -4.9585e+00

 Columns 5533 through 5538:

  -2.5930e+00  -1.4601e+01  -1.4204e+00  -7.6538e+00  -5.0011e+00  -2.0982e+00

 Columns 5539 through 5544:

  -1.0059e+01  -3.1529e+00  -4.0361e+00  -7.7732e+00  -1.1977e+01  -7.3530e+00

 Columns 5545 through 5550:

  -1.9564e+00  -6.1074e+00  -6.8676e+00  -4.8229e+00  -5.1851e+00  -4.9823e+00

 Columns 5551 through 5556:

  -5.0842e+00  -4.8726e+00  -2.8644e+00  -4.5704e+00  -4.7574e+00  -4.4513e+00

 Columns 5557 through 5562:

  -8.0056e+00  -6.7776e+00  -5.6965e+00  -4.4125e+00  -4.1224e+00  -5.1642e+00

 Columns 5563 through 5568:

  -4.1286e+00  -6.5932e+00  -5.3989e+00  -2.9719e+00  -1.2084e+01  -5.8438e+00

 Columns 5569 through 5574:

  -3.0071e+00  -2.9930e+00  -9.9649e+00  -8.8569e+00  -5.1960e+00  -3.6670e+00

 Columns 5575 through 5580:

  -3.5726e+00  -6.1581e+00  -9.1158e-01  -8.8421e+00  -3.8734e+00  -6.5532e+00

 Columns 5581 through 5586:

  -4.6613e+00  -6.7868e+00  -1.0480e+01  -4.5476e+00  -3.8761e+00  -5.6488e+00

 Columns 5587 through 5592:

   1.6321e-01  -5.5216e-01  -9.0499e+00  -6.8062e+00  -8.3755e+00  -6.5200e+00

 Columns 5593 through 5598:

  -7.0004e+00  -6.1781e+00  -7.8046e+00  -1.0134e+01  -7.2635e+00  -1.5174e+00

 Columns 5599 through 5604:

  -7.1180e+00  -1.1514e+01  -4.7233e+00  -8.1995e+00  -3.9271e+00  -7.5270e+00

 Columns 5605 through 5610:

  -5.2448e+00  -2.4252e+00  -3.0801e+00  -3.7896e+00  -5.5157e+00  -5.2312e+00

 Columns 5611 through 5616:

  -5.9020e+00  -4.4245e+00  -2.4893e+00  -6.9662e+00  -6.2024e+00  -6.7567e+00

 Columns 5617 through 5622:

  -2.3190e+00  -6.4621e+00  -7.3779e+00  -4.4702e+00  -6.5521e+00  -3.2279e-01

 Columns 5623 through 5628:

  -2.2987e+00  -4.5397e+00  -7.1115e+00  -7.1822e+00  -4.6948e+00  -6.9117e+00

 Columns 5629 through 5634:

  -9.4084e+00  -1.1098e+00  -7.7042e+00  -8.0188e+00  -1.1215e+01  -5.9632e+00

 Columns 5635 through 5640:

  -2.2569e+00   1.9737e+00  -4.8676e+00  -9.3098e+00  -8.0692e+00  -5.5512e+00

 Columns 5641 through 5646:

   1.9069e+00  -7.5359e+00  -1.7385e+00  -6.5290e+00  -6.4400e+00  -3.8092e+00

 Columns 5647 through 5652:

  -8.5576e+00  -1.9139e+00  -5.4992e+00  -5.4477e+00  -9.9437e+00  -1.1822e+01

 Columns 5653 through 5658:

  -2.0151e+00  -2.3573e+00  -9.1136e+00  -6.5974e+00  -9.3122e+00  -6.9462e+00

 Columns 5659 through 5664:

  -1.0775e+00  -3.0494e+00  -8.6200e+00  -7.4033e-01  -6.2784e+00  -9.7146e+00

 Columns 5665 through 5670:

   2.4546e-03  -5.2261e+00  -4.4794e+00  -3.4823e+00  -2.7821e+00  -8.1880e+00

 Columns 5671 through 5676:

  -1.4402e+00  -5.5378e+00  -8.3847e+00  -4.6341e+00  -5.0650e+00  -8.3994e+00

 Columns 5677 through 5682:

   1.2318e+00  -6.5745e+00  -9.2125e+00  -7.5495e+00  -1.0689e+01  -7.4073e+00

 Columns 5683 through 5688:

  -5.7498e+00  -5.7161e+00  -2.5841e+00  -7.5225e+00  -9.4097e+00  -1.4863e+00

 Columns 5689 through 5694:

  -6.1227e+00  -4.2635e+00  -8.4596e+00  -4.1488e+00  -1.0338e+01  -8.9311e+00

 Columns 5695 through 5700:

  -6.7580e+00  -7.3771e+00  -8.8223e+00  -8.0282e+00  -9.7259e+00  -1.0282e+01

 Columns 5701 through 5706:

  -5.9534e+00  -1.2113e+01  -4.5911e+00  -5.5629e+00  -6.4323e+00  -6.9314e+00

 Columns 5707 through 5712:

  -8.3430e-01  -8.1781e+00  -1.0290e+01  -2.9695e+00  -8.0838e+00  -1.1762e+00

 Columns 5713 through 5718:

  -8.4982e+00  -3.3000e+00  -1.1440e+01  -6.5675e+00  -1.6327e+00  -6.4272e+00

 Columns 5719 through 5724:

  -7.9874e+00  -7.0233e+00  -3.6781e+00  -3.3575e+00  -3.4877e+00  -8.3395e+00

 Columns 5725 through 5730:

  -9.5353e+00  -7.0560e+00  -4.6764e+00  -5.9422e+00  -7.1870e+00  -5.4242e+00

 Columns 5731 through 5736:

  -6.7396e+00  -9.1760e+00  -3.1706e+00   1.4253e+00  -8.4521e+00  -5.0590e+00

 Columns 5737 through 5742:

  -5.0856e+00  -2.3914e+00  -6.5240e+00  -8.3011e+00  -2.1962e+00  -7.8831e-01

 Columns 5743 through 5748:

  -4.6572e+00  -4.4949e+00  -1.2055e+00  -6.1886e+00  -4.3181e+00  -3.8472e+00

 Columns 5749 through 5754:

  -3.2746e+00  -5.6199e+00  -7.6975e+00  -7.5151e+00  -4.5964e+00  -7.3188e+00

 Columns 5755 through 5760:

  -8.9057e+00  -2.7731e+00  -1.4191e+01  -7.9165e+00  -6.5795e+00  -6.5532e+00

 Columns 5761 through 5766:

  -1.0015e+01  -3.0552e+00  -8.2870e+00  -4.7502e+00  -4.9309e+00  -1.5005e+00

 Columns 5767 through 5772:

  -2.5945e+00  -1.6990e+00  -1.1201e+01  -1.0105e+01  -8.5127e+00  -6.6083e+00

 Columns 5773 through 5778:

  -4.1353e+00  -1.3491e+01  -5.5708e+00  -9.9587e+00  -5.3432e+00  -4.4253e+00

 Columns 5779 through 5784:

  -7.4387e+00  -8.8434e+00  -6.8771e+00  -7.3660e+00  -8.0069e+00   9.4376e-02

 Columns 5785 through 5790:

  -5.4632e+00  -8.0078e+00  -1.5183e+01  -1.6147e+00  -7.2086e+00   1.5465e+00

 Columns 5791 through 5796:

  -4.0245e+00  -1.3415e+01  -3.7962e+00  -6.7247e+00  -1.0690e+01  -3.9685e+00

 Columns 5797 through 5802:

  -8.2943e+00  -1.2028e+01  -2.2684e+00  -8.5575e+00  -7.8801e+00  -7.0364e+00

 Columns 5803 through 5808:

  -4.9737e+00  -1.0167e+01  -9.6217e+00  -7.8322e+00  -6.9065e+00  -5.7788e+00

 Columns 5809 through 5814:

   1.4394e+00  -9.4543e+00  -1.2642e+01  -5.5962e+00  -1.0201e+01  -7.1406e+00

 Columns 5815 through 5820:

  -7.8883e+00  -6.2698e+00  -6.2531e+00  -3.2146e+00  -5.2058e+00  -4.9459e+00

 Columns 5821 through 5826:

  -8.8518e+00  -6.3295e+00  -4.3991e+00  -5.6945e+00  -5.0851e+00   5.1475e+00

 Columns 5827 through 5832:

  -3.2211e+00  -3.3881e+00  -4.7771e+00  -2.7404e+00  -1.2639e+01  -3.1628e+00

 Columns 5833 through 5838:

  -9.1990e+00  -8.6938e-02  -1.3901e+01  -7.9336e+00  -9.7345e+00  -8.4819e+00

 Columns 5839 through 5844:

  -1.0007e+01  -5.9836e+00  -1.0970e+01  -3.1742e+00  -1.1139e+01  -1.2933e+01

 Columns 5845 through 5850:

  -2.5226e+00  -3.2696e+00  -7.5517e+00  -1.0557e+01  -4.2718e-01  -6.0197e+00

 Columns 5851 through 5856:

  -7.8766e+00  -1.0158e+01  -1.0163e+01  -8.5407e+00  -6.8240e+00  -9.3134e+00

 Columns 5857 through 5862:

  -4.8834e+00  -8.5563e+00  -4.7437e+00  -1.0552e+00  -2.3522e+00  -8.7444e+00

 Columns 5863 through 5868:

  -2.9537e+00  -6.9289e+00  -7.1854e+00  -7.4304e+00  -3.1315e+00  -4.9187e+00

 Columns 5869 through 5874:

  -1.1369e+01  -1.1774e+00  -7.0937e+00  -3.7926e+00  -4.4635e+00  -3.3551e+00

 Columns 5875 through 5880:

  -3.4480e+00  -9.0694e+00  -7.4649e+00  -4.6317e+00  -5.3940e+00  -1.1279e+01

 Columns 5881 through 5886:

  -9.2554e+00  -3.8352e+00  -9.4993e+00   2.0292e+00  -5.1696e+00  -8.3148e+00

 Columns 5887 through 5892:

  -5.8630e+00  -7.0444e+00  -3.4975e+00  -7.5827e+00  -3.7804e+00  -4.1578e-01

 Columns 5893 through 5898:

  -5.0702e+00  -8.4879e+00  -6.5102e+00  -1.0106e+01  -8.3296e+00  -7.6399e+00

 Columns 5899 through 5904:

  -5.8373e+00  -4.0881e+00  -7.9980e+00  -1.0207e+01  -3.3288e+00  -1.3444e+01

 Columns 5905 through 5910:

  -1.9599e+00  -8.1054e+00  -9.0283e+00  -5.2467e+00  -3.8097e+00  -6.2862e+00

 Columns 5911 through 5916:

  -1.0950e+00  -4.6841e+00  -2.7721e+00  -8.1418e+00  -4.2249e+00  -1.0267e+01

 Columns 5917 through 5922:

  -1.8757e+00  -1.0698e-01  -2.4513e+00   1.2810e+00  -7.8065e+00  -7.6647e+00

 Columns 5923 through 5928:

  -5.6683e+00  -8.8236e+00  -6.1158e+00   1.4223e+00  -6.1484e+00  -4.0174e+00

 Columns 5929 through 5934:

  -7.8925e+00  -5.8452e+00  -6.0172e-01  -7.5310e+00  -3.7712e+00  -7.3554e+00

 Columns 5935 through 5940:

  -4.7614e+00  -7.8291e+00  -4.3865e+00  -3.5254e+00  -4.4251e+00  -5.4586e+00

 Columns 5941 through 5946:

  -6.8882e+00  -5.3808e+00  -2.6694e+00  -5.4815e+00  -6.8119e+00  -4.0261e+00

 Columns 5947 through 5952:

  -7.5220e+00  -2.4376e+00  -6.4562e+00  -1.3080e+01  -5.6308e+00  -2.2414e+00

 Columns 5953 through 5958:

  -5.6861e+00  -1.0123e+01  -8.8473e+00  -1.3500e+00  -8.3699e+00  -7.6063e+00

 Columns 5959 through 5964:

  -8.6395e+00  -3.5503e+00  -1.0588e+01  -1.9727e+00  -4.6491e+00  -9.6687e+00

 Columns 5965 through 5970:

  -3.8542e+00   3.2118e+00  -8.1045e+00  -1.0905e+01  -8.2296e+00  -1.4526e+00

 Columns 5971 through 5976:

  -1.0999e+01  -6.3918e+00  -2.7649e+00  -6.0007e+00   5.7389e+00  -4.4571e+00

 Columns 5977 through 5982:

  -8.3113e+00  -5.9454e+00  -4.5315e+00  -5.1850e+00  -1.0065e+01  -5.1853e+00

 Columns 5983 through 5988:

  -6.7548e+00  -5.6060e+00  -5.9143e+00  -1.0274e+01  -1.3388e+00  -8.7237e+00

 Columns 5989 through 5994:

  -6.9299e+00  -9.0040e+00  -9.1688e+00  -4.7062e-01  -6.7035e+00  -8.2342e+00

 Columns 5995 through 6000:

  -6.0495e+00  -5.5490e+00  -1.0382e+01  -4.4251e+00  -3.4772e+00  -1.1549e+01

 Columns 6001 through 6006:

  -6.1021e+00  -4.7822e+00  -1.2715e+00  -8.2849e+00  -1.1646e+01  -3.4845e+00

 Columns 6007 through 6012:

  -4.9634e+00  -1.7068e+00  -1.0881e+01  -8.8993e+00  -6.8287e+00  -2.4983e+00

 Columns 6013 through 6018:

  -4.1571e+00  -5.2206e+00  -7.6679e+00  -5.9295e+00  -4.7427e+00  -6.2727e+00

 Columns 6019 through 6024:

  -8.5640e+00  -6.7022e+00  -8.0199e+00  -8.7178e+00  -4.7419e+00  -5.3404e+00

 Columns 6025 through 6030:

  -6.7454e+00  -2.2311e+00  -7.6481e+00  -3.1493e+00  -7.3710e+00  -1.2602e+01

 Columns 6031 through 6036:

  -2.8177e+00  -5.5557e+00  -7.6932e+00  -7.6538e+00  -5.4271e+00  -3.1579e+00

 Columns 6037 through 6042:

  -4.5153e+00  -2.1931e+00  -6.8403e+00   1.1374e+00  -1.5699e+00  -2.4956e+00

 Columns 6043 through 6048:

   5.3492e-01  -5.8424e+00  -6.3958e+00  -4.2847e+00  -7.2507e+00   9.0001e-01

 Columns 6049 through 6054:

  -7.3463e+00  -2.2588e+00  -3.7092e+00  -9.4649e+00  -7.7758e+00  -5.7073e+00

 Columns 6055 through 6060:

  -2.3617e+00  -6.4091e+00  -5.7047e+00  -5.8371e+00  -6.2829e+00  -5.5153e+00

 Columns 6061 through 6066:

  -4.0479e+00  -2.3670e+00  -3.5389e+00  -4.3132e+00  -8.1895e+00  -8.4033e+00

 Columns 6067 through 6072:

  -3.6001e+00  -6.6090e+00   3.8399e+00  -3.7198e+00  -6.0346e+00  -3.7949e+00

 Columns 6073 through 6078:

  -4.9027e+00  -5.5053e+00  -3.8279e+00  -3.4199e+00  -5.2138e+00  -8.8674e+00

 Columns 6079 through 6084:

  -6.0090e+00  -6.1267e+00  -1.1327e+01  -6.4275e+00  -4.0928e+00  -6.0030e+00

 Columns 6085 through 6090:

  -4.5222e+00  -7.3348e+00  -2.7328e+00  -5.2753e-01  -7.8339e+00  -6.8446e+00

 Columns 6091 through 6096:

  -1.2202e+01  -5.5305e+00  -4.6435e+00  -7.2992e+00  -2.6300e+00  -5.8699e+00

 Columns 6097 through 6102:

  -1.5338e+00  -9.3562e+00  -1.1067e+01   1.7711e+00  -1.0046e+01  -5.0775e+00

 Columns 6103 through 6108:

  -7.1072e+00  -3.5039e+00  -1.4145e+01  -3.4168e+00  -7.9692e+00  -6.2488e+00

 Columns 6109 through 6114:

  -6.0177e+00  -1.6834e+00  -8.3734e+00  -7.2391e+00  -7.6230e+00  -6.2459e+00

 Columns 6115 through 6120:

  -8.6771e+00  -6.4486e+00  -2.3274e+00  -8.1132e+00  -5.4484e+00  -4.2741e+00

 Columns 6121 through 6126:

  -7.0365e+00  -1.2101e+01  -4.2181e+00  -1.5806e+00  -8.7486e+00  -7.4834e+00

 Columns 6127 through 6132:

   6.8832e-01  -3.4244e+00  -3.1539e+00  -5.2703e+00  -5.6577e+00  -1.7362e+00

 Columns 6133 through 6138:

  -9.4149e+00  -1.1977e+01  -6.3064e+00  -3.9262e+00  -4.0187e+00  -5.8331e+00

 Columns 6139 through 6144:

  -7.7067e+00  -1.9878e+00  -1.0481e+01  -3.9629e+00  -1.0227e+01  -2.4489e+00

 Columns 6145 through 6150:

  -4.7869e+00  -6.9193e+00   1.2020e+00  -8.4787e+00  -8.8369e+00  -2.3683e+00

 Columns 6151 through 6156:

  -1.1228e+01  -9.0722e+00  -1.3522e+01  -8.9407e+00  -1.1157e+01  -5.1772e+00

 Columns 6157 through 6162:

  -1.9736e+00  -5.8054e+00  -1.2151e+00  -7.9243e+00  -7.5528e+00  -5.9827e+00

 Columns 6163 through 6168:

  -9.1209e+00  -5.0854e+00  -5.1228e+00  -7.5561e+00  -7.7725e+00   7.7109e-01

 Columns 6169 through 6174:

  -9.6954e+00  -3.8555e+00  -2.4387e+00  -2.9866e+00  -1.0941e+01  -8.1495e+00

 Columns 6175 through 6180:

  -7.3419e+00  -1.0627e+01  -6.5940e+00  -1.0168e+01  -6.9756e+00  -4.7444e+00

 Columns 6181 through 6186:

  -8.2825e-01  -1.3278e+01  -8.7432e+00  -5.2871e+00   1.5714e+00  -8.6514e+00

 Columns 6187 through 6192:

  -8.7901e+00  -2.6420e+00  -8.1833e+00  -1.7623e+01  -9.9967e+00  -9.9587e+00

 Columns 6193 through 6198:

  -1.0319e+01  -7.1529e+00  -1.0435e+01  -9.0794e+00  -3.6062e+00  -8.8890e+00

 Columns 6199 through 6204:

  -5.8865e+00  -5.7038e+00  -1.5035e+00  -5.3822e+00  -8.1277e+00  -7.4155e+00

 Columns 6205 through 6210:

  -8.9758e+00  -2.1379e+00  -7.3943e+00  -4.9128e+00  -8.5695e+00  -5.0131e-01

 Columns 6211 through 6216:

  -6.2727e+00  -4.2913e+00   6.6002e-01  -6.2139e+00  -3.7375e+00  -1.1274e+01

 Columns 6217 through 6222:

  -4.5920e+00  -1.0749e+01  -4.9724e-01  -6.6971e+00  -2.7329e+00  -5.0206e+00

 Columns 6223 through 6228:

  -6.4265e+00  -1.0662e+01  -1.1329e+00  -5.3149e+00  -7.6552e+00  -3.4136e+00

 Columns 6229 through 6234:

  -6.1757e+00  -8.2161e+00  -1.2910e+01  -1.6126e+00  -4.5569e+00  -7.6628e+00

 Columns 6235 through 6240:

  -5.4433e+00  -2.5643e+00  -7.4148e+00  -3.2635e+00  -5.8554e+00  -2.7131e+00

 Columns 6241 through 6246:

  -4.7487e+00  -7.7471e+00  -7.7860e+00  -4.2803e+00  -8.9007e+00  -4.1432e+00

 Columns 6247 through 6252:

  -5.8479e+00  -6.4620e-01  -5.0686e+00  -6.2506e+00  -7.0226e+00  -9.4373e+00

 Columns 6253 through 6258:

  -5.4435e+00  -5.8120e+00  -6.7439e+00  -8.9733e+00  -6.1485e+00  -6.3475e+00

 Columns 6259 through 6264:

  -9.5621e+00  -4.5050e+00  -3.9795e+00  -5.8468e+00  -4.6407e+00  -2.6541e+00

 Columns 6265 through 6270:

  -8.0168e+00  -5.6933e+00  -7.2332e+00  -3.5299e+00  -2.2150e+00  -6.0973e+00

 Columns 6271 through 6276:

  -5.1625e+00  -1.5452e+00  -1.1136e+01  -6.6518e+00  -8.6019e+00  -3.8895e+00

 Columns 6277 through 6282:

  -9.3622e+00  -6.0555e+00  -7.7531e+00  -7.8158e+00  -5.8290e+00  -6.1127e+00

 Columns 6283 through 6288:

  -1.0786e+01  -7.6339e+00  -8.1629e+00  -4.8994e+00  -6.1815e+00  -6.9039e+00

 Columns 6289 through 6294:

  -4.2383e+00  -5.8304e+00  -1.9673e+00  -6.8829e+00  -3.8128e+00  -1.9434e+00

 Columns 6295 through 6300:

  -3.5405e+00  -1.1529e+00  -5.6822e+00  -7.6577e+00  -3.4279e+00  -9.9238e+00

 Columns 6301 through 6306:

  -1.2483e+01  -8.1420e+00  -2.0360e+00  -2.6689e+00  -6.1468e+00  -3.0771e+00

 Columns 6307 through 6312:

  -7.9917e+00  -1.7805e+00  -5.7142e+00  -6.8713e+00  -2.4651e+00  -5.4423e+00

 Columns 6313 through 6318:

  -5.7050e+00  -5.1361e+00  -4.9041e+00   3.7764e-01  -5.9409e+00  -9.1885e+00

 Columns 6319 through 6324:

  -9.6117e+00  -9.0139e+00  -1.0638e+01  -7.8830e+00  -6.9689e+00  -9.3952e+00

 Columns 6325 through 6330:

  -5.6707e+00  -5.4156e+00  -1.1678e+01  -5.6214e+00  -8.7897e+00  -5.4548e+00

 Columns 6331 through 6336:

  -3.3177e+00  -6.9479e-01  -5.3090e+00  -1.1122e+00  -3.4495e+00  -4.3991e+00

 Columns 6337 through 6342:

  -4.9675e+00  -1.0975e+01  -2.2524e+00  -6.1758e+00  -6.5755e+00  -4.5322e+00

 Columns 6343 through 6348:

  -4.0463e+00  -1.3095e+01  -3.1064e+00  -1.0276e+01  -4.5100e+00  -1.2895e+00

 Columns 6349 through 6354:

  -6.8901e+00  -3.6185e+00  -5.4764e+00  -5.9598e+00  -6.8271e+00  -1.6813e+00

 Columns 6355 through 6360:

  -6.2509e+00  -9.2649e+00  -3.0251e+00  -7.7777e+00  -6.3657e+00  -4.6260e+00

 Columns 6361 through 6366:

  -4.8736e+00  -3.1916e+00  -1.2334e+01  -6.6328e+00  -5.0959e-01  -6.6683e+00

 Columns 6367 through 6372:

  -5.9955e+00  -7.0490e+00  -3.3935e+00  -9.3091e+00  -9.2535e+00  -7.2393e+00

 Columns 6373 through 6378:

  -6.7762e+00  -1.4110e+01  -1.4234e+01  -5.3649e+00  -9.4068e+00  -1.1943e+00

 Columns 6379 through 6384:

  -7.7260e+00  -3.6611e+00  -1.1139e+01  -1.0678e+00  -4.5547e+00  -9.2013e+00

 Columns 6385 through 6390:

  -6.5165e+00  -5.8562e+00  -7.1632e+00  -9.1217e+00  -8.5235e+00  -7.9357e+00

 Columns 6391 through 6396:

  -9.3541e+00  -4.2168e+00  -8.3972e+00  -4.4077e+00  -1.2896e+01  -1.3384e+01

 Columns 6397 through 6402:

  -8.0342e+00  -7.5907e+00  -8.1283e+00  -6.2748e+00  -5.0783e+00  -7.4747e+00

 Columns 6403 through 6408:

  -5.8793e+00  -1.3719e+01  -4.8216e+00  -7.4695e+00  -5.9938e+00  -8.2015e+00

 Columns 6409 through 6414:

  -1.0798e-01  -4.9872e+00  -1.0690e+01  -6.1413e+00  -9.8508e+00  -8.8652e+00

 Columns 6415 through 6420:

  -5.8762e+00  -2.6618e+00  -8.4975e+00  -8.3804e+00  -7.1980e+00  -1.0959e+01

 Columns 6421 through 6426:

  -7.7784e+00  -2.6100e+00  -1.1089e+01  -6.4095e+00  -7.1670e+00  -7.6077e+00

 Columns 6427 through 6432:

  -7.3024e+00  -3.8110e+00  -4.9927e+00  -7.3329e+00  -7.4098e+00  -6.4593e+00

 Columns 6433 through 6438:

  -2.6693e+00  -8.7587e+00  -3.6253e+00  -3.9066e+00  -9.3995e+00  -6.8745e+00

 Columns 6439 through 6444:

  -3.8287e+00  -3.1573e+00  -7.6769e+00  -8.0099e+00  -7.2112e+00  -2.6179e+00

 Columns 6445 through 6450:

  -9.2924e+00  -7.3427e+00  -8.7426e+00  -8.8861e+00  -9.8885e+00  -4.2202e+00

 Columns 6451 through 6456:

  -1.0132e+01  -4.1954e+00  -7.9317e+00  -4.2329e+00  -3.3798e+00  -2.0592e+00

 Columns 6457 through 6462:

  -7.7701e+00  -1.5507e+00  -6.3710e+00  -2.3147e+00  -9.7202e+00  -7.3900e+00

 Columns 6463 through 6468:

  -6.0254e+00  -4.0076e+00  -6.9990e+00  -3.3178e+00  -8.6938e-01  -7.1626e+00

 Columns 6469 through 6474:

  -7.3068e+00  -6.5134e+00  -7.8529e+00  -4.7362e+00  -1.4669e+00  -8.9149e+00

 Columns 6475 through 6480:

  -9.3397e+00  -3.6512e+00  -1.6789e+00  -5.6050e+00  -6.4531e+00  -6.7801e+00

 Columns 6481 through 6486:

  -6.6948e+00  -4.8987e+00  -6.4853e+00  -4.7783e+00  -9.6003e+00  -5.8271e+00

 Columns 6487 through 6492:

  -8.7274e+00  -4.6263e+00  -5.8744e+00   9.0550e-01  -4.2708e+00  -7.9573e+00

 Columns 6493 through 6498:

  -9.1529e+00  -8.8738e+00  -6.5558e+00  -1.2094e+01  -9.5312e+00  -8.6404e+00

 Columns 6499 through 6504:

  -2.7532e+00  -6.0357e+00  -7.2376e+00  -7.1929e+00  -9.4980e+00  -6.8074e+00

 Columns 6505 through 6510:

  -8.4150e+00  -1.0494e+01  -9.0510e+00  -2.6647e+00  -6.5580e+00  -1.1376e+00

 Columns 6511 through 6516:

  -1.0252e+01  -8.8026e+00  -6.5729e+00  -5.6822e+00  -6.7804e+00  -1.6889e+00

 Columns 6517 through 6522:

  -9.4413e+00  -3.0631e+00  -3.6243e+00  -1.1438e+00  -2.6415e+00  -2.7385e+00

 Columns 6523 through 6528:

  -2.8804e+00  -2.5949e+00  -4.6378e+00  -1.1033e+00  -1.2542e+01   5.3163e-01

 Columns 6529 through 6534:

  -7.0072e+00  -8.6275e+00  -5.1227e+00  -1.1895e+01  -4.1205e+00  -1.3684e+01

 Columns 6535 through 6540:

  -1.1186e+01  -2.5486e+00  -5.0831e+00  -9.0383e+00  -7.5048e+00  -3.2581e+00

 Columns 6541 through 6546:

  -3.1504e+00  -9.4801e+00  -1.8825e+00  -3.8422e+00  -6.1783e+00  -4.9459e-01

 Columns 6547 through 6552:

  -3.3691e+00  -8.8598e+00  -6.0575e+00  -6.4013e+00  -4.4267e+00  -8.5659e+00

 Columns 6553 through 6558:

  -8.3459e+00  -1.0495e+01  -6.6086e+00  -4.2897e+00  -1.2076e+01  -7.5945e+00

 Columns 6559 through 6564:

  -8.5689e+00  -7.1844e+00  -3.7787e+00  -9.1223e+00  -9.0954e+00  -5.5385e+00

 Columns 6565 through 6570:

  -9.8809e+00  -1.1389e+00  -3.1794e+00  -1.0986e+01  -5.9365e+00  -9.7916e+00

 Columns 6571 through 6576:

  -8.5516e+00  -1.3116e+00  -6.2293e+00  -5.7360e+00  -3.8266e+00  -1.5936e+00

 Columns 6577 through 6582:

  -5.6331e+00  -7.3184e+00  -1.0718e+01  -7.2802e+00  -6.4229e+00  -1.2982e+01

 Columns 6583 through 6588:

  -6.2947e+00  -1.5637e+00  -6.3765e+00  -5.3704e+00  -2.1868e+00  -5.6849e+00

 Columns 6589 through 6594:

  -9.8623e+00  -8.7631e+00  -6.5574e+00  -1.0900e+01  -6.1936e+00  -7.3612e+00

 Columns 6595 through 6600:

  -9.3697e+00  -5.6047e+00  -4.4474e+00  -1.0536e+01  -9.8277e+00  -9.0413e+00

 Columns 6601 through 6606:

  -7.9890e+00  -4.6935e+00  -6.3485e+00  -5.4537e+00  -2.9917e+00  -7.6438e+00

 Columns 6607 through 6612:

  -4.0013e+00  -6.4280e+00  -6.1730e+00  -4.3368e+00  -6.5168e+00  -2.0775e+00

 Columns 6613 through 6618:

  -6.2436e+00  -4.6483e+00  -9.4815e+00  -5.9150e+00  -1.2693e+01  -2.7175e+00

 Columns 6619 through 6624:

  -3.4179e+00  -4.3957e+00  -7.2143e+00  -5.6317e+00  -7.6420e+00  -2.9503e+00

 Columns 6625 through 6630:

  -7.4712e+00  -5.5530e+00   3.4331e+00  -1.1583e+00  -3.1381e+00  -8.3896e+00

 Columns 6631 through 6636:

  -3.8021e+00  -9.7106e+00  -7.6543e+00  -4.4667e+00  -6.3507e+00  -6.5396e+00

 Columns 6637 through 6642:

  -7.8110e+00  -7.1654e+00  -9.1984e+00  -4.7295e+00   5.1456e-01  -1.1981e+01

 Columns 6643 through 6648:

  -4.5172e+00  -6.1771e+00  -2.7691e+00  -6.7999e+00  -2.2570e+00  -7.2017e+00

 Columns 6649 through 6654:

  -5.9021e+00  -4.7932e+00  -2.9534e+00  -6.9393e+00  -8.8553e+00  -5.2977e+00

 Columns 6655 through 6660:

   2.4282e-01  -9.4145e+00  -6.8143e+00  -1.0007e+01  -5.3713e+00  -5.4513e+00

 Columns 6661 through 6666:

  -6.4610e+00  -1.1922e+01  -1.3796e+01  -2.9638e+00   2.8756e-02  -7.9746e-01

 Columns 6667 through 6672:

  -5.6751e+00  -2.1798e+00  -5.3222e+00  -7.4192e+00  -6.1538e+00  -3.8403e+00

 Columns 6673 through 6678:

  -3.5333e+00  -6.6163e+00  -7.4722e+00  -8.7114e+00  -4.1234e+00  -1.3346e+01

 Columns 6679 through 6684:

  -6.7292e+00  -3.7152e+00  -6.5469e+00  -3.2332e+00  -6.5125e+00  -7.0964e+00

 Columns 6685 through 6690:

  -6.9354e+00  -3.8070e+00  -4.1280e+00  -5.3804e+00  -8.4568e+00  -1.7212e+00

 Columns 6691 through 6696:

  -7.6695e+00  -9.6133e+00  -5.7057e+00  -1.7537e+00  -6.5009e+00  -2.1068e+00

 Columns 6697 through 6702:

  -2.1385e+00  -7.0127e+00  -5.3138e+00  -9.5587e+00  -1.4942e+01  -7.5688e+00

 Columns 6703 through 6708:

  -7.1532e+00  -2.2244e+00  -8.3537e+00  -2.0102e+00  -5.9768e+00  -4.8869e+00

 Columns 6709 through 6714:

  -5.2019e+00  -7.1102e+00  -2.6660e+00  -8.5505e+00   8.4406e-01  -1.3005e+01

 Columns 6715 through 6720:

  -1.0517e+01  -4.7470e+00  -9.6026e+00  -2.1180e+00  -2.3378e+00  -1.0115e+01

 Columns 6721 through 6726:

  -4.5681e+00  -3.9211e+00  -4.8203e+00  -2.1005e+00  -9.9313e+00  -6.4549e+00

 Columns 6727 through 6732:

  -5.8606e+00  -4.4535e+00  -4.9686e+00  -6.5135e+00  -9.0376e+00  -3.3864e+00

 Columns 6733 through 6738:

  -6.6949e+00  -7.7297e+00  -1.4093e+01  -7.5222e+00  -1.6788e+00  -1.2757e+00

 Columns 6739 through 6744:

  -2.2848e+00  -1.0816e+01  -6.0429e-01  -3.2547e+00  -8.6830e+00  -1.0963e+01

 Columns 6745 through 6750:

  -8.0750e+00  -6.7062e+00  -8.7680e+00  -6.4627e+00  -2.0533e+00  -4.0399e+00

 Columns 6751 through 6756:

  -8.5521e+00  -5.2441e+00  -6.8998e+00  -3.8004e+00  -6.0468e+00  -6.4025e+00

 Columns 6757 through 6762:

  -5.1509e+00  -1.4148e+01   2.9613e-01  -9.4350e+00  -5.8335e+00  -6.5776e+00

 Columns 6763 through 6768:

  -8.4592e+00  -3.5863e+00  -2.6884e+00  -6.8180e+00  -3.8328e+00   3.6028e+00

 Columns 6769 through 6774:

  -1.1173e+00  -9.7792e+00  -9.1502e+00  -5.2712e+00  -9.2891e+00  -7.9802e+00

 Columns 6775 through 6780:

  -8.3977e+00  -2.0182e+00  -8.0744e+00  -3.2158e+00  -3.8112e-01  -1.9868e+00

 Columns 6781 through 6786:

  -9.3462e+00   6.3370e-01  -1.4674e-01  -1.4091e+00  -6.1279e+00  -6.3619e+00

 Columns 6787 through 6792:

  -5.0968e+00  -9.0701e+00  -7.2780e+00  -9.0119e+00  -4.3805e+00  -1.1411e+01

 Columns 6793 through 6798:

  -4.9361e+00  -2.8230e+00  -1.0611e+01  -3.1808e+00  -3.6708e+00  -6.3618e+00

 Columns 6799 through 6804:

  -9.4970e+00  -1.0517e+01  -7.5140e+00  -6.5605e+00  -4.7997e+00  -7.3171e+00

 Columns 6805 through 6810:

  -4.4487e+00  -9.9962e+00  -3.3015e+00  -8.3996e+00  -1.2108e+01  -6.1803e+00

 Columns 6811 through 6816:

  -9.8956e+00  -8.6190e-01  -1.2478e+00  -5.1497e+00  -1.4111e+00  -9.6007e+00

 Columns 6817 through 6822:

  -5.7798e+00  -4.6814e+00  -4.4006e+00  -5.8032e+00  -6.6011e+00  -8.4230e+00

 Columns 6823 through 6828:

  -9.2361e+00  -7.4923e+00  -8.2483e+00  -7.7269e+00  -2.5938e+00  -6.5965e+00

 Columns 6829 through 6834:

  -6.3454e+00  -1.5469e+00  -1.1872e+00  -9.8975e+00  -7.5095e+00  -1.6626e+01

 Columns 6835 through 6840:

  -6.2453e+00  -6.5991e+00  -7.7757e+00  -9.2488e+00  -6.9950e+00  -1.2335e+01

 Columns 6841 through 6846:

  -7.5074e+00  -6.0755e+00  -6.7274e-01  -9.5687e+00  -1.2020e+01  -2.8078e+00

 Columns 6847 through 6852:

  -7.0869e+00  -9.1451e+00  -7.1736e+00  -1.4219e+00  -8.6198e+00  -9.8950e+00

 Columns 6853 through 6858:

  -5.2854e+00  -2.7863e+00  -1.1358e+01  -5.4745e+00   2.2884e+00  -7.4611e+00

 Columns 6859 through 6864:

  -7.8448e+00  -2.5345e+00  -3.9631e+00  -1.6206e+00  -4.5221e+00  -4.3754e+00

 Columns 6865 through 6870:

  -1.0137e+01  -5.0155e+00  -5.3559e+00  -5.5526e+00  -8.3556e+00  -5.8001e-01

 Columns 6871 through 6876:

  -1.4810e+01  -4.5329e+00  -9.5243e+00  -6.4106e+00  -4.4207e+00  -9.3211e+00

 Columns 6877 through 6882:

  -7.4411e+00  -1.5239e+01  -1.4379e+00  -6.7448e+00  -5.5410e+00  -1.0719e+01

 Columns 6883 through 6888:

  -8.2364e+00  -6.6670e+00  -7.8244e+00  -9.6568e+00  -5.0487e+00  -5.9421e+00

 Columns 6889 through 6894:

  -8.8223e+00  -7.7359e+00  -1.2701e+01  -1.0238e+01  -1.0269e+01  -1.0347e+01

 Columns 6895 through 6900:

  -2.9194e+00  -5.7053e+00  -8.0248e+00  -5.7006e+00  -1.1498e+01  -2.6820e+00

 Columns 6901 through 6906:

  -6.0359e+00  -5.3850e-01  -3.3132e+00  -5.9580e+00  -4.7130e+00  -8.3229e+00

 Columns 6907 through 6912:

  -4.3369e+00  -6.2954e+00  -3.9848e+00   1.4750e+00  -5.6278e+00  -2.6236e+00

 Columns 6913 through 6918:

  -6.0931e+00  -4.7485e+00  -2.7921e+00  -5.2277e+00  -4.4750e+00  -3.9500e+00

 Columns 6919 through 6924:

  -7.1159e+00  -8.8330e+00  -7.4010e+00  -1.0777e+01  -8.6535e+00  -6.0088e+00

 Columns 6925 through 6930:

  -8.8156e+00  -1.1991e+01  -6.0074e+00  -6.7655e+00  -3.7865e+00  -7.5720e+00

 Columns 6931 through 6936:

  -1.0372e+01  -7.7599e+00  -7.5135e+00  -3.5348e+00  -3.4495e+00  -1.2616e+01

 Columns 6937 through 6942:

  -6.0076e+00  -5.2311e+00  -5.7604e+00  -3.9834e+00  -6.3754e+00  -1.0995e+01

 Columns 6943 through 6948:

  -5.1334e+00  -5.2622e-01  -1.2440e+01  -7.5505e+00  -9.5158e+00  -2.3228e+00

 Columns 6949 through 6954:

  -4.6483e+00  -5.0077e+00  -4.5791e+00  -8.7632e+00  -5.3499e+00  -8.8611e+00

 Columns 6955 through 6960:

  -8.0145e+00  -4.5130e+00  -3.6406e+00  -1.2511e+01  -8.3779e+00  -2.7066e+00

 Columns 6961 through 6966:

  -8.7374e+00  -4.0184e+00  -5.4418e+00  -3.2695e+00  -6.8625e+00  -9.8735e+00

 Columns 6967 through 6972:

  -6.3639e+00  -4.7768e+00  -1.1987e+01  -5.7470e+00  -9.6585e+00  -4.6124e+00

 Columns 6973 through 6978:

  -8.2672e+00  -1.1278e+01  -3.3879e+00  -1.2018e+01  -9.0938e+00  -2.8895e+00

 Columns 6979 through 6984:

  -1.0529e+01  -4.5375e+00  -7.9689e+00  -3.7042e+00  -3.7848e+00  -3.3671e+00

 Columns 6985 through 6990:

  -5.3603e+00  -7.1769e+00  -7.9805e+00  -5.4411e+00  -2.2638e+00  -5.9847e+00

 Columns 6991 through 6996:

  -5.8014e+00  -8.1992e+00  -3.4715e+00  -8.9807e+00  -2.3725e+00  -5.5651e+00

 Columns 6997 through 7002:

  -8.9102e+00  -2.8014e+00  -6.7397e+00  -2.0789e+00  -5.2973e+00  -1.6524e+00

 Columns 7003 through 7008:

  -3.0749e+00  -1.0575e+01  -1.0871e+01  -3.3033e+00  -4.0078e+00  -5.3199e+00

 Columns 7009 through 7014:

  -6.8035e+00  -8.9444e+00  -7.5651e+00  -5.0251e+00  -7.4573e+00  -7.2630e+00

 Columns 7015 through 7020:

  -1.2915e+01  -6.2710e+00  -9.6904e+00  -8.0507e+00  -1.2480e+01   3.6308e-01

 Columns 7021 through 7026:

  -1.0131e+01  -4.1106e+00  -4.3944e+00  -4.5946e+00  -1.1350e+01  -7.1788e+00

 Columns 7027 through 7032:

  -5.2673e+00  -8.4553e+00  -6.4383e+00  -8.3416e+00  -9.0448e+00  -1.0192e+01

 Columns 7033 through 7038:

  -4.5765e+00  -6.9622e+00  -1.1368e+01  -5.0480e+00  -7.2254e+00  -5.9243e+00

 Columns 7039 through 7044:

  -2.5637e+00  -3.7515e+00  -3.4591e+00  -2.3782e+00  -5.2362e+00  -5.7063e+00

 Columns 7045 through 7050:

  -4.0785e+00  -4.9157e+00  -1.8078e+00  -8.8592e+00   1.4543e+00  -7.7917e+00

 Columns 7051 through 7056:

  -8.2081e+00  -2.0450e+00  -2.1454e+00  -3.0638e+00  -4.7097e+00  -8.7152e+00

 Columns 7057 through 7062:

  -5.2892e+00  -3.1331e+00  -6.8901e-01  -7.8330e+00  -3.6636e+00  -8.7715e+00

 Columns 7063 through 7068:

  -1.2635e+00  -6.7740e+00  -5.2959e+00  -6.1251e+00  -4.3050e+00  -4.9118e+00

 Columns 7069 through 7074:

  -5.2380e+00  -2.1281e+00  -1.1127e+01  -6.6061e+00  -1.3732e+01  -4.2510e+00

 Columns 7075 through 7080:

  -3.8462e+00  -5.3563e+00  -1.1370e+01  -1.1999e+00  -4.9354e+00  -6.5744e+00

 Columns 7081 through 7086:

  -1.0202e+01  -4.1314e+00  -3.2285e+00  -1.1164e+01  -1.1868e+01  -1.4121e+00

 Columns 7087 through 7092:

  -6.6476e+00  -3.8358e+00  -1.3960e+01  -9.5363e+00  -6.3408e+00   9.3392e-01

 Columns 7093 through 7098:

  -6.8786e+00  -1.8235e+00  -7.8998e+00  -3.6719e+00  -1.0668e+01  -3.5889e+00

 Columns 7099 through 7104:

  -7.0691e+00  -4.6015e+00  -1.0173e+01  -6.6608e+00  -1.0788e+01  -1.3698e+01

 Columns 7105 through 7110:

  -1.0720e+01  -1.0834e+01  -1.4660e+01  -1.7063e+01  -5.2527e+00  -1.2570e+01

 Columns 7111 through 7116:

  -3.9138e-01  -5.8193e+00  -2.7758e+00  -6.8963e+00  -1.0204e+01  -2.6345e+00

 Columns 7117 through 7122:

  -2.6367e+00  -6.1038e+00  -9.2920e+00  -9.0546e+00  -7.4924e+00  -8.7856e+00

 Columns 7123 through 7128:

  -3.4399e+00  -3.5782e-01  -4.9642e+00  -1.8008e+00  -8.4342e+00  -9.2113e-01

 Columns 7129 through 7134:

  -7.2029e+00  -4.9311e+00  -4.6284e+00  -3.8501e+00  -8.7473e+00  -2.1741e+00

 Columns 7135 through 7140:

  -5.9590e+00  -1.9922e+00  -6.9686e+00  -8.3653e+00  -1.0638e+01  -8.1604e+00

 Columns 7141 through 7146:

  -6.6775e+00  -4.4011e+00  -2.8293e+00  -6.3897e+00  -4.8315e+00  -4.2265e+00

 Columns 7147 through 7152:

  -6.3597e+00  -6.4037e+00  -8.2576e+00  -5.6729e+00  -7.4280e+00  -1.3373e+01

 Columns 7153 through 7158:

  -8.6408e+00  -9.2908e+00  -8.9049e+00  -6.9480e+00  -1.5656e+00  -5.1838e+00

 Columns 7159 through 7164:

  -6.7510e+00  -4.5057e+00  -6.8554e+00  -7.3560e+00   4.2265e+00  -2.8159e+00

 Columns 7165 through 7170:

  -3.8736e+00  -3.1784e+00  -7.1955e+00  -4.1798e+00  -2.7952e+00  -6.9625e+00

 Columns 7171 through 7176:

  -6.7441e+00  -9.0073e+00  -7.3442e+00  -5.6247e+00  -1.4694e+01  -7.7906e+00

 Columns 7177 through 7182:

  -7.5138e+00  -9.1921e+00  -4.4937e+00  -3.8048e+00  -8.7816e+00   1.9956e-01

 Columns 7183 through 7188:

   7.7444e-01  -8.2236e+00  -8.1219e+00  -5.3232e+00  -6.7070e+00  -4.2712e+00

 Columns 7189 through 7194:

  -1.5876e+00  -8.4137e+00  -1.0260e+01  -3.1809e+00  -4.1092e+00  -3.3761e+00

 Columns 7195 through 7200:

  -7.6683e+00  -7.7304e+00  -8.6961e+00  -7.1378e+00  -6.6127e+00  -1.6363e+00

 Columns 7201 through 7206:

  -1.8881e+00  -6.2612e+00  -8.6673e+00  -5.0203e+00  -2.9038e+00  -9.1723e+00

 Columns 7207 through 7212:

  -9.1881e+00  -6.8795e+00  -3.9368e+00  -3.4369e+00  -9.1907e-01  -1.0030e+01

 Columns 7213 through 7218:

  -1.1107e+01  -1.0439e+01  -8.0842e+00  -1.8086e+00  -4.3625e+00  -4.6445e+00

 Columns 7219 through 7224:

   1.3121e+00  -8.7272e+00  -6.9427e+00  -1.0010e+01  -1.1175e+00  -1.7734e+00

 Columns 7225 through 7230:

  -3.4576e+00  -5.4760e+00  -9.7070e+00  -5.8993e+00  -7.7221e+00  -2.9943e+00

 Columns 7231 through 7236:

  -6.8729e+00  -8.1512e+00  -7.0667e+00  -2.7279e+00  -3.1835e+00  -7.1190e+00

 Columns 7237 through 7242:

  -8.6301e+00  -7.2661e+00  -6.6115e+00  -9.0883e+00  -5.8798e+00  -1.2457e+00

 Columns 7243 through 7248:

  -1.0134e+01  -1.2364e+01  -9.5366e+00  -5.1512e+00  -6.6644e+00  -3.5660e+00

 Columns 7249 through 7254:

  -5.2481e+00  -8.0859e+00  -8.3480e+00  -6.9711e+00  -4.3749e+00  -7.8019e+00

 Columns 7255 through 7260:

  -1.8206e+00  -5.9282e+00  -1.1626e+01  -4.4346e+00  -5.6062e+00  -3.7616e+00

 Columns 7261 through 7266:

  -3.3924e+00  -6.9405e+00  -5.4060e-01  -8.4661e+00  -2.9753e+00  -9.0508e+00

 Columns 7267 through 7272:

  -1.8389e+00  -4.6568e+00  -6.4426e+00  -6.4723e+00  -4.5037e-01  -1.0749e+01

 Columns 7273 through 7278:

  -8.8255e+00  -8.0333e+00  -9.5381e+00  -5.1296e+00  -7.9888e+00  -8.4815e+00

 Columns 7279 through 7284:

  -4.1392e+00  -5.0173e+00  -1.3455e+01  -7.6569e+00  -1.0786e+01  -5.3151e+00

 Columns 7285 through 7290:

  -4.4406e+00  -3.4644e+00  -6.2644e+00  -6.7648e+00  -9.5929e+00  -9.0914e+00

 Columns 7291 through 7296:

  -6.7355e-01  -3.9897e+00  -8.4680e+00  -4.7508e+00  -4.1405e+00  -9.2448e+00

 Columns 7297 through 7302:

  -4.6924e+00  -8.4508e+00  -8.3423e+00  -5.1184e+00  -5.1810e+00  -9.2417e+00

 Columns 7303 through 7308:

  -1.1833e+01  -3.3936e+00  -3.7720e+00  -6.7659e+00   2.1683e+00  -2.8497e+00

 Columns 7309 through 7314:

  -1.9630e+00  -9.0250e+00  -2.0429e+00  -8.9862e+00  -4.5095e+00  -3.4915e+00

 Columns 7315 through 7320:

  -5.5174e+00  -7.3922e+00  -3.5068e+00  -3.7964e+00  -3.8207e+00  -1.0802e+01

 Columns 7321 through 7326:

  -1.0756e+01  -5.6349e+00  -7.4130e+00  -6.8690e+00  -7.0281e+00  -4.1835e+00

 Columns 7327 through 7332:

  -8.9118e+00  -9.9685e+00  -4.2654e+00  -6.2655e+00  -9.3075e-01  -6.1078e+00

 Columns 7333 through 7338:

  -7.2285e+00  -5.4684e+00  -2.2106e-01  -2.3590e+00  -7.0449e+00  -7.4609e+00

 Columns 7339 through 7344:

  -5.6512e+00  -4.7816e+00  -9.3939e+00  -7.5097e+00  -1.6627e+00  -5.8633e+00

 Columns 7345 through 7350:

  -5.4997e+00  -3.9948e+00  -1.0308e+01  -5.0793e+00  -8.2458e+00  -4.7312e+00

 Columns 7351 through 7356:

  -7.6431e-01  -5.0121e+00   2.5433e+00  -7.3448e+00  -4.7681e+00  -1.7101e+00

 Columns 7357 through 7362:

  -8.8462e+00  -5.5486e+00  -7.3903e+00  -3.0147e+00  -5.1610e+00  -7.2086e+00

 Columns 7363 through 7368:

  -1.0375e+01  -7.0391e+00  -3.3072e+00  -2.8117e+00  -6.5842e+00  -6.6645e+00

 Columns 7369 through 7374:

  -6.3402e+00  -1.3371e+01  -7.9145e+00  -4.1453e+00  -6.7751e+00  -5.8715e+00

 Columns 7375 through 7380:

  -7.0984e+00  -9.3597e+00  -3.2895e+00  -7.2746e+00  -8.8813e+00  -4.1956e+00

 Columns 7381 through 7386:

  -7.5354e+00  -7.0793e+00  -1.0411e+01  -1.2246e+01  -6.0311e+00  -6.8709e+00

 Columns 7387 through 7392:

  -9.6474e+00  -2.1931e+00  -2.8932e+00  -4.4570e+00  -5.1777e+00  -7.2940e+00

 Columns 7393 through 7398:

  -9.6297e+00  -7.0379e+00  -9.6127e+00  -5.9622e+00  -4.5236e+00  -8.6446e+00

 Columns 7399 through 7404:

  -8.8450e+00  -5.6632e+00  -6.9713e+00  -4.3843e+00  -5.0079e+00  -3.3480e+00

 Columns 7405 through 7410:

  -1.0405e+01  -1.1013e+01  -5.5597e+00  -8.7663e+00  -6.1773e+00  -6.2549e+00

 Columns 7411 through 7416:

  -6.4081e+00  -3.5477e+00  -4.7377e+00  -3.9225e+00  -1.1976e+01  -3.1758e+00

 Columns 7417 through 7422:

  -1.1551e+01  -7.9588e+00  -1.0198e+00  -2.7382e+00  -1.1103e+01  -8.1361e+00

 Columns 7423 through 7428:

  -4.8173e+00  -8.1631e+00  -1.0237e+01  -5.8412e+00  -4.6107e+00  -9.4817e+00

 Columns 7429 through 7434:

  -3.4813e+00  -9.7667e+00  -2.2112e+00  -5.3767e+00  -4.1088e+00  -6.4291e+00

 Columns 7435 through 7440:

  -7.6757e+00  -3.7509e+00  -2.7243e+00  -5.5606e-02  -1.2641e+01  -4.0100e+00

 Columns 7441 through 7446:

  -6.9721e+00  -4.8562e+00  -6.6414e+00  -7.2402e+00  -1.0979e+01  -4.0293e+00

 Columns 7447 through 7452:

  -5.2896e+00  -2.6943e+00  -6.5864e+00  -1.2481e+01  -3.2928e+00  -3.5413e+00

 Columns 7453 through 7458:

  -6.5832e+00  -9.0847e+00   2.1897e-01  -1.6478e+00  -8.6891e+00  -6.0593e+00

 Columns 7459 through 7464:

  -8.6159e+00  -1.5779e+00  -7.7556e+00  -1.0037e+01  -4.3343e+00  -1.3002e+01

 Columns 7465 through 7470:

  -2.8772e+00  -2.6197e+00  -8.8423e+00  -8.0170e+00  -1.0495e+01  -4.8100e+00

 Columns 7471 through 7476:

  -3.9284e+00  -1.1683e+00  -9.0329e-01  -1.4827e+01  -4.6720e+00  -9.9193e+00

 Columns 7477 through 7482:

  -2.2373e+00  -1.0680e+01  -8.4175e+00  -2.0768e+00  -5.0442e+00  -7.8413e+00

 Columns 7483 through 7488:

  -4.2519e+00  -5.6039e+00  -6.5873e+00  -7.3740e+00  -9.9066e+00  -8.4747e+00

 Columns 7489 through 7494:

  -6.9663e+00  -3.8086e+00  -5.3739e+00  -4.9133e+00  -8.0697e+00  -7.8595e+00

 Columns 7495 through 7500:

  -9.5474e-01  -1.0351e+01  -3.3553e+00  -5.8188e+00  -9.3099e+00   2.5485e-01

 Columns 7501 through 7506:

  -7.4481e+00  -2.3812e+00  -1.4940e+00  -3.0040e+00  -2.9741e+00  -5.2074e+00

 Columns 7507 through 7512:

  -9.6728e+00  -1.0895e+01  -3.5271e+00  -5.0349e+00  -5.1153e+00  -1.0639e+00

 Columns 7513 through 7518:

  -2.7833e+00  -6.8725e+00  -5.4367e+00  -7.8287e+00  -5.4077e+00  -3.1327e+00

 Columns 7519 through 7524:

  -1.5331e-01  -6.3574e+00  -5.3556e+00  -2.8394e+00  -9.9679e+00  -8.7952e+00

 Columns 7525 through 7530:

  -3.4927e+00  -6.8585e+00  -6.8796e+00  -9.0642e+00  -1.0663e+01  -5.1302e+00

 Columns 7531 through 7536:

  -9.4306e+00  -8.4969e+00  -6.0965e+00  -7.3683e+00  -1.1715e+01  -4.2954e+00

 Columns 7537 through 7542:

  -7.5399e+00  -6.7768e+00  -5.0727e+00   1.9426e+00   1.1042e+00  -7.2219e+00

 Columns 7543 through 7548:

  -4.0326e+00  -4.6172e+00  -5.0022e+00  -7.9517e+00  -8.3062e+00  -3.4929e+00

 Columns 7549 through 7554:

  -5.1536e+00  -7.1281e+00  -4.2367e+00  -6.8068e+00  -8.2640e+00  -6.0100e+00

 Columns 7555 through 7560:

  -6.6586e+00  -3.2811e+00  -7.3553e+00  -1.4669e+01  -6.6000e+00  -1.0513e+01

 Columns 7561 through 7566:

  -6.7836e+00  -8.2176e+00  -6.1152e+00  -7.6060e+00  -5.1732e+00  -8.9210e+00

 Columns 7567 through 7572:

  -3.5872e+00  -1.3082e+00  -1.1110e+01  -7.0038e+00  -6.8744e+00  -6.5190e+00

 Columns 7573 through 7578:

  -8.4427e+00  -2.9071e+00  -5.1683e+00  -9.6975e+00  -9.2665e+00  -8.0897e+00

 Columns 7579 through 7584:

  -7.4275e+00  -6.4260e+00  -6.0976e+00  -5.2319e+00  -1.0210e+01  -5.6943e+00

 Columns 7585 through 7590:

  -4.9348e+00  -5.6484e+00  -5.7001e+00  -4.5844e+00  -5.4293e+00  -3.8028e+00

 Columns 7591 through 7596:

  -8.4858e+00  -1.0068e+01  -1.0958e+01  -5.6676e+00  -4.1001e+00  -7.1887e+00

 Columns 7597 through 7602:

  -1.9384e+00  -4.7513e+00  -2.8101e+00  -3.7152e+00  -3.8795e+00  -2.6945e+00

 Columns 7603 through 7608:

  -5.2271e+00  -3.6490e+00  -3.6598e+00  -8.5357e+00  -7.5751e+00  -2.7659e+00

 Columns 7609 through 7614:

  -8.2338e+00  -4.8675e+00  -7.0922e+00  -6.8041e+00  -8.3286e+00  -9.8044e+00

 Columns 7615 through 7620:

  -7.1082e+00  -4.1715e-01  -6.1676e+00  -7.2680e+00  -2.3280e+00  -1.8234e+00

 Columns 7621 through 7626:

  -5.5843e+00  -6.7396e+00  -8.3936e+00  -4.6192e+00  -3.6730e-01  -8.3259e+00

 Columns 7627 through 7632:

   9.0599e-01  -1.2539e+01  -1.0210e+01  -5.7763e+00  -6.4283e+00  -2.1713e+00

 Columns 7633 through 7638:

  -5.2745e+00  -1.2525e+01  -7.5141e+00  -8.7342e+00  -1.2638e+01  -5.6348e+00

 Columns 7639 through 7644:

  -4.5458e+00  -2.2529e+00  -3.8546e+00  -9.0275e+00  -4.4493e+00  -4.6741e+00

 Columns 7645 through 7650:

  -4.1677e+00  -2.3609e+00  -4.7521e+00  -2.0177e+00  -7.4513e+00  -5.6424e+00

 Columns 7651 through 7656:

  -8.5532e+00  -8.9766e+00  -1.1770e+01  -5.8673e+00  -1.0096e+01  -4.3096e+00

 Columns 7657 through 7662:

  -7.1077e+00  -4.5395e+00  -6.7426e+00  -5.3299e+00  -1.0489e+01  -6.8875e+00

 Columns 7663 through 7668:

  -6.7089e+00  -4.9045e+00  -1.0496e+01  -1.3711e+01  -4.4299e+00  -5.6365e+00

 Columns 7669 through 7674:

  -3.7915e+00  -9.5550e+00  -3.3283e+00  -1.5925e-02  -6.5785e+00   2.8330e+00

 Columns 7675 through 7680:

  -1.1216e+01  -3.0738e+00  -1.5799e-02  -9.7202e+00  -6.2773e+00  -8.5095e+00

 Columns 7681 through 7686:

  -1.0730e+01  -1.3040e+01  -5.6320e+00  -6.2184e+00  -1.0062e+00  -6.7817e+00

 Columns 7687 through 7692:

  -8.3522e+00  -3.8184e+00  -6.3201e+00  -8.3190e+00  -7.0634e+00  -4.5310e+00

 Columns 7693 through 7698:

  -1.1958e+01  -1.2864e+01  -1.0977e+01  -5.0360e-01  -7.2184e+00   1.9308e+00

 Columns 7699 through 7704:

  -5.7882e+00  -9.0249e+00  -1.6545e+00  -5.2064e+00  -7.1341e+00  -4.1953e+00

 Columns 7705 through 7710:

  -6.5607e+00  -8.4292e+00  -3.3839e+00  -4.1775e+00  -9.5780e+00  -7.7012e+00

 Columns 7711 through 7716:

  -1.0632e+01   3.1163e+00  -5.0761e+00  -6.9247e+00  -4.2785e+00  -8.4191e+00

 Columns 7717 through 7722:

  -7.6209e-01  -3.2117e+00  -1.4185e+00  -7.7285e-01  -2.2006e+00  -5.6116e+00

 Columns 7723 through 7728:

  -1.1094e+00  -1.0705e+01  -6.4840e+00  -5.2646e-01  -7.0370e+00  -6.9456e+00

 Columns 7729 through 7734:

  -4.1962e-01  -1.1950e+01   1.2822e-01  -4.7722e+00  -7.0288e+00  -7.9361e+00

 Columns 7735 through 7740:

  -7.2610e+00  -6.8978e+00  -2.6684e+00  -5.5754e+00   2.9158e+00  -2.8209e+00

 Columns 7741 through 7746:

  -5.8209e+00  -1.1166e+01  -3.3528e+00  -7.2619e+00  -7.2067e+00  -6.9159e+00

 Columns 7747 through 7752:

  -5.7082e+00  -7.2309e+00  -5.2392e+00  -9.4136e+00  -1.1404e+01  -1.7434e+00

 Columns 7753 through 7758:

  -6.7618e+00  -9.6815e+00  -6.2300e+00  -3.0913e+00  -8.4381e+00  -4.6609e+00

 Columns 7759 through 7764:

  -7.9702e+00  -3.5327e+00  -6.8823e+00  -3.8600e+00  -5.1320e+00  -3.2522e+00

 Columns 7765 through 7770:

  -4.3380e+00  -4.9099e+00  -1.2112e+01  -2.1584e+00  -8.3095e+00  -1.0925e+01

 Columns 7771 through 7776:

   2.7756e-01  -4.9765e+00  -4.9807e+00  -1.0652e+01   3.5227e+00  -1.2490e+01

 Columns 7777 through 7782:

  -7.0672e+00  -7.2858e+00  -3.0564e+00  -6.0438e+00  -1.0811e+01  -8.7208e+00

 Columns 7783 through 7788:

  -1.0582e+01  -6.5260e+00  -7.5216e+00  -2.8029e+00  -6.2598e+00  -6.3520e+00

 Columns 7789 through 7794:

  -9.0514e+00  -1.0650e+01  -6.6651e+00  -5.5219e+00  -1.5104e+01  -9.8431e+00

 Columns 7795 through 7800:

  -1.0966e+01  -7.8512e+00  -8.8894e+00  -1.5667e+00  -6.1214e+00  -5.6915e+00

 Columns 7801 through 7806:

  -8.3918e+00   8.7200e-01  -5.4841e+00  -6.7766e+00  -3.0458e+00  -1.3856e+01

 Columns 7807 through 7812:

   1.0046e+00  -7.4014e+00  -1.0509e+01  -6.8722e+00  -2.9964e+00  -6.1673e+00

 Columns 7813 through 7818:

  -9.2134e+00  -4.9595e+00  -6.1502e+00  -6.6956e+00  -6.3920e+00  -5.3117e+00

 Columns 7819 through 7824:

  -5.1616e+00  -6.8098e+00  -8.8321e+00  -4.5189e+00  -6.6467e+00  -6.1244e+00

 Columns 7825 through 7830:

  -6.1559e+00  -7.3178e+00  -9.5357e+00  -5.3256e+00  -2.3443e+00  -7.8697e+00

 Columns 7831 through 7836:

  -6.1175e+00  -5.8110e+00  -4.5053e+00  -7.8047e+00  -1.0824e+01  -2.9772e+00

 Columns 7837 through 7842:

  -4.8004e+00  -7.4472e+00  -7.4972e+00  -5.7379e+00  -1.6453e+01  -4.8953e+00

 Columns 7843 through 7848:

  -3.8506e+00  -9.2074e+00  -8.8274e+00  -1.1803e+01  -5.0918e+00  -8.4886e+00

 Columns 7849 through 7854:

  -4.6597e+00  -5.7563e+00  -1.0399e+01  -1.3035e+01  -1.8162e+00  -4.0497e+00

 Columns 7855 through 7860:

  -4.7663e+00  -1.2035e+01  -4.8235e+00  -8.0467e+00  -1.4308e+01  -4.6510e+00

 Columns 7861 through 7866:

  -9.6785e+00  -4.4653e+00  -9.1523e+00  -5.3582e+00  -7.5987e+00  -6.0572e+00

 Columns 7867 through 7872:

  -2.8269e+00  -7.6919e+00  -8.2966e+00  -7.2118e+00  -2.9938e+00  -4.6071e+00

 Columns 7873 through 7878:

  -7.4251e+00  -8.5544e+00  -2.4952e+00  -4.3991e+00  -7.1569e+00  -5.2890e+00

 Columns 7879 through 7884:

  -6.0307e+00  -9.6452e+00  -7.5105e+00  -3.7462e+00  -9.3111e+00  -8.0054e+00

 Columns 7885 through 7890:

  -2.8785e+00  -9.6292e+00  -9.1845e+00  -7.6992e+00  -5.6273e+00  -5.6078e+00

 Columns 7891 through 7896:

   1.4476e+00  -8.0063e+00  -1.2382e+01  -3.0099e+00  -3.5079e+00  -7.8640e+00

 Columns 7897 through 7902:

  -3.6801e+00  -1.0145e+01  -8.4257e+00  -7.0502e+00  -7.7621e+00  -5.8555e+00

 Columns 7903 through 7908:

  -1.8504e+00  -5.5974e+00  -6.7646e+00  -4.4333e+00  -3.5334e+00  -4.2246e+00

 Columns 7909 through 7914:

  -3.7122e+00  -7.5605e+00  -4.7997e+00  -7.2839e+00  -2.7154e+00  -7.2142e+00

 Columns 7915 through 7920:

  -7.8978e+00  -5.8672e+00  -1.3448e+00  -3.8193e+00  -8.2786e+00  -5.0151e+00

 Columns 7921 through 7926:

  -1.2475e+01  -5.6278e+00  -5.4024e+00  -1.2416e+01  -2.9229e+00  -1.6183e+00

 Columns 7927 through 7932:

  -1.1070e+00  -6.5109e+00  -5.2148e+00  -3.5353e+00  -8.4091e+00  -8.3125e+00

 Columns 7933 through 7938:

  -1.0233e+01  -7.3015e+00  -3.6100e+00  -6.6809e+00  -6.7670e+00  -1.1865e+01

 Columns 7939 through 7944:

  -6.9660e-01  -6.4357e-01  -3.2163e+00  -5.8979e+00  -6.3870e+00  -8.5571e+00

 Columns 7945 through 7950:

  -4.2105e+00  -9.4266e+00  -8.1853e+00  -7.5508e+00  -9.3665e+00  -5.1452e+00

 Columns 7951 through 7956:

  -2.3739e+00  -9.3689e+00  -7.4378e-01  -8.2548e+00  -1.2935e+01  -6.7690e+00

 Columns 7957 through 7962:

  -5.5062e+00  -3.7808e+00  -4.0280e+00  -1.6245e+01  -2.2643e+00  -1.1740e+01

 Columns 7963 through 7968:

  -3.5009e+00  -5.0998e+00  -8.5237e+00  -8.7364e+00  -3.2395e+00  -3.1767e+00

 Columns 7969 through 7974:

  -8.1503e+00  -6.9698e+00  -2.6990e+00  -7.0134e+00  -3.5622e+00  -6.3591e+00

 Columns 7975 through 7980:

  -9.3844e+00  -3.7404e+00  -7.5361e+00  -7.0044e+00  -4.7786e+00  -5.5584e+00

 Columns 7981 through 7986:

  -6.7376e+00  -4.6399e+00  -5.6754e+00  -1.4168e+01  -3.2666e+00  -2.5844e+00

 Columns 7987 through 7992:

  -7.8924e+00  -8.0881e+00  -5.9906e+00  -1.4251e+01  -7.7627e+00  -8.6173e+00

 Columns 7993 through 7998:

  -5.3297e+00  -2.9419e+00  -5.8122e+00  -9.5830e+00   1.4787e+00  -4.4516e+00

 Columns 7999 through 8004:

  -2.3914e+00  -3.9664e+00  -6.2168e+00  -6.9278e-01  -5.6805e+00  -7.3513e+00

 Columns 8005 through 8010:

  -8.5817e+00  -2.8628e+00  -4.4686e+00  -4.6360e+00  -8.2472e+00  -7.7676e+00

 Columns 8011 through 8016:

  -4.7439e+00  -7.6209e+00  -8.1419e+00  -3.2410e+00  -5.6688e+00  -7.4307e+00

 Columns 8017 through 8022:

  -8.7178e+00  -7.5734e+00  -7.5940e+00  -1.1718e+01  -1.0774e+01  -3.6289e+00

 Columns 8023 through 8028:

  -9.1693e+00  -4.2469e+00  -6.3800e+00  -8.1117e+00  -4.5780e+00  -3.8897e+00

 Columns 8029 through 8034:

  -4.3935e+00  -4.8664e+00  -4.8692e+00  -6.8822e+00  -5.1967e-01  -5.4426e+00

 Columns 8035 through 8040:

  -7.2624e+00  -4.2490e+00  -7.7317e+00  -5.0276e+00  -8.9015e+00  -4.4029e+00

 Columns 8041 through 8046:

  -7.3266e+00  -6.4371e+00  -5.6071e+00  -1.8097e+00  -2.5974e+00  -4.8736e+00

 Columns 8047 through 8052:

  -6.3477e+00  -4.6780e+00  -1.2045e+01  -8.6226e+00  -7.2664e+00  -9.6585e+00

 Columns 8053 through 8058:

  -6.2737e+00  -7.3946e+00  -2.4453e+00   1.2846e+00  -7.4911e+00  -5.6388e+00

 Columns 8059 through 8064:

  -8.2161e+00  -5.3804e+00  -1.2384e+00  -1.0611e+01  -4.2693e+00  -5.6386e+00

 Columns 8065 through 8070:

  -3.3401e+00  -3.4630e+00  -5.6199e-01  -1.6183e+00  -6.9234e+00  -1.1973e+01

 Columns 8071 through 8076:

  -2.6798e+00  -3.6271e+00   1.8868e+00  -9.0618e+00  -1.2577e+00  -2.7005e+00

 Columns 8077 through 8082:

  -1.1286e+01  -1.3532e+01  -5.9309e+00  -7.3008e+00  -5.4964e+00  -7.6156e+00

 Columns 8083 through 8088:

   4.3017e+00  -1.9657e+00  -6.2106e+00  -7.4509e+00  -5.0129e+00  -9.1877e+00

 Columns 8089 through 8094:

  -5.0104e+00  -4.9408e+00  -5.8688e+00  -6.1253e+00  -1.1120e+01  -1.1837e+01

 Columns 8095 through 8100:

  -8.4099e+00  -1.3337e+01   7.7597e-01  -2.4520e+00  -7.1951e+00  -6.9415e+00

 Columns 8101 through 8106:

  -9.3805e+00  -4.6875e+00  -2.8511e+00  -5.8797e+00  -6.1792e+00  -6.0146e+00

 Columns 8107 through 8112:

  -1.3944e+01  -9.3105e+00  -1.6011e+00  -3.5694e+00  -5.0705e+00  -5.7071e+00

 Columns 8113 through 8118:

  -3.5436e+00  -1.0017e+01  -8.7950e+00  -2.8058e+00  -2.4149e+00  -6.3903e+00

 Columns 8119 through 8124:

  -5.6474e+00  -6.9297e+00  -4.7813e+00  -1.6689e+00  -5.6489e+00  -8.8730e+00

 Columns 8125 through 8130:

  -2.7516e+00  -7.3329e+00  -1.0211e+01  -6.9051e+00  -4.0106e+00  -6.4914e+00

 Columns 8131 through 8136:

  -7.4433e+00  -4.1716e+00  -2.1046e+00  -4.0893e+00  -1.4485e+01  -1.2702e+01

 Columns 8137 through 8142:

  -2.1110e+00  -4.7922e+00  -5.4528e+00  -2.4901e+00  -2.2699e+00  -6.6925e+00

 Columns 8143 through 8148:

  -8.5516e+00  -3.9576e+00  -6.7654e+00   2.0904e-01  -1.3591e+01  -6.4057e+00

 Columns 8149 through 8154:

  -3.1886e+00  -4.8442e+00  -5.0130e+00  -8.7613e+00  -5.1217e+00   1.4651e+00

 Columns 8155 through 8160:

  -1.2160e+01  -1.0475e+01  -4.5105e+00  -1.1311e+01  -2.0249e+00  -7.9010e+00

 Columns 8161 through 8166:

  -2.7136e+00  -5.2865e+00  -7.7218e+00  -6.6728e+00  -6.9106e+00  -1.1655e+01

 Columns 8167 through 8172:

  -1.0819e+01  -8.6023e+00  -6.6539e+00  -1.5674e+01  -9.3191e+00  -1.2282e+01

 Columns 8173 through 8178:

  -1.0694e+01  -2.4568e+00  -5.9047e+00  -2.1756e+00  -3.2476e+00  -7.3221e+00

 Columns 8179 through 8184:

  -3.9732e+00  -6.9370e+00  -3.2884e+00  -6.0355e+00  -5.1947e+00  -6.2897e-01

 Columns 8185 through 8190:

  -8.5489e+00  -9.8744e-01  -7.7368e+00  -1.1424e+01  -1.2771e+01  -6.7063e+00

 Columns 8191 through 8196:

  -3.1561e+00  -8.7881e+00  -8.8319e+00  -2.0258e+00  -4.0120e+00  -5.2071e+00

 Columns 8197 through 8202:

  -7.5164e+00  -2.5478e+00  -6.8119e+00  -2.5992e+00  -7.0285e+00  -7.2179e+00

 Columns 8203 through 8208:

  -4.6110e+00  -1.9004e+00  -7.0065e+00  -4.5794e+00  -4.4000e+00  -9.0478e+00

 Columns 8209 through 8214:

  -4.4723e+00  -7.3813e+00  -4.2080e+00  -6.1089e+00  -8.2659e+00  -6.6201e+00

 Columns 8215 through 8220:

  -8.8193e+00  -4.0743e-01   1.5549e+00  -7.6149e+00  -1.0581e+01  -4.0934e-01

 Columns 8221 through 8226:

  -5.6000e+00  -4.2777e+00  -3.9810e+00   8.7517e-01  -1.1298e+01  -6.6085e+00

 Columns 8227 through 8232:

  -7.6715e+00  -4.7332e+00  -5.6222e+00  -5.0309e+00  -3.7765e+00  -6.2947e+00

 Columns 8233 through 8238:

  -7.6664e+00  -4.5865e+00  -2.7810e+00  -6.4131e+00  -4.0334e+00   2.4397e+00

 Columns 8239 through 8244:

  -9.3045e+00  -8.2164e+00  -6.3593e+00  -4.4600e+00  -9.4377e+00  -5.7447e+00

 Columns 8245 through 8250:

  -6.4284e+00  -8.0796e+00  -9.5726e+00  -1.0335e+01  -1.2071e+01  -1.3649e+01

 Columns 8251 through 8256:

  -4.5936e+00  -2.5313e+00  -3.7655e+00  -8.0031e+00  -3.7435e+00  -1.4669e+01

 Columns 8257 through 8262:

  -5.2298e+00  -8.9193e+00  -5.1227e+00   1.9160e-01  -4.9600e+00  -8.4122e+00

 Columns 8263 through 8268:

   9.1106e-01  -7.6323e+00  -5.3773e+00  -6.9286e+00  -7.0697e+00  -5.7485e+00

 Columns 8269 through 8274:

  -9.0254e+00  -3.3850e+00  -1.7008e+00  -9.0301e+00  -8.9421e+00  -4.9954e-01

 Columns 8275 through 8280:

  -3.1691e+00  -8.2481e+00  -1.1117e+01  -8.4439e+00  -5.1583e+00  -5.5941e+00

 Columns 8281 through 8286:

  -5.4432e+00  -7.1194e+00  -5.2425e-01  -2.1199e+00  -7.7185e+00  -4.5079e+00

 Columns 8287 through 8292:

  -1.4797e+00  -5.8864e-01  -4.5570e+00  -5.4952e+00  -3.8544e+00  -3.7927e+00

 Columns 8293 through 8298:

  -5.3915e+00  -6.8203e+00  -9.3946e+00  -8.0025e+00   4.7026e-01  -7.1744e+00

 Columns 8299 through 8304:

  -7.2400e+00  -4.3526e+00  -6.4557e+00  -1.8806e+00  -9.6084e+00  -4.7259e+00

 Columns 8305 through 8310:

  -8.6247e-01  -6.4633e+00  -8.2640e+00  -4.5832e+00  -1.9502e+00  -4.4708e+00

 Columns 8311 through 8316:

  -3.5776e+00  -9.5388e+00  -1.0757e+01  -6.0900e+00  -6.9039e+00  -7.9785e+00

 Columns 8317 through 8322:

  -3.5524e+00  -6.0269e+00  -5.0359e+00  -1.4037e+01  -2.8149e+00  -4.2918e+00

 Columns 8323 through 8328:

  -4.3122e+00  -1.2623e+01  -2.0324e+00  -5.4696e+00  -1.3256e+01  -1.2703e+00

 Columns 8329 through 8334:

  -2.5584e+00  -7.0653e+00  -5.0569e+00  -6.8571e+00  -1.2539e+01  -4.7767e+00

 Columns 8335 through 8340:

   1.3302e+00  -7.7962e+00  -2.3459e+00  -9.7861e+00  -1.3707e+01  -3.0463e+00

 Columns 8341 through 8346:

  -8.5725e+00  -9.9518e+00  -2.2081e+00  -2.3114e+00  -5.4606e+00  -7.7760e+00

 Columns 8347 through 8352:

  -3.3560e+00  -9.2682e+00  -2.7556e-01  -1.1265e+01  -1.1113e+01  -4.3608e+00

 Columns 8353 through 8358:

  -4.9931e+00  -2.0672e+00  -1.0967e+01  -2.5329e+00  -3.0116e+00  -4.0162e+00

 Columns 8359 through 8364:

  -4.1899e+00  -1.0478e+01  -7.6131e+00  -1.3410e+01  -5.8535e+00  -5.4785e+00

 Columns 8365 through 8370:

  -3.3375e+00  -3.5056e+00  -9.4206e+00  -5.6304e+00  -5.0991e+00  -3.7923e-01

 Columns 8371 through 8376:

  -1.3500e+00  -8.3425e+00  -5.5366e+00  -8.9759e+00  -1.4290e+00  -8.1842e+00

 Columns 8377 through 8382:

  -1.0224e+01  -5.0330e+00  -6.3391e+00  -2.6445e+00  -3.4963e+00  -1.2648e+01

 Columns 8383 through 8388:

  -7.8884e+00  -1.6140e+00  -6.6955e+00  -5.4738e+00  -1.1018e+01  -1.3653e+01

 Columns 8389 through 8394:

  -4.2038e+00  -9.8030e-01  -1.8633e+00  -5.4235e+00  -6.5731e+00  -2.2997e+00

 Columns 8395 through 8400:

  -4.0723e+00  -5.2337e+00  -8.1647e+00  -7.9401e+00  -7.8430e+00  -3.8206e+00

 Columns 8401 through 8406:

  -3.2278e+00  -1.2537e+01  -1.9138e+00  -1.4519e-01  -4.4563e-01  -5.0447e+00

 Columns 8407 through 8412:

  -7.3449e+00  -2.6336e+00   7.0567e-01  -9.6756e+00  -3.4108e+00  -9.2779e+00

 Columns 8413 through 8418:

   2.3594e-01  -6.8720e+00  -4.3615e-01   1.2351e-01  -8.3556e+00  -9.3698e+00

 Columns 8419 through 8424:

  -7.2597e+00  -4.7572e+00  -5.4627e+00  -3.8461e+00  -6.5176e+00  -3.7175e+00

 Columns 8425 through 8430:

  -6.4190e+00  -3.4396e+00  -1.0814e+01  -6.7936e+00  -6.6775e+00  -8.2070e+00

 Columns 8431 through 8436:

  -2.8989e+00  -8.7777e+00  -8.0213e+00  -1.6766e+00  -2.6793e+00  -6.5936e+00

 Columns 8437 through 8442:

  -6.6624e+00  -1.0703e+00  -5.8878e+00  -6.2169e+00  -3.1959e+00  -5.3592e+00

 Columns 8443 through 8448:

  -5.7101e+00  -7.5464e+00  -2.2718e+00  -8.0634e+00  -7.1077e+00  -6.1286e+00

 Columns 8449 through 8454:

  -9.3075e+00  -3.9874e+00  -1.3914e+01  -1.4296e+01  -8.0204e-01  -4.4932e+00

 Columns 8455 through 8460:

  -8.1145e+00  -6.0859e+00  -9.0010e+00  -1.4856e+00  -8.2168e+00  -1.6170e+00

 Columns 8461 through 8466:

  -9.2679e+00  -6.4545e+00  -2.3165e+00  -9.8059e+00  -3.0444e+00  -4.3896e+00

 Columns 8467 through 8472:

  -3.6734e+00  -1.6782e+01  -7.5470e+00  -1.1325e+01  -6.4471e+00  -4.4941e+00

 Columns 8473 through 8478:

  -7.7887e+00  -8.5253e+00  -3.3480e+00  -9.3161e+00  -5.7667e+00  -4.5619e+00

 Columns 8479 through 8484:

  -5.3067e+00  -6.4394e+00   3.5644e-01  -5.5065e+00  -4.5822e+00  -9.3450e+00

 Columns 8485 through 8490:

  -6.2051e+00  -1.0040e+01  -1.4140e+01  -3.7310e+00  -7.9183e+00  -8.6869e+00

 Columns 8491 through 8496:

  -4.9029e+00  -1.1917e+00  -7.5344e+00  -3.7463e+00  -7.5690e+00  -5.6824e+00

 Columns 8497 through 8502:

  -4.9715e+00  -7.3422e+00  -6.6345e+00  -1.4054e+01  -9.0957e+00  -2.6495e+00

 Columns 8503 through 8508:

  -1.1755e+01  -7.8293e+00  -3.5754e-01  -5.9781e+00  -4.9176e+00  -8.6082e+00

 Columns 8509 through 8514:

  -7.5447e+00  -5.3633e+00  -5.1507e+00  -6.6824e+00  -5.8743e+00  -5.2012e+00

 Columns 8515 through 8520:

  -4.0611e+00  -5.9616e+00  -7.0219e+00  -2.7336e+00  -5.2982e+00  -1.0321e+01

 Columns 8521 through 8526:

  -7.0753e-01  -9.1263e+00  -5.1972e+00  -6.6058e+00  -1.1384e+01  -6.7788e+00

 Columns 8527 through 8532:

  -9.7841e+00  -4.4554e+00  -7.7261e+00  -7.5561e+00  -8.0776e+00  -6.5844e+00

 Columns 8533 through 8538:

  -3.8473e+00  -5.9375e+00  -3.6682e+00   8.5230e-01  -5.7047e+00  -6.8259e+00

 Columns 8539 through 8544:

  -7.6210e+00  -7.2428e-01  -5.4978e+00  -1.2270e+01  -6.5700e+00  -3.9565e+00

 Columns 8545 through 8550:

  -4.0345e+00  -1.7214e+00   3.6850e+00  -3.0089e+00  -1.7805e+00  -2.5464e+00

 Columns 8551 through 8556:

  -5.0360e+00  -6.5507e+00  -4.8693e+00  -4.6166e+00  -5.3586e-01  -3.3936e+00

 Columns 8557 through 8562:

  -4.4984e+00  -2.5874e+00  -8.5174e+00  -9.4955e+00  -1.1000e+00  -1.9427e+00

 Columns 8563 through 8568:

  -4.9010e+00  -9.2648e+00  -5.6155e+00  -8.4172e+00  -1.0093e+01  -3.9361e+00

 Columns 8569 through 8574:

  -5.4023e+00  -5.2151e+00  -8.5859e+00  -1.0445e+01  -1.9640e+00  -7.3190e+00

 Columns 8575 through 8580:

  -7.3683e+00  -5.0325e+00  -9.0666e-01  -1.0404e+01  -9.5004e+00  -9.2412e+00

 Columns 8581 through 8586:

  -6.9237e+00  -2.8523e+00   1.8184e+00  -8.4658e+00  -4.6270e+00  -5.8918e+00

 Columns 8587 through 8592:

  -5.6340e+00  -7.5404e+00  -1.0057e+01  -3.2097e+00  -5.1992e+00  -3.0828e+00

 Columns 8593 through 8598:

  -1.1441e+01  -2.9090e+00  -5.8456e+00   5.7540e-01  -3.4992e+00  -8.4789e+00

 Columns 8599 through 8604:

  -4.7418e+00  -3.6679e+00  -3.9158e+00  -1.0405e+01  -4.6400e+00  -1.1343e+01

 Columns 8605 through 8610:

  -7.5920e+00  -8.8504e+00  -9.0555e+00  -1.2597e+00  -2.7590e+00  -1.3821e+01

 Columns 8611 through 8616:

  -6.2059e+00  -3.1447e+00  -5.0923e+00  -8.2082e+00  -9.5490e+00  -3.3130e+00

 Columns 8617 through 8622:

  -9.0226e+00  -1.0784e+01  -1.7000e-01  -5.3967e+00  -6.4312e+00  -4.8116e+00

 Columns 8623 through 8628:

  -8.0385e+00  -5.7066e+00  -2.8917e+00  -3.1194e+00  -6.1426e+00  -7.5255e+00

 Columns 8629 through 8634:

  -5.0220e+00  -8.8019e+00  -1.5110e+00  -6.5965e+00  -4.9132e+00  -1.9758e+00

 Columns 8635 through 8640:

  -1.3875e+00  -8.1796e+00  -8.6921e+00  -1.2931e+01  -5.0667e+00  -4.1318e+00

 Columns 8641 through 8646:

  -3.2130e+00  -6.2433e+00  -7.2368e+00  -4.7595e+00  -3.1334e+00  -4.2137e+00

 Columns 8647 through 8652:

  -9.5372e+00  -2.4181e+00  -3.7672e+00  -2.5222e+00  -1.7632e+00  -5.2825e+00

 Columns 8653 through 8658:

  -6.2406e+00  -2.3266e+00  -3.8577e+00  -3.4608e+00  -8.1267e+00  -7.3491e+00

 Columns 8659 through 8664:

  -9.8382e+00  -5.8799e+00  -2.0545e+00   2.7376e+00  -4.9770e+00  -1.4436e+00

 Columns 8665 through 8670:

  -5.8195e+00  -9.5778e+00  -1.0898e+01  -1.9782e+00  -9.7105e+00  -1.7262e+00

 Columns 8671 through 8676:

  -5.6606e+00  -8.9183e-01  -5.0993e+00   2.4687e+00  -3.8115e+00  -6.8531e+00

 Columns 8677 through 8682:

  -4.2812e+00  -1.1498e+01  -6.9729e-01  -2.5498e+00  -4.1519e+00  -4.5667e+00

 Columns 8683 through 8688:

  -1.0144e+01  -7.4301e+00  -9.5986e+00  -4.0345e+00  -6.7976e+00  -5.0308e+00

 Columns 8689 through 8694:

  -8.1978e+00   7.9765e-01  -8.1139e+00  -4.4186e+00  -8.4970e+00  -8.3458e+00

 Columns 8695 through 8700:

  -6.4424e+00  -8.6529e+00  -4.2568e+00  -5.0390e+00  -4.7631e+00  -1.0878e+01

 Columns 8701 through 8706:

  -4.7710e+00  -6.6271e+00  -8.8559e+00  -1.9115e+00  -9.1018e+00  -2.5852e+00

 Columns 8707 through 8712:

   1.3668e+00  -4.9849e+00  -8.1071e+00  -5.6676e+00  -4.0387e+00  -1.0829e+01

 Columns 8713 through 8718:

  -9.8242e+00  -6.1041e+00   1.2260e+00  -4.3343e+00  -5.0057e+00  -2.2616e+00

 Columns 8719 through 8724:

  -2.2211e+00  -4.4752e+00  -4.4244e+00  -9.4537e+00   2.6938e+00  -2.8150e+00

 Columns 8725 through 8730:

  -5.6416e+00  -1.2896e+01  -3.9717e+00  -5.0213e+00  -4.4291e+00  -8.1720e+00

 Columns 8731 through 8736:

  -2.2468e+00  -5.2971e+00  -1.9644e+00  -7.6583e+00  -7.5886e+00  -3.5803e+00

 Columns 8737 through 8742:

  -5.3068e+00  -1.2015e+01  -8.9870e-01  -4.9092e+00  -2.8999e+00  -9.5962e+00

 Columns 8743 through 8748:

  -4.9458e+00  -3.5978e+00  -6.7715e+00  -7.0972e+00  -1.1020e+01  -1.1386e+01

 Columns 8749 through 8754:

  -5.6200e+00  -1.4912e+01  -5.0946e+00   4.3521e-02  -7.5537e+00  -9.7844e+00

 Columns 8755 through 8760:

  -4.4941e+00  -6.5284e+00  -7.6578e+00  -8.4085e+00   1.8822e-01  -2.6540e+00

 Columns 8761 through 8766:

  -8.1887e+00  -1.1612e+01  -1.3501e-01  -9.4166e+00  -3.5939e+00  -3.6828e+00

 Columns 8767 through 8772:

  -2.2745e+00  -6.2408e+00  -1.0552e+01  -6.8628e+00  -5.2456e+00  -5.4282e+00

 Columns 8773 through 8778:

  -4.6648e+00  -4.9356e+00  -7.2429e+00  -3.4696e+00  -1.0443e+01  -7.3274e+00

 Columns 8779 through 8784:

  -7.1113e+00  -3.3901e+00  -5.0842e+00  -7.5625e+00  -4.2169e+00  -3.1405e+00

 Columns 8785 through 8790:

  -1.8586e-02  -2.5419e+00   1.7900e+00  -2.2852e+00  -4.4364e+00  -1.0115e+01

 Columns 8791 through 8796:

  -1.9175e+00  -3.1674e+00  -9.0861e+00  -1.2532e+01  -9.8986e+00  -3.7701e+00

 Columns 8797 through 8802:

  -3.6819e+00  -5.1570e+00   5.7534e-02  -5.5784e-01  -3.0573e+00  -6.1397e+00

 Columns 8803 through 8808:

  -7.0265e+00  -8.4477e+00  -4.4208e+00  -3.9305e+00  -3.5068e+00  -5.0436e+00

 Columns 8809 through 8814:

  -7.3252e+00   9.0149e-01  -4.5027e+00  -4.8293e+00  -4.1351e+00  -7.3824e+00

 Columns 8815 through 8820:

  -7.1518e+00  -5.7539e+00  -7.3124e+00  -1.0298e+01  -3.5870e+00  -4.3783e+00

 Columns 8821 through 8826:

  -7.0237e+00  -7.2603e+00  -6.7547e+00  -3.2162e+00  -5.0669e+00  -5.7926e+00

 Columns 8827 through 8832:

  -8.7758e+00  -3.9979e+00  -5.8815e+00  -5.0505e+00  -2.8911e+00  -5.7830e+00

 Columns 8833 through 8838:

  -6.3240e+00  -4.5199e+00  -2.9293e+00  -8.5734e+00  -3.7096e+00  -9.9588e+00

 Columns 8839 through 8844:

  -7.5837e+00  -7.6208e+00  -6.7556e+00  -1.0366e+01  -4.2165e+00  -9.0092e+00

 Columns 8845 through 8850:

  -2.6781e+00  -7.9781e+00  -8.1492e+00  -2.2628e+00  -8.4543e+00  -5.2425e+00

 Columns 8851 through 8856:

  -6.1361e+00  -9.0528e+00  -7.4920e+00  -7.8437e+00  -1.0207e+01   1.0671e+00

 Columns 8857 through 8862:

  -3.0672e+00  -7.0125e+00  -1.1773e+01  -6.0413e+00  -4.7808e+00  -3.9694e+00

 Columns 8863 through 8868:

  -5.2102e+00  -6.5907e+00  -7.5491e+00  -2.8454e+00  -8.5460e+00  -7.9678e+00

 Columns 8869 through 8874:

  -1.1476e+01   1.3053e+00  -2.1923e+00  -5.9047e+00  -8.5920e+00  -1.5175e+01

 Columns 8875 through 8880:

  -4.3074e+00  -7.2920e+00  -7.8168e+00  -1.0884e+01  -6.4533e+00  -4.7395e+00

 Columns 8881 through 8886:

   6.6751e-01  -7.7837e+00  -8.2770e+00  -8.1643e+00  -9.3653e+00  -4.8736e+00

 Columns 8887 through 8892:

  -1.7022e+00  -6.3966e+00  -5.3850e+00  -6.8579e+00  -1.1377e+01  -1.4751e+00

 Columns 8893 through 8898:

  -2.8414e+00  -6.1827e+00  -4.7874e+00  -8.0948e+00  -7.0164e+00  -1.0330e+00

 Columns 8899 through 8904:

  -2.9966e+00  -4.4072e+00  -5.0031e+00  -6.9669e+00  -8.6828e+00  -5.9211e+00

 Columns 8905 through 8910:

  -5.5248e+00  -4.9649e-03  -5.1238e+00  -8.1006e+00  -6.9610e+00  -9.5465e+00

 Columns 8911 through 8916:

  -1.6661e+00  -6.5282e+00  -1.6173e+00  -1.0537e+01  -6.7726e+00  -8.7637e+00

 Columns 8917 through 8922:

  -4.3857e+00  -7.2252e+00  -8.5734e+00  -6.6402e+00  -4.3515e-01  -9.5841e+00

 Columns 8923 through 8928:

  -6.1539e+00  -5.0750e+00  -2.5906e+00  -5.9440e+00  -1.0024e+01  -3.8991e+00

 Columns 8929 through 8934:

  -2.6779e+00  -1.0661e+01  -3.3114e+00  -3.0868e+00  -8.4106e+00  -2.4318e+00

 Columns 8935 through 8940:

  -3.5374e+00  -4.7305e+00  -8.4288e+00  -7.3342e+00  -9.3873e+00  -6.5329e+00

 Columns 8941 through 8946:

  -4.0321e+00  -8.8291e+00  -6.9901e+00  -3.7815e+00  -1.0862e+01  -6.0879e+00

 Columns 8947 through 8952:

  -7.4525e+00  -4.0442e+00  -3.7665e+00  -6.6616e+00  -3.7645e+00  -5.8173e+00

 Columns 8953 through 8958:

  -7.6889e+00  -1.3060e+00  -2.5932e+00  -7.3577e+00  -6.5170e+00  -3.3243e-01

 Columns 8959 through 8964:

  -5.2212e+00  -7.0600e+00  -1.0162e+01  -9.0663e+00  -4.8320e+00  -1.2610e+00

 Columns 8965 through 8970:

  -5.0910e+00  -8.0572e+00  -5.4583e+00  -3.5656e+00  -5.2951e+00  -5.4846e+00

 Columns 8971 through 8976:

  -2.6445e+00  -6.0571e+00  -7.5676e+00  -1.0604e+01  -7.0813e+00  -8.7874e+00

 Columns 8977 through 8982:

  -8.1444e+00  -8.9519e+00  -7.2558e+00  -1.2976e-01  -4.4290e+00  -3.6126e+00

 Columns 8983 through 8988:

  -3.5953e+00  -6.2651e+00  -8.5813e+00  -3.0735e+00  -7.8735e+00  -1.8644e+00

 Columns 8989 through 8994:

  -7.0431e+00  -5.9610e+00  -2.7652e+00  -8.2125e+00  -6.7843e+00  -7.1828e+00

 Columns 8995 through 9000:

  -7.7756e+00  -5.5842e+00  -2.5480e+00  -7.6952e+00  -6.9154e+00  -6.6074e+00

 Columns 9001 through 9006:

  -5.6084e+00  -6.0312e-01  -6.4043e+00  -3.5068e+00   2.3427e+00  -1.0102e+01

 Columns 9007 through 9012:

  -7.7914e+00  -6.8547e+00  -7.4170e+00  -4.6655e+00  -8.0203e+00  -7.1187e+00

 Columns 9013 through 9018:

  -9.3747e+00  -5.6579e+00  -7.2675e+00  -1.0212e+01  -3.6055e+00  -1.1434e+01

 Columns 9019 through 9024:

  -6.1794e+00  -1.1489e+01  -1.0151e+01  -1.0098e+01  -1.1683e+00  -6.8017e+00

 Columns 9025 through 9030:

  -7.0933e+00  -8.7011e-01  -3.9276e+00  -7.5111e+00  -7.0264e+00  -1.4141e+00

 Columns 9031 through 9036:

  -8.6391e+00  -1.0316e+01  -7.9780e+00  -1.5127e+00  -7.4449e+00  -9.1634e+00

 Columns 9037 through 9042:

  -6.4444e+00  -3.4724e+00  -1.3144e+00  -4.2329e+00  -6.5797e+00  -9.9590e+00

 Columns 9043 through 9048:

  -1.4934e+00  -3.8140e+00  -3.7914e+00  -6.6359e+00  -7.7097e+00  -1.2715e+01

 Columns 9049 through 9054:

  -2.2566e+00  -6.4391e+00  -9.6758e+00  -7.3231e+00  -1.5087e+00  -3.3283e+00

 Columns 9055 through 9060:

  -6.0915e+00  -3.4646e+00  -6.6118e+00  -1.0197e+01  -5.8151e+00  -5.0738e+00

 Columns 9061 through 9066:

  -9.2681e-01  -6.2866e+00  -3.8330e+00  -1.1444e+01  -1.1595e+01  -6.2008e+00

 Columns 9067 through 9072:

  -1.0684e+01  -7.2144e+00  -5.3484e+00  -1.1203e+01  -6.9520e+00  -2.1775e+00

 Columns 9073 through 9078:

  -8.2306e+00  -7.2356e+00  -1.6837e+01  -6.4753e+00  -6.1259e+00  -1.3793e+00

 Columns 9079 through 9084:

  -6.2254e+00  -7.4127e+00  -4.0336e+00  -5.2777e+00  -8.5734e+00  -3.0045e+00

 Columns 9085 through 9090:

   1.0054e+00  -6.8014e+00  -5.1517e+00  -9.2200e+00  -1.1830e+01  -5.4802e+00

 Columns 9091 through 9096:

  -9.2786e+00  -4.0098e+00  -5.4186e+00  -7.2288e+00  -9.7582e+00  -5.9402e+00

 Columns 9097 through 9102:

  -6.4465e+00  -5.1524e+00  -9.4380e+00  -2.2927e+00  -6.6812e+00  -4.6752e+00

 Columns 9103 through 9108:

  -6.2857e+00  -4.6251e+00  -2.9442e+00  -8.8869e+00  -6.2559e+00  -9.1235e-01

 Columns 9109 through 9114:

  -5.6674e+00  -4.1854e+00  -5.5880e+00  -7.6095e+00  -6.1381e+00  -8.3441e+00

 Columns 9115 through 9120:

  -1.0376e+01  -2.7691e+00  -9.3471e+00  -1.3237e+00  -7.0270e+00   3.6929e-01

 Columns 9121 through 9126:

  -1.0120e+01  -1.5258e+00  -1.1590e+01  -4.6218e+00  -2.5475e+00  -7.0807e+00

 Columns 9127 through 9132:

  -5.6554e+00  -3.3732e+00  -4.3753e+00  -4.5681e+00  -7.4497e+00  -4.7657e+00

 Columns 9133 through 9138:

  -6.2598e+00  -1.2449e+01  -9.7269e+00  -8.2648e+00  -4.3867e+00  -6.2260e+00

 Columns 9139 through 9144:

  -1.0557e+01  -7.3323e+00  -8.4839e+00  -2.6210e+00  -6.7802e+00  -1.1029e+00

 Columns 9145 through 9150:

  -5.2903e+00  -3.3614e+00  -6.6563e+00  -5.1809e+00  -9.0440e+00  -2.7661e+00

 Columns 9151 through 9156:

  -6.9153e+00  -6.5986e+00  -1.1160e+01  -7.0574e+00  -2.6325e-01  -4.8307e+00

 Columns 9157 through 9162:

  -9.3150e+00  -5.0787e+00  -5.0585e+00  -9.5485e+00  -5.0673e+00  -8.4568e+00

 Columns 9163 through 9168:

  -7.8428e+00  -3.9149e+00  -3.8790e+00   9.3612e-02  -1.9019e+00  -6.0009e+00

 Columns 9169 through 9174:

  -5.9728e+00  -1.1081e+01  -6.0563e+00  -6.1693e+00  -2.5616e+00  -4.6268e+00

 Columns 9175 through 9180:

  -4.2139e+00  -6.4713e-01  -4.9455e+00  -8.9768e+00  -5.0820e+00  -6.8577e+00

 Columns 9181 through 9186:

  -1.4494e+01  -2.5616e+00  -3.8670e+00  -6.8221e+00  -1.3345e+01  -6.9102e+00

 Columns 9187 through 9192:

  -1.5932e+00  -9.3177e+00  -7.1916e+00  -6.9866e+00  -7.0642e+00  -8.2557e+00

 Columns 9193 through 9198:

   1.1262e+00  -6.6099e+00  -7.4959e+00  -3.2925e+00  -6.3871e+00  -7.0034e+00

 Columns 9199 through 9204:

  -3.0949e+00  -8.1614e+00  -1.0955e+00  -8.5898e+00  -3.7716e+00  -6.9503e+00

 Columns 9205 through 9210:

  -4.3892e+00  -3.4340e+00  -6.3657e+00  -7.1407e+00  -6.3858e+00  -6.4374e+00

 Columns 9211 through 9216:

  -8.4122e+00  -2.9603e+00  -4.7891e+00  -8.3726e-02  -4.3727e+00  -6.2186e+00

 Columns 9217 through 9222:

  -7.1318e+00   4.2950e-01  -1.2631e+01  -6.8086e+00  -5.9682e+00  -6.4497e+00

 Columns 9223 through 9228:

  -3.5730e+00  -9.7424e+00  -8.7574e+00  -8.8547e+00  -2.9281e+00  -1.0628e+01

 Columns 9229 through 9234:

  -1.0779e+01  -9.0359e+00  -4.9555e+00  -5.1311e+00  -7.1159e+00  -6.2825e+00

 Columns 9235 through 9240:

  -6.7598e+00   1.8143e+00  -8.3421e+00  -4.0759e+00  -5.9075e+00  -6.1339e+00

 Columns 9241 through 9246:

  -5.6019e+00  -1.1088e+01  -9.5133e+00  -4.6841e+00  -7.5576e+00  -7.2129e+00

 Columns 9247 through 9252:

  -3.5629e+00  -2.0034e+00  -4.5346e+00  -6.1883e+00  -3.6938e+00  -7.8232e+00

 Columns 9253 through 9258:

  -2.5552e+00  -9.7466e+00  -9.8518e+00  -7.5517e+00  -1.0259e+01  -2.4329e+00

 Columns 9259 through 9264:

  -7.7873e+00  -4.6536e+00  -6.5957e+00  -6.8051e+00  -5.5262e+00  -6.4239e+00

 Columns 9265 through 9270:

  -3.2143e+00  -5.3601e+00  -9.0761e+00  -1.0093e+01  -4.8136e+00  -6.6788e+00

 Columns 9271 through 9276:

  -6.0683e+00  -5.8141e+00  -8.2492e+00  -9.0011e-01  -3.2037e+00  -9.2798e+00

 Columns 9277 through 9282:

  -6.4189e+00  -7.0118e+00  -7.4338e+00  -5.0462e+00  -9.3579e+00  -5.9225e+00

 Columns 9283 through 9288:

  -1.0206e+01  -7.9499e+00  -3.8580e+00  -6.7698e+00  -6.3386e+00  -8.0193e+00

 Columns 9289 through 9294:

  -8.4352e+00  -8.4477e+00  -9.0167e+00  -8.6724e+00  -4.4413e+00  -2.7914e+00

 Columns 9295 through 9300:

  -7.3489e+00  -8.1259e+00  -2.0040e+00  -5.1802e+00  -1.0268e+01  -4.2839e+00

 Columns 9301 through 9306:

  -5.3406e+00  -1.0627e+01  -6.5567e+00  -1.4510e+01  -1.3100e+01  -6.7713e+00

 Columns 9307 through 9312:

  -4.3674e+00  -8.7710e+00  -5.9663e+00  -9.7932e+00  -7.3629e+00  -7.2131e+00

 Columns 9313 through 9318:

  -1.1705e+01  -4.2457e+00  -1.4139e-01  -6.4767e+00  -5.3730e+00  -9.6966e+00

 Columns 9319 through 9324:

  -7.3645e+00  -1.2350e+00  -6.2073e+00  -1.6522e+00  -3.8937e+00  -3.0076e+00

 Columns 9325 through 9330:

  -4.6904e+00  -6.6932e+00  -6.4413e+00  -1.0635e+01  -9.2713e+00  -6.5159e+00

 Columns 9331 through 9336:

  -3.3915e+00  -3.3819e+00  -5.3195e+00  -3.2233e+00   4.1870e-01  -7.4918e+00

 Columns 9337 through 9342:

  -3.6996e+00  -7.3589e+00  -6.8271e+00  -4.1618e-01  -4.8583e+00  -7.4095e+00

 Columns 9343 through 9348:

  -8.2468e+00  -3.5874e+00  -5.3636e+00  -7.1463e+00  -2.3356e+00  -7.0095e+00

 Columns 9349 through 9354:

  -8.2870e+00  -9.2794e+00  -9.1889e+00  -6.3565e+00  -1.3973e+01  -6.5205e+00

 Columns 9355 through 9360:

  -6.0614e+00  -9.2188e+00  -2.8097e+00  -1.0110e+01  -4.6891e+00  -7.8472e+00

 Columns 9361 through 9366:

  -6.3146e+00  -6.4890e+00  -3.6140e+00  -4.0989e+00  -6.2135e+00  -9.7604e+00

 Columns 9367 through 9372:

  -6.1061e+00  -9.0993e+00  -5.8670e+00  -3.2812e+00  -6.9812e+00  -4.6786e+00

 Columns 9373 through 9378:

  -6.3982e+00  -7.0712e+00  -6.5329e+00  -1.0613e+01  -4.1834e+00  -5.6139e+00

 Columns 9379 through 9384:

  -1.1057e+01  -2.7483e+00  -7.5701e+00  -4.0437e+00  -8.6808e+00  -6.4199e+00

 Columns 9385 through 9390:

  -8.8326e+00  -5.6975e+00  -4.4373e+00  -5.8264e+00  -2.6065e+00  -6.9720e+00

 Columns 9391 through 9396:

  -7.4397e+00   6.8346e-01  -2.6395e+00  -1.6665e+00  -3.7130e+00  -8.4180e-01

 Columns 9397 through 9402:

  -5.4035e+00  -3.8838e+00   2.5487e-01  -7.1509e-01  -1.0484e+01  -9.4199e+00

 Columns 9403 through 9408:

  -8.4015e+00  -5.7333e+00  -5.0397e+00  -3.5780e+00  -4.4321e+00  -1.3667e+01

 Columns 9409 through 9414:

  -6.9488e+00  -5.1651e+00  -2.8232e+00  -7.1277e+00  -3.7470e+00  -4.3858e+00

 Columns 9415 through 9420:

  -1.2184e+01  -6.7044e+00  -6.5779e-01  -6.1183e+00  -5.1153e+00  -5.8164e+00

 Columns 9421 through 9426:

  -9.4649e+00  -1.0577e+01  -1.4469e+00  -3.2243e+00  -3.3928e+00  -2.9780e+00

 Columns 9427 through 9432:

   1.4072e-01  -1.0083e+01  -7.3380e+00  -5.5535e+00  -9.8314e+00  -9.8164e+00

 Columns 9433 through 9438:

  -6.0877e+00  -9.8640e+00  -3.5042e+00  -8.5607e+00  -1.5295e+01  -2.5229e+00

 Columns 9439 through 9444:

  -1.0003e+01  -6.6747e+00  -7.3437e+00  -8.8403e+00  -2.9568e+00  -1.0978e+01

 Columns 9445 through 9450:

  -8.4056e+00  -1.2140e+01  -6.8637e+00  -3.0622e+00  -1.2791e+00  -1.5438e+00

 Columns 9451 through 9456:

  -2.0254e+00  -1.1201e+01  -8.9790e+00  -6.5344e+00  -6.3019e+00  -3.6567e+00

 Columns 9457 through 9462:

  -9.6586e+00  -9.7487e+00  -6.5755e+00  -4.7019e+00  -8.7408e+00  -6.7173e+00

 Columns 9463 through 9468:

  -7.7460e+00  -5.1761e-01  -5.8680e+00  -8.0607e+00  -8.1560e+00  -5.3663e+00

 Columns 9469 through 9474:

  -5.0618e+00  -6.1129e+00  -6.5796e+00  -6.2120e+00  -4.8054e+00  -5.9842e+00

 Columns 9475 through 9480:

  -9.2058e+00  -3.1810e+00  -6.1835e+00  -3.9297e+00  -2.9032e+00  -5.9395e+00

 Columns 9481 through 9486:

  -6.5598e+00  -1.0578e+01  -2.8210e+00  -6.4453e+00  -4.8789e+00  -5.0365e+00

 Columns 9487 through 9492:

  -4.3445e+00  -2.7477e+00  -7.1388e+00  -1.3952e+01  -8.0807e+00  -2.7056e+00

 Columns 9493 through 9498:

  -9.4845e+00  -8.6206e+00  -6.6466e+00  -7.1233e+00  -2.1432e+00  -2.1496e+00

 Columns 9499 through 9504:

  -4.3241e+00  -5.8200e+00  -1.7834e+00  -4.7079e+00  -4.3586e+00  -4.4965e+00

 Columns 9505 through 9510:

  -6.3931e+00  -6.0745e+00  -3.4557e+00  -6.5227e+00  -4.6997e+00  -3.9204e+00

 Columns 9511 through 9516:

  -3.6198e+00  -5.8457e+00  -6.8313e+00  -6.3311e+00  -8.9463e+00  -4.1250e+00

 Columns 9517 through 9522:

  -7.8268e+00  -8.6035e+00  -5.4559e+00  -9.4573e+00  -8.2776e+00  -5.2513e+00

 Columns 9523 through 9528:

  -9.1816e+00  -1.2665e+00  -4.2582e-01  -6.7522e+00  -1.6001e+00  -5.5856e+00

 Columns 9529 through 9534:

  -7.0146e+00  -1.1567e+01  -5.8014e-01  -5.3664e-01  -1.0957e+01  -4.5306e+00

 Columns 9535 through 9540:

  -6.5281e+00  -5.2508e+00  -5.3239e+00  -4.3566e+00  -3.9600e+00  -7.6804e+00

 Columns 9541 through 9546:

  -6.9068e+00  -5.6056e+00  -5.2673e+00  -4.5532e+00  -5.9888e+00  -4.8027e+00

 Columns 9547 through 9552:

  -3.5572e+00  -1.4234e+01  -3.1437e-02  -7.4453e+00  -8.4426e+00  -7.6831e+00

 Columns 9553 through 9558:

  -6.1091e+00  -3.1815e+00  -3.7663e+00  -6.5131e+00  -7.7734e+00  -5.7823e+00

 Columns 9559 through 9564:

  -3.5300e+00  -4.0681e+00  -3.2758e+00  -9.4600e+00  -1.9261e+00  -1.3277e+01

 Columns 9565 through 9570:

  -3.4370e+00  -9.9907e+00  -8.1884e+00  -6.8090e+00  -1.0299e+01  -2.5151e+00

 Columns 9571 through 9576:

  -8.9956e+00  -4.5292e+00  -6.9402e+00  -8.6461e+00  -9.4160e-01  -3.5878e+00

 Columns 9577 through 9582:

  -6.5953e+00  -4.8461e+00  -7.9066e+00  -6.3024e+00  -6.4769e+00  -4.1637e+00

 Columns 9583 through 9588:

  -7.4412e+00  -6.6904e+00  -7.6460e+00  -8.7363e+00  -8.0077e+00  -9.6229e+00

 Columns 9589 through 9594:

   2.4190e-01  -4.0041e+00   3.1173e+00  -5.8353e+00  -8.7455e+00  -2.4811e+00

 Columns 9595 through 9600:

  -5.8984e+00  -1.4055e+01  -4.5771e+00  -5.5263e+00  -7.7052e+00  -5.3733e+00

 Columns 9601 through 9606:

  -4.5424e+00  -2.8577e-02  -3.8168e+00  -7.9564e+00  -3.9275e+00  -4.5188e+00

 Columns 9607 through 9612:

  -2.3319e+00  -3.4876e+00  -6.8120e+00  -1.0195e+01  -8.7347e+00  -4.7185e+00

 Columns 9613 through 9618:

  -3.5607e+00  -8.3107e+00  -2.1170e+00  -3.5268e+00  -7.3609e+00  -9.1399e+00

 Columns 9619 through 9624:

  -4.2422e+00  -1.3287e+01  -3.6099e+00  -7.7951e+00  -7.3651e+00  -5.9299e+00

 Columns 9625 through 9630:

  -6.2813e+00  -2.1310e+00  -2.0991e+00  -5.2477e+00  -2.5072e+00  -6.4431e+00

 Columns 9631 through 9636:

  -7.3534e+00  -3.5777e+00  -5.9085e+00  -5.7136e+00  -1.3527e+01  -5.7786e+00

 Columns 9637 through 9642:

  -4.4454e+00  -3.1340e+00  -4.3471e-01  -4.1639e+00  -4.8062e+00  -6.1179e+00

 Columns 9643 through 9648:

  -5.9110e+00  -5.3059e+00  -7.7728e+00  -4.9759e+00  -5.3854e+00  -2.0441e+00

 Columns 9649 through 9654:

  -3.3140e+00  -1.0753e+01  -6.7572e+00  -3.7762e+00  -7.1683e+00  -6.6959e+00

 Columns 9655 through 9660:

  -5.5001e+00  -2.3968e+00  -1.3864e+01  -7.0390e+00  -4.3929e+00  -5.5079e-01

 Columns 9661 through 9666:

  -6.6544e+00  -4.8795e+00  -1.2071e+01  -6.3605e+00  -9.1920e+00  -8.2079e+00

 Columns 9667 through 9672:

  -5.4670e+00  -8.0488e+00  -3.5034e+00  -7.4789e+00  -8.8668e+00  -1.9996e+00

 Columns 9673 through 9678:

  -4.6526e+00  -6.4976e+00  -3.2400e+00  -6.2601e+00  -1.6663e+00  -8.2213e+00

 Columns 9679 through 9684:

  -1.0745e+01  -8.5605e+00  -9.7306e-01  -6.6190e+00  -5.1861e+00  -1.6878e+00

 Columns 9685 through 9690:

  -4.8591e+00  -2.4354e+00  -8.6463e+00  -7.0352e+00  -4.6480e+00  -2.9835e-01

 Columns 9691 through 9696:

  -6.2838e+00  -1.2350e+01  -2.2298e+00  -1.8051e+00  -3.5380e+00  -1.2897e+01

 Columns 9697 through 9702:

  -7.4637e+00  -9.9724e+00  -6.5037e+00  -2.7362e+00  -5.7189e+00  -4.5396e+00

 Columns 9703 through 9708:

  -8.4266e+00  -6.7455e+00  -1.0661e+01  -7.1285e+00  -7.3687e+00  -2.6408e-02

 Columns 9709 through 9714:

  -4.4919e-01  -7.0847e+00  -6.8644e+00  -7.5641e+00  -8.1639e-01  -7.3774e+00

 Columns 9715 through 9720:

  -1.1199e+01  -4.8941e+00  -4.4680e+00  -4.8251e+00  -6.9365e+00  -9.9795e+00

 Columns 9721 through 9726:

  -5.3282e+00  -3.6287e+00  -4.6449e+00  -2.7474e+00  -6.6707e+00  -8.8004e+00

 Columns 9727 through 9732:

  -6.8721e+00  -8.4958e+00  -9.4718e+00  -7.1900e+00  -7.3833e+00  -8.1491e+00

 Columns 9733 through 9738:

  -1.1024e+01  -4.0802e+00  -1.1077e+01  -1.3506e+00  -4.0743e+00  -1.1183e+01

 Columns 9739 through 9744:

   1.0780e+00  -1.0325e+01  -3.6825e+00  -1.6275e+00  -9.6535e+00  -4.8527e+00

 Columns 9745 through 9750:

  -1.9603e+00  -5.7294e+00  -1.0515e+01  -6.8489e+00  -4.0234e+00  -1.4152e+00

 Columns 9751 through 9756:

   5.8752e+00  -1.1469e+01  -2.4910e+00  -4.9188e+00  -3.1363e+00  -8.5768e+00

 Columns 9757 through 9762:

  -4.0203e+00  -1.4432e+01  -6.4868e+00  -3.5715e+00  -5.2403e+00  -3.1906e+00

 Columns 9763 through 9768:

   3.8032e-01  -8.6713e+00  -2.3613e+00  -2.7738e+00  -3.1960e+00  -7.6605e-01

 Columns 9769 through 9774:

  -6.9113e+00  -6.4667e+00  -7.8907e+00  -1.1114e-01  -5.5907e+00  -7.4518e+00

 Columns 9775 through 9780:

  -3.8951e+00  -9.8710e+00  -5.3125e+00  -4.1160e+00  -3.5556e+00  -3.7161e+00

 Columns 9781 through 9786:

  -1.2617e+01  -1.5804e+00  -4.5492e-01  -3.2939e+00  -1.2564e+00  -1.0059e+01

 Columns 9787 through 9792:

  -8.0984e+00  -7.7102e+00   2.7315e+00  -6.8596e+00  -4.4262e+00  -7.5293e+00

 Columns 9793 through 9798:

  -6.0726e+00  -2.7216e+00  -8.9719e+00  -4.2202e+00  -9.3361e+00  -7.4570e+00

 Columns 9799 through 9804:

  -5.0338e+00  -2.4410e+00  -1.0064e+01  -4.2533e+00  -1.1028e+01  -4.5245e+00

 Columns 9805 through 9810:

  -9.0839e+00  -6.0335e+00  -7.5020e-01  -5.7594e-01  -8.8283e+00  -1.1371e+01

 Columns 9811 through 9816:

  -3.4466e+00  -9.4969e+00  -4.5128e+00  -5.3062e+00  -6.5845e+00  -9.3131e+00

 Columns 9817 through 9822:

  -9.0815e+00  -2.3747e+00  -6.1291e+00  -6.8547e+00  -3.0550e+00  -5.2186e+00

 Columns 9823 through 9828:

  -9.4066e+00  -6.8565e+00  -4.2586e+00  -6.4490e+00  -6.5198e+00  -2.3822e+00

 Columns 9829 through 9834:

  -5.3986e+00  -1.0302e+00  -7.3530e+00  -9.3118e+00  -5.0776e+00  -6.9006e+00

 Columns 9835 through 9840:

  -6.9437e+00  -8.3367e-01  -9.1587e+00  -9.0801e+00  -7.7504e+00  -1.2747e+01

 Columns 9841 through 9846:

  -4.5340e+00  -4.1883e+00  -3.9550e+00  -5.0073e+00  -6.2697e+00  -5.3300e+00

 Columns 9847 through 9852:

  -6.0577e+00  -6.2014e+00  -9.5329e+00  -6.5126e+00  -7.1052e+00  -7.6100e+00

 Columns 9853 through 9858:

  -6.3774e+00  -1.5481e+00  -7.2370e+00  -5.1064e+00  -5.3743e+00  -6.8431e+00

 Columns 9859 through 9864:

  -6.6888e+00  -8.4947e+00  -3.2855e+00  -9.4201e+00  -2.6653e+00  -3.3642e+00

 Columns 9865 through 9870:

  -4.5150e+00  -6.6664e+00  -9.9382e+00  -9.3291e+00  -8.7354e+00  -6.2588e+00

 Columns 9871 through 9876:

  -9.6476e+00  -8.2222e+00  -6.8275e+00  -6.9073e+00   9.0173e-01  -7.4686e+00

 Columns 9877 through 9882:

  -8.9857e+00  -5.3230e+00  -1.0629e+01  -7.8189e+00  -9.2923e+00  -5.8395e+00

 Columns 9883 through 9888:

  -7.3133e+00  -6.7376e+00  -5.0427e+00  -6.6990e+00  -7.5026e+00  -8.0771e+00

 Columns 9889 through 9894:

  -9.0457e+00  -1.1157e+01  -5.9490e+00  -1.0392e+01  -2.0356e+00  -4.9149e+00

 Columns 9895 through 9900:

  -4.7902e+00  -5.1389e+00  -9.4490e+00  -3.1595e-01  -1.5590e+00  -1.0233e+01

 Columns 9901 through 9906:

  -7.3346e+00  -3.8854e+00  -5.9855e+00  -9.2126e+00  -2.2242e+00   1.5145e+00

 Columns 9907 through 9912:

  -9.6107e+00  -3.9841e+00  -4.0265e+00  -8.5829e+00  -3.8049e+00  -6.3391e+00

 Columns 9913 through 9918:

  -7.5092e+00  -2.5744e+00  -9.6603e+00  -8.8001e+00  -7.4180e+00  -6.6546e+00

 Columns 9919 through 9924:

  -7.1015e+00  -6.4547e+00  -1.9843e+00  -8.2508e+00  -5.4697e+00  -1.1842e+01

 Columns 9925 through 9930:

  -1.1771e+01   3.2287e-01  -4.2134e+00  -6.5738e+00  -5.4733e+00  -1.4031e+01

 Columns 9931 through 9936:

  -1.4372e+00  -3.0115e+00  -3.7808e+00  -8.6135e+00  -3.1067e+00  -7.5528e+00

 Columns 9937 through 9942:

  -4.2453e-01  -5.6360e+00  -2.9796e+00  -9.7464e+00  -5.8314e+00  -6.4584e+00

 Columns 9943 through 9948:

  -4.6695e-01  -3.9083e+00  -8.1590e+00  -6.5251e+00  -6.9966e+00  -3.8539e+00

 Columns 9949 through 9954:

  -6.3366e+00  -1.6220e+00  -1.1220e+01  -4.3442e+00  -5.4848e+00  -6.0091e+00

 Columns 9955 through 9960:

  -5.4185e+00  -4.8976e+00  -8.8036e+00  -7.0106e+00  -6.3554e+00  -7.7393e+00

 Columns 9961 through 9966:

  -2.6183e+00  -1.1502e+01  -5.7116e+00  -7.7709e+00  -5.6959e+00  -6.5386e+00

 Columns 9967 through 9972:

  -5.9505e+00  -7.7873e+00  -2.3015e+00  -9.0911e+00  -4.2028e+00  -4.9593e+00

 Columns 9973 through 9978:

  -7.5183e+00  -5.6824e+00  -5.4099e+00  -7.9709e+00  -4.6339e+00  -4.5069e+00

 Columns 9979 through 9984:

  -5.7485e+00  -9.2311e+00  -5.5534e+00  -1.2220e+01  -9.0502e-01  -8.2679e+00

 Columns 9985 through 9990:

  -6.1889e+00  -1.1749e+01  -9.6505e-01  -6.2333e+00  -4.0878e+00  -2.1966e+00

 Columns 9991 through 9996:

  -4.4569e+00  -8.6876e+00  -6.9002e+00  -5.4714e-01  -1.2122e+01  -4.7900e+00

 Columns 9997 through 10000:

  -7.6722e+00  -5.0794e+00  -9.8494e+00  -5.9520e+00

octave:41>
octave:41> hist(w)
octave:42> hist(w, 50)
octave:43>
octave:43> eye(4
> )
ans =

Diagonal Matrix

   1   0   0   0
   0   1   0   0
   0   0   1   0
   0   0   0   1

octave:44> eye(4)
ans =

Diagonal Matrix

   1   0   0   0
   0   1   0   0
   0   0   1   0
   0   0   0   1

octave:45> I = eye(6)
I =

Diagonal Matrix

   1   0   0   0   0   0
   0   1   0   0   0   0
   0   0   1   0   0   0
   0   0   0   1   0   0
   0   0   0   0   1   0
   0   0   0   0   0   1

octave:46>
octave:46>
octave:46> help eye
'eye' is a built-in function from the file libinterp/corefcn/data.cc

 -- eye (N)
 -- eye (M, N)
 -- eye ([M N])
 -- eye (..., CLASS)
     Return an identity matrix.

     If invoked with a single scalar argument N, return a square NxN
     identity matrix.

     If supplied two scalar arguments (M, N), 'eye' takes them to be the
     number of rows and columns.  If given a vector with two elements,
     'eye' uses the values of the elements as the number of rows and
     columns, respectively.  For example:

          eye (3)
           =>  1  0  0
               0  1  0
               0  0  1

     The following expressions all produce the same result:

          eye (2)
          ==
          eye (2, 2)
          ==
          eye (size ([1, 2; 3, 4]))

     The optional argument CLASS, allows 'eye' to return an array of the
     specified type, like

          val = zeros (n,m, "uint8")

     Calling 'eye' with no arguments is equivalent to calling it with an
     argument of 1.  Any negative dimensions are treated as zero.  These
     odd definitions are for compatibility with MATLAB.

     See also: speye, ones, zeros.

Additional help for built-in functions and operators is
available in the online version of the manual.  Use the command
'doc <topic>' to search the manual index.

Help and information about Octave is also available on the WWW
at https://www.octave.org and via the help@octave.org
mailing list.
octave:47> help rand
'rand' is a built-in function from the file libinterp/corefcn/rand.cc

 -- rand (N)
 -- rand (M, N, ...)
 -- rand ([M N ...])
 -- V = rand ("state")
 -- rand ("state", V)
 -- rand ("state", "reset")
 -- V = rand ("seed")
 -- rand ("seed", V)
 -- rand ("seed", "reset")
 -- rand (..., "single")
 -- rand (..., "double")
     Return a matrix with random elements uniformly distributed on the
     interval (0, 1).

     The arguments are handled the same as the arguments for 'eye'.

     You can query the state of the random number generator using the
     form

          v = rand ("state")

     This returns a column vector V of length 625.  Later, you can
     restore the random number generator to the state V using the form

          rand ("state", v)

     You may also initialize the state vector from an arbitrary vector
     of length <= 625 for V.  This new state will be a hash based on the
     value of V, not V itself.

     By default, the generator is initialized by contributing entropy
     from the wall clock time, the CPU time, the current fraction of a
     second, the process ID and--if available--up to 1024 bits from the
     C++ random numbers source 'random_device', which might be
     non-deterministic (implementation specific).  Note that this
     differs from MATLAB, which always initializes the state to the same
     state at startup.  To obtain behavior comparable to MATLAB,
     initialize with a deterministic state vector in Octave's startup
     files (see Startup Files).

     To compute the pseudo-random sequence, 'rand' uses the Mersenne
     Twister with a period of 2^{19937}-1 (See M. Matsumoto and T.
     Nishimura, 'Mersenne Twister: A 623-dimensionally equidistributed
     uniform pseudorandom number generator', ACM Trans. on Modeling and
     Computer Simulation Vol. 8, No. 1, pp. 3-30, January 1998,
     <http://www.math.sci.hiroshima-u.ac.jp/~m-mat/MT/emt.html>).  Do
     *not* use for cryptography without securely hashing several
     returned values together, otherwise the generator state can be
     learned after reading 624 consecutive values.

     Older versions of Octave used a different random number generator.
     The new generator is used by default as it is significantly faster
     than the old generator, and produces random numbers with a
     significantly longer cycle time.  However, in some circumstances it
     might be desirable to obtain the same random sequences as produced
     by the old generators.  To do this the keyword "seed" is used to
     specify that the old generators should be used, as in

          rand ("seed", val)

     which sets the seed of the generator to VAL.  The seed of the
     generator can be queried with

          s = rand ("seed")

     However, it should be noted that querying the seed will not cause
     'rand' to use the old generators, only setting the seed will.  To
     cause 'rand' to once again use the new generators, the keyword
     "state" should be used to reset the state of the 'rand'.

     The state or seed of the generator can be reset to a new random
     value using the "reset" keyword.

     The class of the value returned can be controlled by a trailing
     "double" or "single" argument.  These are the only valid classes.

     See also: randn, rande, randg, randp.

Additional help for built-in functions and operators is
available in the online version of the manual.  Use the command
'doc <topic>' to search the manual index.

Help and information about Octave is also available on the WWW
at https://www.octave.org and via the help@octave.org
mailing list.
octave:48> help help
'help' is a function from the file C:\Program Files\GNU Octave\Octave-7.1.0\mingw64\share\octave\7.1.0\m\help\help.m

 -- help NAME
 -- help --list
 -- help .
 -- help
     Display the help text for NAME.

     For example, the command 'help help' prints a short message
     describing the 'help' command.

     Given the single argument '--list', list all operators, keywords,
     built-in functions, and loadable functions available in the current
     session of Octave.

     Given the single argument '.', list all operators available in the
     current session of Octave.

     If invoked without any arguments, 'help' displays instructions on
     how to access help from the command line.

     The help command can provide information about most operators, but
     NAME must be enclosed by single or double quotes to prevent the
     Octave interpreter from acting on NAME.  For example, 'help "+"'
     displays help on the addition operator.

     See also: doc, lookfor, which, info.

Additional help for built-in functions and operators is
available in the online version of the manual.  Use the command
'doc <topic>' to search the manual index.

Help and information about Octave is also available on the WWW
at https://www.octave.org and via the help@octave.org
mailing list.
octave:49>
